Archive member included to satisfy reference by file (symbol)

/home/aandrelouis/gcc-arm-none-eabi-10.3-2021.10-x86_64-linux/gcc-arm-none-eabi-10.3-2021.10/bin/../lib/gcc/arm-none-eabi/10.3.1/../../../../arm-none-eabi/lib/thumb/v7-m/nofp/libg_nano.a(lib_a-abort.o)
                              gcc/syscalls.o (abort)
/home/aandrelouis/gcc-arm-none-eabi-10.3-2021.10-x86_64-linux/gcc-arm-none-eabi-10.3-2021.10/bin/../lib/gcc/arm-none-eabi/10.3.1/../../../../arm-none-eabi/lib/thumb/v7-m/nofp/libg_nano.a(lib_a-memset.o)
                              gcc/lcd.o (memset)
/home/aandrelouis/gcc-arm-none-eabi-10.3-2021.10-x86_64-linux/gcc-arm-none-eabi-10.3-2021.10/bin/../lib/gcc/arm-none-eabi/10.3.1/../../../../arm-none-eabi/lib/thumb/v7-m/nofp/libg_nano.a(lib_a-reent.o)
                              gcc/syscalls.o (errno)
/home/aandrelouis/gcc-arm-none-eabi-10.3-2021.10-x86_64-linux/gcc-arm-none-eabi-10.3-2021.10/bin/../lib/gcc/arm-none-eabi/10.3.1/../../../../arm-none-eabi/lib/thumb/v7-m/nofp/libg_nano.a(lib_a-signal.o)
                              /home/aandrelouis/gcc-arm-none-eabi-10.3-2021.10-x86_64-linux/gcc-arm-none-eabi-10.3-2021.10/bin/../lib/gcc/arm-none-eabi/10.3.1/../../../../arm-none-eabi/lib/thumb/v7-m/nofp/libg_nano.a(lib_a-abort.o) (raise)
/home/aandrelouis/gcc-arm-none-eabi-10.3-2021.10-x86_64-linux/gcc-arm-none-eabi-10.3-2021.10/bin/../lib/gcc/arm-none-eabi/10.3.1/../../../../arm-none-eabi/lib/thumb/v7-m/nofp/libg_nano.a(lib_a-signalr.o)
                              /home/aandrelouis/gcc-arm-none-eabi-10.3-2021.10-x86_64-linux/gcc-arm-none-eabi-10.3-2021.10/bin/../lib/gcc/arm-none-eabi/10.3.1/../../../../arm-none-eabi/lib/thumb/v7-m/nofp/libg_nano.a(lib_a-signal.o) (_kill_r)
/home/aandrelouis/gcc-arm-none-eabi-10.3-2021.10-x86_64-linux/gcc-arm-none-eabi-10.3-2021.10/bin/../lib/gcc/arm-none-eabi/10.3.1/../../../../arm-none-eabi/lib/thumb/v7-m/nofp/libg_nano.a(lib_a-sprintf.o)
                              gcc/main.o (sprintf)
/home/aandrelouis/gcc-arm-none-eabi-10.3-2021.10-x86_64-linux/gcc-arm-none-eabi-10.3-2021.10/bin/../lib/gcc/arm-none-eabi/10.3.1/../../../../arm-none-eabi/lib/thumb/v7-m/nofp/libg_nano.a(lib_a-impure.o)
                              /home/aandrelouis/gcc-arm-none-eabi-10.3-2021.10-x86_64-linux/gcc-arm-none-eabi-10.3-2021.10/bin/../lib/gcc/arm-none-eabi/10.3.1/../../../../arm-none-eabi/lib/thumb/v7-m/nofp/libg_nano.a(lib_a-reent.o) (_impure_ptr)
/home/aandrelouis/gcc-arm-none-eabi-10.3-2021.10-x86_64-linux/gcc-arm-none-eabi-10.3-2021.10/bin/../lib/gcc/arm-none-eabi/10.3.1/../../../../arm-none-eabi/lib/thumb/v7-m/nofp/libg_nano.a(lib_a-nano-freer.o)
                              /home/aandrelouis/gcc-arm-none-eabi-10.3-2021.10-x86_64-linux/gcc-arm-none-eabi-10.3-2021.10/bin/../lib/gcc/arm-none-eabi/10.3.1/../../../../arm-none-eabi/lib/thumb/v7-m/nofp/libg_nano.a(lib_a-reent.o) (_free_r)
/home/aandrelouis/gcc-arm-none-eabi-10.3-2021.10-x86_64-linux/gcc-arm-none-eabi-10.3-2021.10/bin/../lib/gcc/arm-none-eabi/10.3.1/../../../../arm-none-eabi/lib/thumb/v7-m/nofp/libg_nano.a(lib_a-nano-mallocr.o)
                              /home/aandrelouis/gcc-arm-none-eabi-10.3-2021.10-x86_64-linux/gcc-arm-none-eabi-10.3-2021.10/bin/../lib/gcc/arm-none-eabi/10.3.1/../../../../arm-none-eabi/lib/thumb/v7-m/nofp/libg_nano.a(lib_a-signal.o) (_malloc_r)
/home/aandrelouis/gcc-arm-none-eabi-10.3-2021.10-x86_64-linux/gcc-arm-none-eabi-10.3-2021.10/bin/../lib/gcc/arm-none-eabi/10.3.1/../../../../arm-none-eabi/lib/thumb/v7-m/nofp/libg_nano.a(lib_a-nano-svfprintf.o)
                              /home/aandrelouis/gcc-arm-none-eabi-10.3-2021.10-x86_64-linux/gcc-arm-none-eabi-10.3-2021.10/bin/../lib/gcc/arm-none-eabi/10.3.1/../../../../arm-none-eabi/lib/thumb/v7-m/nofp/libg_nano.a(lib_a-sprintf.o) (_svfprintf_r)
/home/aandrelouis/gcc-arm-none-eabi-10.3-2021.10-x86_64-linux/gcc-arm-none-eabi-10.3-2021.10/bin/../lib/gcc/arm-none-eabi/10.3.1/../../../../arm-none-eabi/lib/thumb/v7-m/nofp/libg_nano.a(lib_a-nano-vfprintf_i.o)
                              /home/aandrelouis/gcc-arm-none-eabi-10.3-2021.10-x86_64-linux/gcc-arm-none-eabi-10.3-2021.10/bin/../lib/gcc/arm-none-eabi/10.3.1/../../../../arm-none-eabi/lib/thumb/v7-m/nofp/libg_nano.a(lib_a-nano-svfprintf.o) (_printf_i)
/home/aandrelouis/gcc-arm-none-eabi-10.3-2021.10-x86_64-linux/gcc-arm-none-eabi-10.3-2021.10/bin/../lib/gcc/arm-none-eabi/10.3.1/../../../../arm-none-eabi/lib/thumb/v7-m/nofp/libg_nano.a(lib_a-sbrkr.o)
                              /home/aandrelouis/gcc-arm-none-eabi-10.3-2021.10-x86_64-linux/gcc-arm-none-eabi-10.3-2021.10/bin/../lib/gcc/arm-none-eabi/10.3.1/../../../../arm-none-eabi/lib/thumb/v7-m/nofp/libg_nano.a(lib_a-nano-mallocr.o) (_sbrk_r)
/home/aandrelouis/gcc-arm-none-eabi-10.3-2021.10-x86_64-linux/gcc-arm-none-eabi-10.3-2021.10/bin/../lib/gcc/arm-none-eabi/10.3.1/../../../../arm-none-eabi/lib/thumb/v7-m/nofp/libg_nano.a(lib_a-memchr-stub.o)
                              /home/aandrelouis/gcc-arm-none-eabi-10.3-2021.10-x86_64-linux/gcc-arm-none-eabi-10.3-2021.10/bin/../lib/gcc/arm-none-eabi/10.3.1/../../../../arm-none-eabi/lib/thumb/v7-m/nofp/libg_nano.a(lib_a-nano-svfprintf.o) (memchr)
/home/aandrelouis/gcc-arm-none-eabi-10.3-2021.10-x86_64-linux/gcc-arm-none-eabi-10.3-2021.10/bin/../lib/gcc/arm-none-eabi/10.3.1/../../../../arm-none-eabi/lib/thumb/v7-m/nofp/libg_nano.a(lib_a-memcpy-stub.o)
                              /home/aandrelouis/gcc-arm-none-eabi-10.3-2021.10-x86_64-linux/gcc-arm-none-eabi-10.3-2021.10/bin/../lib/gcc/arm-none-eabi/10.3.1/../../../../arm-none-eabi/lib/thumb/v7-m/nofp/libg_nano.a(lib_a-nano-svfprintf.o) (memcpy)
/home/aandrelouis/gcc-arm-none-eabi-10.3-2021.10-x86_64-linux/gcc-arm-none-eabi-10.3-2021.10/bin/../lib/gcc/arm-none-eabi/10.3.1/../../../../arm-none-eabi/lib/thumb/v7-m/nofp/libg_nano.a(lib_a-memmove.o)
                              /home/aandrelouis/gcc-arm-none-eabi-10.3-2021.10-x86_64-linux/gcc-arm-none-eabi-10.3-2021.10/bin/../lib/gcc/arm-none-eabi/10.3.1/../../../../arm-none-eabi/lib/thumb/v7-m/nofp/libg_nano.a(lib_a-nano-svfprintf.o) (memmove)
/home/aandrelouis/gcc-arm-none-eabi-10.3-2021.10-x86_64-linux/gcc-arm-none-eabi-10.3-2021.10/bin/../lib/gcc/arm-none-eabi/10.3.1/../../../../arm-none-eabi/lib/thumb/v7-m/nofp/libg_nano.a(lib_a-mlock.o)
                              /home/aandrelouis/gcc-arm-none-eabi-10.3-2021.10-x86_64-linux/gcc-arm-none-eabi-10.3-2021.10/bin/../lib/gcc/arm-none-eabi/10.3.1/../../../../arm-none-eabi/lib/thumb/v7-m/nofp/libg_nano.a(lib_a-nano-freer.o) (__malloc_lock)
/home/aandrelouis/gcc-arm-none-eabi-10.3-2021.10-x86_64-linux/gcc-arm-none-eabi-10.3-2021.10/bin/../lib/gcc/arm-none-eabi/10.3.1/../../../../arm-none-eabi/lib/thumb/v7-m/nofp/libg_nano.a(lib_a-nano-reallocr.o)
                              /home/aandrelouis/gcc-arm-none-eabi-10.3-2021.10-x86_64-linux/gcc-arm-none-eabi-10.3-2021.10/bin/../lib/gcc/arm-none-eabi/10.3.1/../../../../arm-none-eabi/lib/thumb/v7-m/nofp/libg_nano.a(lib_a-nano-svfprintf.o) (_realloc_r)
/home/aandrelouis/gcc-arm-none-eabi-10.3-2021.10-x86_64-linux/gcc-arm-none-eabi-10.3-2021.10/bin/../lib/gcc/arm-none-eabi/10.3.1/../../../../arm-none-eabi/lib/thumb/v7-m/nofp/libg_nano.a(lib_a-lock.o)
                              /home/aandrelouis/gcc-arm-none-eabi-10.3-2021.10-x86_64-linux/gcc-arm-none-eabi-10.3-2021.10/bin/../lib/gcc/arm-none-eabi/10.3.1/../../../../arm-none-eabi/lib/thumb/v7-m/nofp/libg_nano.a(lib_a-mlock.o) (__retarget_lock_acquire_recursive)
/home/aandrelouis/gcc-arm-none-eabi-10.3-2021.10-x86_64-linux/gcc-arm-none-eabi-10.3-2021.10/bin/../lib/gcc/arm-none-eabi/10.3.1/../../../../arm-none-eabi/lib/thumb/v7-m/nofp/libg_nano.a(lib_a-nano-msizer.o)
                              /home/aandrelouis/gcc-arm-none-eabi-10.3-2021.10-x86_64-linux/gcc-arm-none-eabi-10.3-2021.10/bin/../lib/gcc/arm-none-eabi/10.3.1/../../../../arm-none-eabi/lib/thumb/v7-m/nofp/libg_nano.a(lib_a-nano-reallocr.o) (_malloc_usable_size_r)

Discarded input sections

 .text          0x0000000000000000        0x0 gcc/syscalls.o
 .data          0x0000000000000000        0x0 gcc/syscalls.o
 .bss           0x0000000000000000        0x0 gcc/syscalls.o
 .text.SerialRead
                0x0000000000000000       0x1c gcc/syscalls.o
 .text.SerialFlush
                0x0000000000000000       0x1c gcc/syscalls.o
 .text.tty_read_un
                0x0000000000000000       0x5c gcc/syscalls.o
 .text.tty_read_lb
                0x0000000000000000       0xcc gcc/syscalls.o
 .text._close   0x0000000000000000       0x16 gcc/syscalls.o
 .bss.__env     0x0000000000000000        0x4 gcc/syscalls.o
 .data.environ  0x0000000000000000        0x4 gcc/syscalls.o
 .text._execve  0x0000000000000000       0x24 gcc/syscalls.o
 .text._fork    0x0000000000000000       0x1c gcc/syscalls.o
 .text._fstat   0x0000000000000000       0x1e gcc/syscalls.o
 .text._isatty  0x0000000000000000       0x14 gcc/syscalls.o
 .text._link    0x0000000000000000       0x24 gcc/syscalls.o
 .text._lseek   0x0000000000000000       0x18 gcc/syscalls.o
 .text._open    0x0000000000000000       0x1a gcc/syscalls.o
 .text._read    0x0000000000000000       0x40 gcc/syscalls.o
 .text._stat    0x0000000000000000       0x1e gcc/syscalls.o
 .text._times   0x0000000000000000       0x16 gcc/syscalls.o
 .text._unlink  0x0000000000000000       0x20 gcc/syscalls.o
 .text._wait    0x0000000000000000       0x20 gcc/syscalls.o
 .text          0x0000000000000000        0x0 gcc/uart2.o
 .data          0x0000000000000000        0x0 gcc/uart2.o
 .bss           0x0000000000000000        0x0 gcc/uart2.o
 .rodata.BAUD   0x0000000000000000        0x4 gcc/uart2.o
 .rodata.GPIOE  0x0000000000000000        0x4 gcc/uart2.o
 .rodata.GPIOF  0x0000000000000000        0x4 gcc/uart2.o
 .bss.obuffarea1
                0x0000000000000000       0x74 gcc/uart2.o
 .text.UART_GetStatus
                0x0000000000000000       0x1a gcc/uart2.o
 .text.UART_SendString
                0x0000000000000000       0x2e gcc/uart2.o
 .text.UART_GetCharNoWait
                0x0000000000000000       0x80 gcc/uart2.o
 .text.UART_GetChar
                0x0000000000000000       0x7c gcc/uart2.o
 .text.UART_EnableInterrupts
                0x0000000000000000       0x40 gcc/uart2.o
 .text.UART_DisableInterrupts
                0x0000000000000000       0x40 gcc/uart2.o
 .text.UART_PutCharPolling
                0x0000000000000000       0x2a gcc/uart2.o
 .text.UART_Flush
                0x0000000000000000       0xd4 gcc/uart2.o
 .text          0x0000000000000000        0x0 gcc/goes.o
 .data          0x0000000000000000        0x0 gcc/goes.o
 .bss           0x0000000000000000        0x0 gcc/goes.o
 .debug_line    0x0000000000000000        0x0 gcc/goes.o
 .debug_str     0x0000000000000000       0xb7 gcc/goes.o
 .comment       0x0000000000000000       0x4a gcc/goes.o
 .ARM.attributes
                0x0000000000000000       0x2d gcc/goes.o
 .text          0x0000000000000000        0x0 gcc/pwm.o
 .data          0x0000000000000000        0x0 gcc/pwm.o
 .bss           0x0000000000000000        0x0 gcc/pwm.o
 .rodata.GPIOA  0x0000000000000000        0x4 gcc/pwm.o
 .rodata.GPIOB  0x0000000000000000        0x4 gcc/pwm.o
 .rodata.GPIOC  0x0000000000000000        0x4 gcc/pwm.o
 .rodata.GPIOD  0x0000000000000000        0x4 gcc/pwm.o
 .rodata.GPIOE  0x0000000000000000        0x4 gcc/pwm.o
 .rodata.GPIOF  0x0000000000000000        0x4 gcc/pwm.o
 .rodata.GPIO_MODE_DISABLE
                0x0000000000000000        0x4 gcc/pwm.o
 .rodata.GPIO_MODE_INPUT
                0x0000000000000000        0x4 gcc/pwm.o
 .rodata.GPIO_MODE_INPUTPULL
                0x0000000000000000        0x4 gcc/pwm.o
 .rodata.GPIO_MODE_INPUTPULLFILTER
                0x0000000000000000        0x4 gcc/pwm.o
 .rodata.GPIO_MODE_PUSHPULL
                0x0000000000000000        0x4 gcc/pwm.o
 .rodata.GPIO_MODE_PUSHPULLDRIVE
                0x0000000000000000        0x4 gcc/pwm.o
 .rodata.GPIO_MODE_WIREDOR
                0x0000000000000000        0x4 gcc/pwm.o
 .rodata.GPIO_MODE_WIREDORPULLDOWN
                0x0000000000000000        0x4 gcc/pwm.o
 .rodata.GPIO_MODE_WIREDAND
                0x0000000000000000        0x4 gcc/pwm.o
 .rodata.GPIO_MODE_WIREDANDFILTER
                0x0000000000000000        0x4 gcc/pwm.o
 .rodata.GPIO_MODE_WIREDANDPULLUP
                0x0000000000000000        0x4 gcc/pwm.o
 .rodata.GPIO_MODE_WIREDANDPULLUPFILTER
                0x0000000000000000        0x4 gcc/pwm.o
 .rodata.GPIO_MODE_WIREDANDDRIVE
                0x0000000000000000        0x4 gcc/pwm.o
 .rodata.GPIO_MODE_WIREDANDDRIVEFILTER
                0x0000000000000000        0x4 gcc/pwm.o
 .rodata.GPIO_MODE_WIREDANDDRIVEPULLUP
                0x0000000000000000        0x4 gcc/pwm.o
 .rodata.GPIO_MODE_WIREDANDDRIVEPULLUPFILTER
                0x0000000000000000        0x4 gcc/pwm.o
 .text.PWM_Read
                0x0000000000000000       0x26 gcc/pwm.o
 .text          0x0000000000000000        0x0 gcc/buffer.o
 .data          0x0000000000000000        0x0 gcc/buffer.o
 .bss           0x0000000000000000        0x0 gcc/buffer.o
 .text.buffer_clear
                0x0000000000000000       0x2a gcc/buffer.o
 .text          0x0000000000000000        0x0 gcc/system_efm32gg.o
 .data          0x0000000000000000        0x0 gcc/system_efm32gg.o
 .bss           0x0000000000000000        0x0 gcc/system_efm32gg.o
 .text.SystemMaxCoreClockGet
                0x0000000000000000       0x14 gcc/system_efm32gg.o
 .text.SystemHFXOClockGet
                0x0000000000000000       0x14 gcc/system_efm32gg.o
 .text.SystemHFXOClockSet
                0x0000000000000000       0x30 gcc/system_efm32gg.o
 .text.SystemLFRCOClockGet
                0x0000000000000000       0x10 gcc/system_efm32gg.o
 .text.SystemULFRCOClockGet
                0x0000000000000000       0x10 gcc/system_efm32gg.o
 .text.SystemLFXOClockGet
                0x0000000000000000       0x14 gcc/system_efm32gg.o
 .text.SystemLFXOClockSet
                0x0000000000000000       0x30 gcc/system_efm32gg.o
 .text          0x0000000000000000        0x0 gcc/main.o
 .data          0x0000000000000000        0x0 gcc/main.o
 .bss           0x0000000000000000        0x0 gcc/main.o
 .rodata.GPIOA  0x0000000000000000        0x4 gcc/main.o
 .rodata.GPIOB  0x0000000000000000        0x4 gcc/main.o
 .rodata.GPIOC  0x0000000000000000        0x4 gcc/main.o
 .rodata.GPIOD  0x0000000000000000        0x4 gcc/main.o
 .rodata.GPIOE  0x0000000000000000        0x4 gcc/main.o
 .rodata.GPIOF  0x0000000000000000        0x4 gcc/main.o
 .rodata.GPIO_MODE_DISABLE
                0x0000000000000000        0x4 gcc/main.o
 .rodata.GPIO_MODE_INPUT
                0x0000000000000000        0x4 gcc/main.o
 .rodata.GPIO_MODE_INPUTPULL
                0x0000000000000000        0x4 gcc/main.o
 .rodata.GPIO_MODE_INPUTPULLFILTER
                0x0000000000000000        0x4 gcc/main.o
 .rodata.GPIO_MODE_PUSHPULL
                0x0000000000000000        0x4 gcc/main.o
 .rodata.GPIO_MODE_PUSHPULLDRIVE
                0x0000000000000000        0x4 gcc/main.o
 .rodata.GPIO_MODE_WIREDOR
                0x0000000000000000        0x4 gcc/main.o
 .rodata.GPIO_MODE_WIREDORPULLDOWN
                0x0000000000000000        0x4 gcc/main.o
 .rodata.GPIO_MODE_WIREDAND
                0x0000000000000000        0x4 gcc/main.o
 .rodata.GPIO_MODE_WIREDANDFILTER
                0x0000000000000000        0x4 gcc/main.o
 .rodata.GPIO_MODE_WIREDANDPULLUP
                0x0000000000000000        0x4 gcc/main.o
 .rodata.GPIO_MODE_WIREDANDPULLUPFILTER
                0x0000000000000000        0x4 gcc/main.o
 .rodata.GPIO_MODE_WIREDANDDRIVE
                0x0000000000000000        0x4 gcc/main.o
 .rodata.GPIO_MODE_WIREDANDDRIVEFILTER
                0x0000000000000000        0x4 gcc/main.o
 .rodata.GPIO_MODE_WIREDANDDRIVEPULLUP
                0x0000000000000000        0x4 gcc/main.o
 .rodata.GPIO_MODE_WIREDANDDRIVEPULLUPFILTER
                0x0000000000000000        0x4 gcc/main.o
 .text          0x0000000000000000        0x0 gcc/led.o
 .data          0x0000000000000000        0x0 gcc/led.o
 .bss           0x0000000000000000        0x0 gcc/led.o
 .rodata.GPIOE  0x0000000000000000        0x4 gcc/led.o
 .text.LED_Init
                0x0000000000000000       0x7c gcc/led.o
 .text.LED_On   0x0000000000000000       0x24 gcc/led.o
 .text.LED_Off  0x0000000000000000       0x24 gcc/led.o
 .text.LED_Toggle
                0x0000000000000000       0x24 gcc/led.o
 .text          0x0000000000000000        0x0 gcc/startup_efm32gg.o
 .data          0x0000000000000000        0x0 gcc/startup_efm32gg.o
 .bss           0x0000000000000000        0x0 gcc/startup_efm32gg.o
 .text.SystemInit
                0x0000000000000000        0xc gcc/startup_efm32gg.o
 .text._main    0x0000000000000000        0xc gcc/startup_efm32gg.o
 .text          0x0000000000000000        0x0 gcc/clock_efm32gg2.o
 .data          0x0000000000000000        0x0 gcc/clock_efm32gg2.o
 .bss           0x0000000000000000        0x0 gcc/clock_efm32gg2.o
 .text.ClockSetPrescalers
                0x0000000000000000      0x11c gcc/clock_efm32gg2.o
 .text.ClockSetLFCLKA
                0x0000000000000000      0x12c gcc/clock_efm32gg2.o
 .text.ClockSetLFCLKB
                0x0000000000000000      0x12c gcc/clock_efm32gg2.o
 .text          0x0000000000000000        0x0 gcc/lcd.o
 .data          0x0000000000000000        0x0 gcc/lcd.o
 .bss           0x0000000000000000        0x0 gcc/lcd.o
 .rodata.tablcdspecial
                0x0000000000000000       0x44 gcc/lcd.o
 .text.LCD_WriteAlphanumericDisplay
                0x0000000000000000       0x4e gcc/lcd.o
 .text.LCD_WriteNumericDisplay
                0x0000000000000000       0x4e gcc/lcd.o
 .text.LCD_WriteSegmentMask
                0x0000000000000000       0x9c gcc/lcd.o
 .text.LCD_WriteSegment2
                0x0000000000000000       0x48 gcc/lcd.o
 .text.LCD_WriteSegment
                0x0000000000000000       0x3c gcc/lcd.o
 .text.LCD_WriteSpecial
                0x0000000000000000      0x25c gcc/lcd.o
 .text.LCD_Freeze
                0x0000000000000000       0x1c gcc/lcd.o
 .text.LCD_Unfreeze
                0x0000000000000000       0x1c gcc/lcd.o
 .text          0x0000000000000000        0x0 gcc/temperature.o
 .data          0x0000000000000000        0x0 gcc/temperature.o
 .bss           0x0000000000000000        0x0 gcc/temperature.o
 .bss.caltemp   0x0000000000000000        0x4 gcc/temperature.o
 .bss.caltempread
                0x0000000000000000        0x4 gcc/temperature.o
 .data.adcthu_num
                0x0000000000000000        0x4 gcc/temperature.o
 .data.adcthu_den
                0x0000000000000000        0x4 gcc/temperature.o
 .text.GetCalibrationValues
                0x0000000000000000       0x34 gcc/temperature.o
 .text.Temperature_Init
                0x0000000000000000       0x1c gcc/temperature.o
 .text.Temperature_GetRawReading
                0x0000000000000000       0x18 gcc/temperature.o
 .text.Temperature_GetUncalibratedValue
                0x0000000000000000       0x3c gcc/temperature.o
 .text.Temperature_GetCalibratedValue
                0x0000000000000000       0x48 gcc/temperature.o
 .debug_info    0x0000000000000000      0x2b2 gcc/temperature.o
 .debug_abbrev  0x0000000000000000       0xf3 gcc/temperature.o
 .debug_aranges
                0x0000000000000000       0x40 gcc/temperature.o
 .debug_ranges  0x0000000000000000       0x30 gcc/temperature.o
 .debug_line    0x0000000000000000      0x260 gcc/temperature.o
 .debug_str     0x0000000000000000      0x2c2 gcc/temperature.o
 .comment       0x0000000000000000       0x4a gcc/temperature.o
 .debug_frame   0x0000000000000000       0xc0 gcc/temperature.o
 .ARM.attributes
                0x0000000000000000       0x2d gcc/temperature.o
 .text          0x0000000000000000        0x0 gcc/gpio.o
 .data          0x0000000000000000        0x0 gcc/gpio.o
 .bss           0x0000000000000000        0x0 gcc/gpio.o
 .rodata.GPIOA  0x0000000000000000        0x4 gcc/gpio.o
 .rodata.GPIOB  0x0000000000000000        0x4 gcc/gpio.o
 .rodata.GPIOC  0x0000000000000000        0x4 gcc/gpio.o
 .rodata.GPIOD  0x0000000000000000        0x4 gcc/gpio.o
 .rodata.GPIOE  0x0000000000000000        0x4 gcc/gpio.o
 .rodata.GPIOF  0x0000000000000000        0x4 gcc/gpio.o
 .rodata.GPIO_MODE_DISABLE
                0x0000000000000000        0x4 gcc/gpio.o
 .rodata.GPIO_MODE_INPUT
                0x0000000000000000        0x4 gcc/gpio.o
 .rodata.GPIO_MODE_INPUTPULL
                0x0000000000000000        0x4 gcc/gpio.o
 .rodata.GPIO_MODE_INPUTPULLFILTER
                0x0000000000000000        0x4 gcc/gpio.o
 .rodata.GPIO_MODE_PUSHPULL
                0x0000000000000000        0x4 gcc/gpio.o
 .rodata.GPIO_MODE_PUSHPULLDRIVE
                0x0000000000000000        0x4 gcc/gpio.o
 .rodata.GPIO_MODE_WIREDOR
                0x0000000000000000        0x4 gcc/gpio.o
 .rodata.GPIO_MODE_WIREDORPULLDOWN
                0x0000000000000000        0x4 gcc/gpio.o
 .rodata.GPIO_MODE_WIREDAND
                0x0000000000000000        0x4 gcc/gpio.o
 .rodata.GPIO_MODE_WIREDANDFILTER
                0x0000000000000000        0x4 gcc/gpio.o
 .rodata.GPIO_MODE_WIREDANDPULLUP
                0x0000000000000000        0x4 gcc/gpio.o
 .rodata.GPIO_MODE_WIREDANDPULLUPFILTER
                0x0000000000000000        0x4 gcc/gpio.o
 .rodata.GPIO_MODE_WIREDANDDRIVE
                0x0000000000000000        0x4 gcc/gpio.o
 .rodata.GPIO_MODE_WIREDANDDRIVEFILTER
                0x0000000000000000        0x4 gcc/gpio.o
 .rodata.GPIO_MODE_WIREDANDDRIVEPULLUP
                0x0000000000000000        0x4 gcc/gpio.o
 .rodata.GPIO_MODE_WIREDANDDRIVEPULLUPFILTER
                0x0000000000000000        0x4 gcc/gpio.o
 .text          0x0000000000000000        0x0 gcc/adc.o
 .data          0x0000000000000000        0x0 gcc/adc.o
 .bss           0x0000000000000000        0x0 gcc/adc.o
 .text          0x0000000000000000        0x0 /home/aandrelouis/gcc-arm-none-eabi-10.3-2021.10-x86_64-linux/gcc-arm-none-eabi-10.3-2021.10/bin/../lib/gcc/arm-none-eabi/10.3.1/../../../../arm-none-eabi/lib/thumb/v7-m/nofp/libg_nano.a(lib_a-abort.o)
 .data          0x0000000000000000        0x0 /home/aandrelouis/gcc-arm-none-eabi-10.3-2021.10-x86_64-linux/gcc-arm-none-eabi-10.3-2021.10/bin/../lib/gcc/arm-none-eabi/10.3.1/../../../../arm-none-eabi/lib/thumb/v7-m/nofp/libg_nano.a(lib_a-abort.o)
 .bss           0x0000000000000000        0x0 /home/aandrelouis/gcc-arm-none-eabi-10.3-2021.10-x86_64-linux/gcc-arm-none-eabi-10.3-2021.10/bin/../lib/gcc/arm-none-eabi/10.3.1/../../../../arm-none-eabi/lib/thumb/v7-m/nofp/libg_nano.a(lib_a-abort.o)
 .text          0x0000000000000000        0x0 /home/aandrelouis/gcc-arm-none-eabi-10.3-2021.10-x86_64-linux/gcc-arm-none-eabi-10.3-2021.10/bin/../lib/gcc/arm-none-eabi/10.3.1/../../../../arm-none-eabi/lib/thumb/v7-m/nofp/libg_nano.a(lib_a-memset.o)
 .data          0x0000000000000000        0x0 /home/aandrelouis/gcc-arm-none-eabi-10.3-2021.10-x86_64-linux/gcc-arm-none-eabi-10.3-2021.10/bin/../lib/gcc/arm-none-eabi/10.3.1/../../../../arm-none-eabi/lib/thumb/v7-m/nofp/libg_nano.a(lib_a-memset.o)
 .bss           0x0000000000000000        0x0 /home/aandrelouis/gcc-arm-none-eabi-10.3-2021.10-x86_64-linux/gcc-arm-none-eabi-10.3-2021.10/bin/../lib/gcc/arm-none-eabi/10.3.1/../../../../arm-none-eabi/lib/thumb/v7-m/nofp/libg_nano.a(lib_a-memset.o)
 .text          0x0000000000000000        0x0 /home/aandrelouis/gcc-arm-none-eabi-10.3-2021.10-x86_64-linux/gcc-arm-none-eabi-10.3-2021.10/bin/../lib/gcc/arm-none-eabi/10.3.1/../../../../arm-none-eabi/lib/thumb/v7-m/nofp/libg_nano.a(lib_a-reent.o)
 .data          0x0000000000000000        0x0 /home/aandrelouis/gcc-arm-none-eabi-10.3-2021.10-x86_64-linux/gcc-arm-none-eabi-10.3-2021.10/bin/../lib/gcc/arm-none-eabi/10.3.1/../../../../arm-none-eabi/lib/thumb/v7-m/nofp/libg_nano.a(lib_a-reent.o)
 .bss           0x0000000000000000        0x0 /home/aandrelouis/gcc-arm-none-eabi-10.3-2021.10-x86_64-linux/gcc-arm-none-eabi-10.3-2021.10/bin/../lib/gcc/arm-none-eabi/10.3.1/../../../../arm-none-eabi/lib/thumb/v7-m/nofp/libg_nano.a(lib_a-reent.o)
 .text.cleanup_glue
                0x0000000000000000       0x1a /home/aandrelouis/gcc-arm-none-eabi-10.3-2021.10-x86_64-linux/gcc-arm-none-eabi-10.3-2021.10/bin/../lib/gcc/arm-none-eabi/10.3.1/../../../../arm-none-eabi/lib/thumb/v7-m/nofp/libg_nano.a(lib_a-reent.o)
 .text._reclaim_reent
                0x0000000000000000       0xb8 /home/aandrelouis/gcc-arm-none-eabi-10.3-2021.10-x86_64-linux/gcc-arm-none-eabi-10.3-2021.10/bin/../lib/gcc/arm-none-eabi/10.3.1/../../../../arm-none-eabi/lib/thumb/v7-m/nofp/libg_nano.a(lib_a-reent.o)
 .text          0x0000000000000000        0x0 /home/aandrelouis/gcc-arm-none-eabi-10.3-2021.10-x86_64-linux/gcc-arm-none-eabi-10.3-2021.10/bin/../lib/gcc/arm-none-eabi/10.3.1/../../../../arm-none-eabi/lib/thumb/v7-m/nofp/libg_nano.a(lib_a-signal.o)
 .data          0x0000000000000000        0x0 /home/aandrelouis/gcc-arm-none-eabi-10.3-2021.10-x86_64-linux/gcc-arm-none-eabi-10.3-2021.10/bin/../lib/gcc/arm-none-eabi/10.3.1/../../../../arm-none-eabi/lib/thumb/v7-m/nofp/libg_nano.a(lib_a-signal.o)
 .bss           0x0000000000000000        0x0 /home/aandrelouis/gcc-arm-none-eabi-10.3-2021.10-x86_64-linux/gcc-arm-none-eabi-10.3-2021.10/bin/../lib/gcc/arm-none-eabi/10.3.1/../../../../arm-none-eabi/lib/thumb/v7-m/nofp/libg_nano.a(lib_a-signal.o)
 .text._init_signal_r
                0x0000000000000000       0x28 /home/aandrelouis/gcc-arm-none-eabi-10.3-2021.10-x86_64-linux/gcc-arm-none-eabi-10.3-2021.10/bin/../lib/gcc/arm-none-eabi/10.3.1/../../../../arm-none-eabi/lib/thumb/v7-m/nofp/libg_nano.a(lib_a-signal.o)
 .text._signal_r
                0x0000000000000000       0x30 /home/aandrelouis/gcc-arm-none-eabi-10.3-2021.10-x86_64-linux/gcc-arm-none-eabi-10.3-2021.10/bin/../lib/gcc/arm-none-eabi/10.3.1/../../../../arm-none-eabi/lib/thumb/v7-m/nofp/libg_nano.a(lib_a-signal.o)
 .text.__sigtramp_r
                0x0000000000000000       0x48 /home/aandrelouis/gcc-arm-none-eabi-10.3-2021.10-x86_64-linux/gcc-arm-none-eabi-10.3-2021.10/bin/../lib/gcc/arm-none-eabi/10.3.1/../../../../arm-none-eabi/lib/thumb/v7-m/nofp/libg_nano.a(lib_a-signal.o)
 .text.signal   0x0000000000000000       0x10 /home/aandrelouis/gcc-arm-none-eabi-10.3-2021.10-x86_64-linux/gcc-arm-none-eabi-10.3-2021.10/bin/../lib/gcc/arm-none-eabi/10.3.1/../../../../arm-none-eabi/lib/thumb/v7-m/nofp/libg_nano.a(lib_a-signal.o)
 .text._init_signal
                0x0000000000000000        0xc /home/aandrelouis/gcc-arm-none-eabi-10.3-2021.10-x86_64-linux/gcc-arm-none-eabi-10.3-2021.10/bin/../lib/gcc/arm-none-eabi/10.3.1/../../../../arm-none-eabi/lib/thumb/v7-m/nofp/libg_nano.a(lib_a-signal.o)
 .text.__sigtramp
                0x0000000000000000       0x10 /home/aandrelouis/gcc-arm-none-eabi-10.3-2021.10-x86_64-linux/gcc-arm-none-eabi-10.3-2021.10/bin/../lib/gcc/arm-none-eabi/10.3.1/../../../../arm-none-eabi/lib/thumb/v7-m/nofp/libg_nano.a(lib_a-signal.o)
 .text          0x0000000000000000        0x0 /home/aandrelouis/gcc-arm-none-eabi-10.3-2021.10-x86_64-linux/gcc-arm-none-eabi-10.3-2021.10/bin/../lib/gcc/arm-none-eabi/10.3.1/../../../../arm-none-eabi/lib/thumb/v7-m/nofp/libg_nano.a(lib_a-signalr.o)
 .data          0x0000000000000000        0x0 /home/aandrelouis/gcc-arm-none-eabi-10.3-2021.10-x86_64-linux/gcc-arm-none-eabi-10.3-2021.10/bin/../lib/gcc/arm-none-eabi/10.3.1/../../../../arm-none-eabi/lib/thumb/v7-m/nofp/libg_nano.a(lib_a-signalr.o)
 .bss           0x0000000000000000        0x0 /home/aandrelouis/gcc-arm-none-eabi-10.3-2021.10-x86_64-linux/gcc-arm-none-eabi-10.3-2021.10/bin/../lib/gcc/arm-none-eabi/10.3.1/../../../../arm-none-eabi/lib/thumb/v7-m/nofp/libg_nano.a(lib_a-signalr.o)
 .text          0x0000000000000000        0x0 /home/aandrelouis/gcc-arm-none-eabi-10.3-2021.10-x86_64-linux/gcc-arm-none-eabi-10.3-2021.10/bin/../lib/gcc/arm-none-eabi/10.3.1/../../../../arm-none-eabi/lib/thumb/v7-m/nofp/libg_nano.a(lib_a-sprintf.o)
 .data          0x0000000000000000        0x0 /home/aandrelouis/gcc-arm-none-eabi-10.3-2021.10-x86_64-linux/gcc-arm-none-eabi-10.3-2021.10/bin/../lib/gcc/arm-none-eabi/10.3.1/../../../../arm-none-eabi/lib/thumb/v7-m/nofp/libg_nano.a(lib_a-sprintf.o)
 .bss           0x0000000000000000        0x0 /home/aandrelouis/gcc-arm-none-eabi-10.3-2021.10-x86_64-linux/gcc-arm-none-eabi-10.3-2021.10/bin/../lib/gcc/arm-none-eabi/10.3.1/../../../../arm-none-eabi/lib/thumb/v7-m/nofp/libg_nano.a(lib_a-sprintf.o)
 .text._sprintf_r
                0x0000000000000000       0x38 /home/aandrelouis/gcc-arm-none-eabi-10.3-2021.10-x86_64-linux/gcc-arm-none-eabi-10.3-2021.10/bin/../lib/gcc/arm-none-eabi/10.3.1/../../../../arm-none-eabi/lib/thumb/v7-m/nofp/libg_nano.a(lib_a-sprintf.o)
 .text          0x0000000000000000        0x0 /home/aandrelouis/gcc-arm-none-eabi-10.3-2021.10-x86_64-linux/gcc-arm-none-eabi-10.3-2021.10/bin/../lib/gcc/arm-none-eabi/10.3.1/../../../../arm-none-eabi/lib/thumb/v7-m/nofp/libg_nano.a(lib_a-impure.o)
 .data          0x0000000000000000        0x0 /home/aandrelouis/gcc-arm-none-eabi-10.3-2021.10-x86_64-linux/gcc-arm-none-eabi-10.3-2021.10/bin/../lib/gcc/arm-none-eabi/10.3.1/../../../../arm-none-eabi/lib/thumb/v7-m/nofp/libg_nano.a(lib_a-impure.o)
 .bss           0x0000000000000000        0x0 /home/aandrelouis/gcc-arm-none-eabi-10.3-2021.10-x86_64-linux/gcc-arm-none-eabi-10.3-2021.10/bin/../lib/gcc/arm-none-eabi/10.3.1/../../../../arm-none-eabi/lib/thumb/v7-m/nofp/libg_nano.a(lib_a-impure.o)
 .rodata._global_impure_ptr
                0x0000000000000000        0x4 /home/aandrelouis/gcc-arm-none-eabi-10.3-2021.10-x86_64-linux/gcc-arm-none-eabi-10.3-2021.10/bin/../lib/gcc/arm-none-eabi/10.3.1/../../../../arm-none-eabi/lib/thumb/v7-m/nofp/libg_nano.a(lib_a-impure.o)
 .text          0x0000000000000000        0x0 /home/aandrelouis/gcc-arm-none-eabi-10.3-2021.10-x86_64-linux/gcc-arm-none-eabi-10.3-2021.10/bin/../lib/gcc/arm-none-eabi/10.3.1/../../../../arm-none-eabi/lib/thumb/v7-m/nofp/libg_nano.a(lib_a-nano-freer.o)
 .data          0x0000000000000000        0x0 /home/aandrelouis/gcc-arm-none-eabi-10.3-2021.10-x86_64-linux/gcc-arm-none-eabi-10.3-2021.10/bin/../lib/gcc/arm-none-eabi/10.3.1/../../../../arm-none-eabi/lib/thumb/v7-m/nofp/libg_nano.a(lib_a-nano-freer.o)
 .bss           0x0000000000000000        0x0 /home/aandrelouis/gcc-arm-none-eabi-10.3-2021.10-x86_64-linux/gcc-arm-none-eabi-10.3-2021.10/bin/../lib/gcc/arm-none-eabi/10.3.1/../../../../arm-none-eabi/lib/thumb/v7-m/nofp/libg_nano.a(lib_a-nano-freer.o)
 .text          0x0000000000000000        0x0 /home/aandrelouis/gcc-arm-none-eabi-10.3-2021.10-x86_64-linux/gcc-arm-none-eabi-10.3-2021.10/bin/../lib/gcc/arm-none-eabi/10.3.1/../../../../arm-none-eabi/lib/thumb/v7-m/nofp/libg_nano.a(lib_a-nano-mallocr.o)
 .data          0x0000000000000000        0x0 /home/aandrelouis/gcc-arm-none-eabi-10.3-2021.10-x86_64-linux/gcc-arm-none-eabi-10.3-2021.10/bin/../lib/gcc/arm-none-eabi/10.3.1/../../../../arm-none-eabi/lib/thumb/v7-m/nofp/libg_nano.a(lib_a-nano-mallocr.o)
 .bss           0x0000000000000000        0x0 /home/aandrelouis/gcc-arm-none-eabi-10.3-2021.10-x86_64-linux/gcc-arm-none-eabi-10.3-2021.10/bin/../lib/gcc/arm-none-eabi/10.3.1/../../../../arm-none-eabi/lib/thumb/v7-m/nofp/libg_nano.a(lib_a-nano-mallocr.o)
 .text          0x0000000000000000        0x0 /home/aandrelouis/gcc-arm-none-eabi-10.3-2021.10-x86_64-linux/gcc-arm-none-eabi-10.3-2021.10/bin/../lib/gcc/arm-none-eabi/10.3.1/../../../../arm-none-eabi/lib/thumb/v7-m/nofp/libg_nano.a(lib_a-nano-svfprintf.o)
 .data          0x0000000000000000        0x0 /home/aandrelouis/gcc-arm-none-eabi-10.3-2021.10-x86_64-linux/gcc-arm-none-eabi-10.3-2021.10/bin/../lib/gcc/arm-none-eabi/10.3.1/../../../../arm-none-eabi/lib/thumb/v7-m/nofp/libg_nano.a(lib_a-nano-svfprintf.o)
 .bss           0x0000000000000000        0x0 /home/aandrelouis/gcc-arm-none-eabi-10.3-2021.10-x86_64-linux/gcc-arm-none-eabi-10.3-2021.10/bin/../lib/gcc/arm-none-eabi/10.3.1/../../../../arm-none-eabi/lib/thumb/v7-m/nofp/libg_nano.a(lib_a-nano-svfprintf.o)
 .text.__ssprint_r
                0x0000000000000000       0xf6 /home/aandrelouis/gcc-arm-none-eabi-10.3-2021.10-x86_64-linux/gcc-arm-none-eabi-10.3-2021.10/bin/../lib/gcc/arm-none-eabi/10.3.1/../../../../arm-none-eabi/lib/thumb/v7-m/nofp/libg_nano.a(lib_a-nano-svfprintf.o)
 .text          0x0000000000000000        0x0 /home/aandrelouis/gcc-arm-none-eabi-10.3-2021.10-x86_64-linux/gcc-arm-none-eabi-10.3-2021.10/bin/../lib/gcc/arm-none-eabi/10.3.1/../../../../arm-none-eabi/lib/thumb/v7-m/nofp/libg_nano.a(lib_a-nano-vfprintf_i.o)
 .data          0x0000000000000000        0x0 /home/aandrelouis/gcc-arm-none-eabi-10.3-2021.10-x86_64-linux/gcc-arm-none-eabi-10.3-2021.10/bin/../lib/gcc/arm-none-eabi/10.3.1/../../../../arm-none-eabi/lib/thumb/v7-m/nofp/libg_nano.a(lib_a-nano-vfprintf_i.o)
 .bss           0x0000000000000000        0x0 /home/aandrelouis/gcc-arm-none-eabi-10.3-2021.10-x86_64-linux/gcc-arm-none-eabi-10.3-2021.10/bin/../lib/gcc/arm-none-eabi/10.3.1/../../../../arm-none-eabi/lib/thumb/v7-m/nofp/libg_nano.a(lib_a-nano-vfprintf_i.o)
 .text          0x0000000000000000        0x0 /home/aandrelouis/gcc-arm-none-eabi-10.3-2021.10-x86_64-linux/gcc-arm-none-eabi-10.3-2021.10/bin/../lib/gcc/arm-none-eabi/10.3.1/../../../../arm-none-eabi/lib/thumb/v7-m/nofp/libg_nano.a(lib_a-sbrkr.o)
 .data          0x0000000000000000        0x0 /home/aandrelouis/gcc-arm-none-eabi-10.3-2021.10-x86_64-linux/gcc-arm-none-eabi-10.3-2021.10/bin/../lib/gcc/arm-none-eabi/10.3.1/../../../../arm-none-eabi/lib/thumb/v7-m/nofp/libg_nano.a(lib_a-sbrkr.o)
 .bss           0x0000000000000000        0x0 /home/aandrelouis/gcc-arm-none-eabi-10.3-2021.10-x86_64-linux/gcc-arm-none-eabi-10.3-2021.10/bin/../lib/gcc/arm-none-eabi/10.3.1/../../../../arm-none-eabi/lib/thumb/v7-m/nofp/libg_nano.a(lib_a-sbrkr.o)
 .text          0x0000000000000000        0x0 /home/aandrelouis/gcc-arm-none-eabi-10.3-2021.10-x86_64-linux/gcc-arm-none-eabi-10.3-2021.10/bin/../lib/gcc/arm-none-eabi/10.3.1/../../../../arm-none-eabi/lib/thumb/v7-m/nofp/libg_nano.a(lib_a-memchr-stub.o)
 .data          0x0000000000000000        0x0 /home/aandrelouis/gcc-arm-none-eabi-10.3-2021.10-x86_64-linux/gcc-arm-none-eabi-10.3-2021.10/bin/../lib/gcc/arm-none-eabi/10.3.1/../../../../arm-none-eabi/lib/thumb/v7-m/nofp/libg_nano.a(lib_a-memchr-stub.o)
 .bss           0x0000000000000000        0x0 /home/aandrelouis/gcc-arm-none-eabi-10.3-2021.10-x86_64-linux/gcc-arm-none-eabi-10.3-2021.10/bin/../lib/gcc/arm-none-eabi/10.3.1/../../../../arm-none-eabi/lib/thumb/v7-m/nofp/libg_nano.a(lib_a-memchr-stub.o)
 .text          0x0000000000000000        0x0 /home/aandrelouis/gcc-arm-none-eabi-10.3-2021.10-x86_64-linux/gcc-arm-none-eabi-10.3-2021.10/bin/../lib/gcc/arm-none-eabi/10.3.1/../../../../arm-none-eabi/lib/thumb/v7-m/nofp/libg_nano.a(lib_a-memcpy-stub.o)
 .data          0x0000000000000000        0x0 /home/aandrelouis/gcc-arm-none-eabi-10.3-2021.10-x86_64-linux/gcc-arm-none-eabi-10.3-2021.10/bin/../lib/gcc/arm-none-eabi/10.3.1/../../../../arm-none-eabi/lib/thumb/v7-m/nofp/libg_nano.a(lib_a-memcpy-stub.o)
 .bss           0x0000000000000000        0x0 /home/aandrelouis/gcc-arm-none-eabi-10.3-2021.10-x86_64-linux/gcc-arm-none-eabi-10.3-2021.10/bin/../lib/gcc/arm-none-eabi/10.3.1/../../../../arm-none-eabi/lib/thumb/v7-m/nofp/libg_nano.a(lib_a-memcpy-stub.o)
 .text          0x0000000000000000        0x0 /home/aandrelouis/gcc-arm-none-eabi-10.3-2021.10-x86_64-linux/gcc-arm-none-eabi-10.3-2021.10/bin/../lib/gcc/arm-none-eabi/10.3.1/../../../../arm-none-eabi/lib/thumb/v7-m/nofp/libg_nano.a(lib_a-memmove.o)
 .data          0x0000000000000000        0x0 /home/aandrelouis/gcc-arm-none-eabi-10.3-2021.10-x86_64-linux/gcc-arm-none-eabi-10.3-2021.10/bin/../lib/gcc/arm-none-eabi/10.3.1/../../../../arm-none-eabi/lib/thumb/v7-m/nofp/libg_nano.a(lib_a-memmove.o)
 .bss           0x0000000000000000        0x0 /home/aandrelouis/gcc-arm-none-eabi-10.3-2021.10-x86_64-linux/gcc-arm-none-eabi-10.3-2021.10/bin/../lib/gcc/arm-none-eabi/10.3.1/../../../../arm-none-eabi/lib/thumb/v7-m/nofp/libg_nano.a(lib_a-memmove.o)
 .text          0x0000000000000000        0x0 /home/aandrelouis/gcc-arm-none-eabi-10.3-2021.10-x86_64-linux/gcc-arm-none-eabi-10.3-2021.10/bin/../lib/gcc/arm-none-eabi/10.3.1/../../../../arm-none-eabi/lib/thumb/v7-m/nofp/libg_nano.a(lib_a-mlock.o)
 .data          0x0000000000000000        0x0 /home/aandrelouis/gcc-arm-none-eabi-10.3-2021.10-x86_64-linux/gcc-arm-none-eabi-10.3-2021.10/bin/../lib/gcc/arm-none-eabi/10.3.1/../../../../arm-none-eabi/lib/thumb/v7-m/nofp/libg_nano.a(lib_a-mlock.o)
 .bss           0x0000000000000000        0x0 /home/aandrelouis/gcc-arm-none-eabi-10.3-2021.10-x86_64-linux/gcc-arm-none-eabi-10.3-2021.10/bin/../lib/gcc/arm-none-eabi/10.3.1/../../../../arm-none-eabi/lib/thumb/v7-m/nofp/libg_nano.a(lib_a-mlock.o)
 .text          0x0000000000000000        0x0 /home/aandrelouis/gcc-arm-none-eabi-10.3-2021.10-x86_64-linux/gcc-arm-none-eabi-10.3-2021.10/bin/../lib/gcc/arm-none-eabi/10.3.1/../../../../arm-none-eabi/lib/thumb/v7-m/nofp/libg_nano.a(lib_a-nano-reallocr.o)
 .data          0x0000000000000000        0x0 /home/aandrelouis/gcc-arm-none-eabi-10.3-2021.10-x86_64-linux/gcc-arm-none-eabi-10.3-2021.10/bin/../lib/gcc/arm-none-eabi/10.3.1/../../../../arm-none-eabi/lib/thumb/v7-m/nofp/libg_nano.a(lib_a-nano-reallocr.o)
 .bss           0x0000000000000000        0x0 /home/aandrelouis/gcc-arm-none-eabi-10.3-2021.10-x86_64-linux/gcc-arm-none-eabi-10.3-2021.10/bin/../lib/gcc/arm-none-eabi/10.3.1/../../../../arm-none-eabi/lib/thumb/v7-m/nofp/libg_nano.a(lib_a-nano-reallocr.o)
 .text          0x0000000000000000        0x0 /home/aandrelouis/gcc-arm-none-eabi-10.3-2021.10-x86_64-linux/gcc-arm-none-eabi-10.3-2021.10/bin/../lib/gcc/arm-none-eabi/10.3.1/../../../../arm-none-eabi/lib/thumb/v7-m/nofp/libg_nano.a(lib_a-lock.o)
 .data          0x0000000000000000        0x0 /home/aandrelouis/gcc-arm-none-eabi-10.3-2021.10-x86_64-linux/gcc-arm-none-eabi-10.3-2021.10/bin/../lib/gcc/arm-none-eabi/10.3.1/../../../../arm-none-eabi/lib/thumb/v7-m/nofp/libg_nano.a(lib_a-lock.o)
 .bss           0x0000000000000000        0x0 /home/aandrelouis/gcc-arm-none-eabi-10.3-2021.10-x86_64-linux/gcc-arm-none-eabi-10.3-2021.10/bin/../lib/gcc/arm-none-eabi/10.3.1/../../../../arm-none-eabi/lib/thumb/v7-m/nofp/libg_nano.a(lib_a-lock.o)
 .text.__retarget_lock_init
                0x0000000000000000        0x2 /home/aandrelouis/gcc-arm-none-eabi-10.3-2021.10-x86_64-linux/gcc-arm-none-eabi-10.3-2021.10/bin/../lib/gcc/arm-none-eabi/10.3.1/../../../../arm-none-eabi/lib/thumb/v7-m/nofp/libg_nano.a(lib_a-lock.o)
 .text.__retarget_lock_init_recursive
                0x0000000000000000        0x2 /home/aandrelouis/gcc-arm-none-eabi-10.3-2021.10-x86_64-linux/gcc-arm-none-eabi-10.3-2021.10/bin/../lib/gcc/arm-none-eabi/10.3.1/../../../../arm-none-eabi/lib/thumb/v7-m/nofp/libg_nano.a(lib_a-lock.o)
 .text.__retarget_lock_close
                0x0000000000000000        0x2 /home/aandrelouis/gcc-arm-none-eabi-10.3-2021.10-x86_64-linux/gcc-arm-none-eabi-10.3-2021.10/bin/../lib/gcc/arm-none-eabi/10.3.1/../../../../arm-none-eabi/lib/thumb/v7-m/nofp/libg_nano.a(lib_a-lock.o)
 .text.__retarget_lock_close_recursive
                0x0000000000000000        0x2 /home/aandrelouis/gcc-arm-none-eabi-10.3-2021.10-x86_64-linux/gcc-arm-none-eabi-10.3-2021.10/bin/../lib/gcc/arm-none-eabi/10.3.1/../../../../arm-none-eabi/lib/thumb/v7-m/nofp/libg_nano.a(lib_a-lock.o)
 .text.__retarget_lock_acquire
                0x0000000000000000        0x2 /home/aandrelouis/gcc-arm-none-eabi-10.3-2021.10-x86_64-linux/gcc-arm-none-eabi-10.3-2021.10/bin/../lib/gcc/arm-none-eabi/10.3.1/../../../../arm-none-eabi/lib/thumb/v7-m/nofp/libg_nano.a(lib_a-lock.o)
 .text.__retarget_lock_try_acquire
                0x0000000000000000        0x4 /home/aandrelouis/gcc-arm-none-eabi-10.3-2021.10-x86_64-linux/gcc-arm-none-eabi-10.3-2021.10/bin/../lib/gcc/arm-none-eabi/10.3.1/../../../../arm-none-eabi/lib/thumb/v7-m/nofp/libg_nano.a(lib_a-lock.o)
 .text.__retarget_lock_try_acquire_recursive
                0x0000000000000000        0x4 /home/aandrelouis/gcc-arm-none-eabi-10.3-2021.10-x86_64-linux/gcc-arm-none-eabi-10.3-2021.10/bin/../lib/gcc/arm-none-eabi/10.3.1/../../../../arm-none-eabi/lib/thumb/v7-m/nofp/libg_nano.a(lib_a-lock.o)
 .text.__retarget_lock_release
                0x0000000000000000        0x2 /home/aandrelouis/gcc-arm-none-eabi-10.3-2021.10-x86_64-linux/gcc-arm-none-eabi-10.3-2021.10/bin/../lib/gcc/arm-none-eabi/10.3.1/../../../../arm-none-eabi/lib/thumb/v7-m/nofp/libg_nano.a(lib_a-lock.o)
 .bss.__lock___arc4random_mutex
                0x0000000000000000        0x1 /home/aandrelouis/gcc-arm-none-eabi-10.3-2021.10-x86_64-linux/gcc-arm-none-eabi-10.3-2021.10/bin/../lib/gcc/arm-none-eabi/10.3.1/../../../../arm-none-eabi/lib/thumb/v7-m/nofp/libg_nano.a(lib_a-lock.o)
 .bss.__lock___at_quick_exit_mutex
                0x0000000000000000        0x1 /home/aandrelouis/gcc-arm-none-eabi-10.3-2021.10-x86_64-linux/gcc-arm-none-eabi-10.3-2021.10/bin/../lib/gcc/arm-none-eabi/10.3.1/../../../../arm-none-eabi/lib/thumb/v7-m/nofp/libg_nano.a(lib_a-lock.o)
 .bss.__lock___atexit_recursive_mutex
                0x0000000000000000        0x1 /home/aandrelouis/gcc-arm-none-eabi-10.3-2021.10-x86_64-linux/gcc-arm-none-eabi-10.3-2021.10/bin/../lib/gcc/arm-none-eabi/10.3.1/../../../../arm-none-eabi/lib/thumb/v7-m/nofp/libg_nano.a(lib_a-lock.o)
 .bss.__lock___dd_hash_mutex
                0x0000000000000000        0x1 /home/aandrelouis/gcc-arm-none-eabi-10.3-2021.10-x86_64-linux/gcc-arm-none-eabi-10.3-2021.10/bin/../lib/gcc/arm-none-eabi/10.3.1/../../../../arm-none-eabi/lib/thumb/v7-m/nofp/libg_nano.a(lib_a-lock.o)
 .bss.__lock___env_recursive_mutex
                0x0000000000000000        0x1 /home/aandrelouis/gcc-arm-none-eabi-10.3-2021.10-x86_64-linux/gcc-arm-none-eabi-10.3-2021.10/bin/../lib/gcc/arm-none-eabi/10.3.1/../../../../arm-none-eabi/lib/thumb/v7-m/nofp/libg_nano.a(lib_a-lock.o)
 .bss.__lock___sfp_recursive_mutex
                0x0000000000000000        0x1 /home/aandrelouis/gcc-arm-none-eabi-10.3-2021.10-x86_64-linux/gcc-arm-none-eabi-10.3-2021.10/bin/../lib/gcc/arm-none-eabi/10.3.1/../../../../arm-none-eabi/lib/thumb/v7-m/nofp/libg_nano.a(lib_a-lock.o)
 .bss.__lock___sinit_recursive_mutex
                0x0000000000000000        0x1 /home/aandrelouis/gcc-arm-none-eabi-10.3-2021.10-x86_64-linux/gcc-arm-none-eabi-10.3-2021.10/bin/../lib/gcc/arm-none-eabi/10.3.1/../../../../arm-none-eabi/lib/thumb/v7-m/nofp/libg_nano.a(lib_a-lock.o)
 .bss.__lock___tz_mutex
                0x0000000000000000        0x1 /home/aandrelouis/gcc-arm-none-eabi-10.3-2021.10-x86_64-linux/gcc-arm-none-eabi-10.3-2021.10/bin/../lib/gcc/arm-none-eabi/10.3.1/../../../../arm-none-eabi/lib/thumb/v7-m/nofp/libg_nano.a(lib_a-lock.o)
 .text          0x0000000000000000        0x0 /home/aandrelouis/gcc-arm-none-eabi-10.3-2021.10-x86_64-linux/gcc-arm-none-eabi-10.3-2021.10/bin/../lib/gcc/arm-none-eabi/10.3.1/../../../../arm-none-eabi/lib/thumb/v7-m/nofp/libg_nano.a(lib_a-nano-msizer.o)
 .data          0x0000000000000000        0x0 /home/aandrelouis/gcc-arm-none-eabi-10.3-2021.10-x86_64-linux/gcc-arm-none-eabi-10.3-2021.10/bin/../lib/gcc/arm-none-eabi/10.3.1/../../../../arm-none-eabi/lib/thumb/v7-m/nofp/libg_nano.a(lib_a-nano-msizer.o)
 .bss           0x0000000000000000        0x0 /home/aandrelouis/gcc-arm-none-eabi-10.3-2021.10-x86_64-linux/gcc-arm-none-eabi-10.3-2021.10/bin/../lib/gcc/arm-none-eabi/10.3.1/../../../../arm-none-eabi/lib/thumb/v7-m/nofp/libg_nano.a(lib_a-nano-msizer.o)

Memory Configuration

Name             Origin             Length             Attributes
FLASH            0x0000000000000000 0x0000000000100000 xr
RAM              0x0000000020000000 0x0000000000020000 xrw
*default*        0x0000000000000000 0xffffffffffffffff

Linker script and memory map

LOAD gcc/syscalls.o
LOAD gcc/uart2.o
LOAD gcc/goes.o
LOAD gcc/pwm.o
LOAD gcc/buffer.o
LOAD gcc/system_efm32gg.o
LOAD gcc/main.o
LOAD gcc/led.o
LOAD gcc/startup_efm32gg.o
LOAD gcc/clock_efm32gg2.o
LOAD gcc/lcd.o
LOAD gcc/temperature.o
LOAD gcc/gpio.o
LOAD gcc/adc.o
START GROUP
LOAD /home/aandrelouis/gcc-arm-none-eabi-10.3-2021.10-x86_64-linux/gcc-arm-none-eabi-10.3-2021.10/bin/../lib/gcc/arm-none-eabi/10.3.1/thumb/v7-m/nofp/libgcc.a
LOAD /home/aandrelouis/gcc-arm-none-eabi-10.3-2021.10-x86_64-linux/gcc-arm-none-eabi-10.3-2021.10/bin/../lib/gcc/arm-none-eabi/10.3.1/../../../../arm-none-eabi/lib/thumb/v7-m/nofp/libg_nano.a
LOAD /home/aandrelouis/gcc-arm-none-eabi-10.3-2021.10-x86_64-linux/gcc-arm-none-eabi-10.3-2021.10/bin/../lib/gcc/arm-none-eabi/10.3.1/../../../../arm-none-eabi/lib/thumb/v7-m/nofp/libc_nano.a
END GROUP
START GROUP
LOAD /home/aandrelouis/gcc-arm-none-eabi-10.3-2021.10-x86_64-linux/gcc-arm-none-eabi-10.3-2021.10/bin/../lib/gcc/arm-none-eabi/10.3.1/thumb/v7-m/nofp/libgcc.a
LOAD /home/aandrelouis/gcc-arm-none-eabi-10.3-2021.10-x86_64-linux/gcc-arm-none-eabi-10.3-2021.10/bin/../lib/gcc/arm-none-eabi/10.3.1/../../../../arm-none-eabi/lib/thumb/v7-m/nofp/libc_nano.a
END GROUP

.text           0x0000000000000000     0x39e3
 *(.vectors)
 .vectors       0x0000000000000000       0xdc gcc/startup_efm32gg.o
                0x0000000000000000                __Vectors
                0x00000000000000dc                __Vectors_End = .
                0x00000000000000dc                __Vectors_Size = (__Vectors_End - __Vectors)
                0x0000000020000300                __end__ = .
 *(.text*)
 .text.GetStackPointer
                0x00000000000000dc       0x14 gcc/syscalls.o
 .text.SerialInit
                0x00000000000000f0       0x1c gcc/syscalls.o
 .text.SerialWrite
                0x000000000000010c       0x24 gcc/syscalls.o
 .text.tty_write
                0x0000000000000130       0x6c gcc/syscalls.o
                0x0000000000000130                tty_write
 .text._main    0x000000000000019c        0xe gcc/syscalls.o
                0x000000000000019c                _main
 .text._exit    0x00000000000001aa        0xa gcc/syscalls.o
                0x00000000000001aa                _exit
 .text._getpid  0x00000000000001b4        0xe gcc/syscalls.o
                0x00000000000001b4                _getpid
 *fill*         0x00000000000001c2        0x2 
 .text._kill    0x00000000000001c4       0x24 gcc/syscalls.o
                0x00000000000001c4                _kill
 .text._sbrk    0x00000000000001e8       0x60 gcc/syscalls.o
                0x00000000000001e8                _sbrk
 .text._write   0x0000000000000248       0x20 gcc/syscalls.o
                0x0000000000000248                _write
 .text.NVIC_EnableIRQ
                0x0000000000000268       0x30 gcc/uart2.o
 .text.NVIC_ClearPendingIRQ
                0x0000000000000298       0x34 gcc/uart2.o
 .text.NVIC_SetPriority
                0x00000000000002cc       0x54 gcc/uart2.o
 .text.UART_SetBaudrate
                0x0000000000000320       0x34 gcc/uart2.o
                0x0000000000000320                UART_SetBaudrate
 .text.UART_TurnOff
                0x0000000000000354       0x18 gcc/uart2.o
 .text.UART_TurnOn
                0x000000000000036c       0x18 gcc/uart2.o
 .text.UART0_Prepare
                0x0000000000000384       0x1c gcc/uart2.o
 .text.UART1_Prepare
                0x00000000000003a0       0x1c gcc/uart2.o
 .text.UART0_Reconfigure
                0x00000000000003bc       0x28 gcc/uart2.o
 .text.UART1_Reconfigure
                0x00000000000003e4       0x28 gcc/uart2.o
 .text.UART_Reset
                0x000000000000040c       0xa8 gcc/uart2.o
 .text.UART_Init
                0x00000000000004b4      0x28c gcc/uart2.o
                0x00000000000004b4                UART_Init
 .text.UART0_RX_IRQHandler
                0x0000000000000740       0x38 gcc/uart2.o
                0x0000000000000740                UART0_RX_IRQHandler
 .text.UART1_RX_IRQHandler
                0x0000000000000778       0x38 gcc/uart2.o
                0x0000000000000778                UART1_RX_IRQHandler
 .text.UART0_TX_IRQHandler
                0x00000000000007b0       0x54 gcc/uart2.o
                0x00000000000007b0                UART0_TX_IRQHandler
 .text.UART1_TX_IRQHandler
                0x0000000000000804       0x54 gcc/uart2.o
                0x0000000000000804                UART1_TX_IRQHandler
 .text.UART_SendChar
                0x0000000000000858       0xa4 gcc/uart2.o
                0x0000000000000858                UART_SendChar
 .text.PWM_Start
                0x00000000000008fc       0x18 gcc/pwm.o
                0x00000000000008fc                PWM_Start
 .text.PWM_Stop
                0x0000000000000914       0x18 gcc/pwm.o
                0x0000000000000914                PWM_Stop
 .text.Timer_ClockEnable
                0x000000000000092c       0x94 gcc/pwm.o
 .text.PWM_ConfigureOutputPin
                0x00000000000009c0      0x13c gcc/pwm.o
 .text.PWM_Init
                0x0000000000000afc      0x214 gcc/pwm.o
                0x0000000000000afc                PWM_Init
 .text.finddivencoding
                0x0000000000000d10       0x32 gcc/pwm.o
 .text.PWM_Config
                0x0000000000000d42       0x46 gcc/pwm.o
                0x0000000000000d42                PWM_Config
 .text.PWM_Write
                0x0000000000000d88       0x26 gcc/pwm.o
                0x0000000000000d88                PWM_Write
 .text.buffer_init
                0x0000000000000dae       0x38 gcc/buffer.o
                0x0000000000000dae                buffer_init
 .text.buffer_deinit
                0x0000000000000de6       0x2a gcc/buffer.o
                0x0000000000000de6                buffer_deinit
 .text.buffer_insert
                0x0000000000000e10       0x5e gcc/buffer.o
                0x0000000000000e10                buffer_insert
 .text.buffer_remove
                0x0000000000000e6e       0x56 gcc/buffer.o
                0x0000000000000e6e                buffer_remove
 .text.GetProdRev
                0x0000000000000ec4       0x18 gcc/system_efm32gg.o
 .text.SystemCoreClockGet
                0x0000000000000edc       0x34 gcc/system_efm32gg.o
                0x0000000000000edc                SystemCoreClockGet
 .text.SystemHFClockGet
                0x0000000000000f10      0x118 gcc/system_efm32gg.o
                0x0000000000000f10                SystemHFClockGet
 .text.SystemInit
                0x0000000000001028        0xc gcc/system_efm32gg.o
                0x0000000000001028                SystemInit
 .text.NVIC_SetPriority
                0x0000000000001034       0x54 gcc/main.o
 .text.SysTick_Config
                0x0000000000001088       0x44 gcc/main.o
 .text.SysTick_Handler
                0x00000000000010cc       0x3c gcc/main.o
                0x00000000000010cc                SysTick_Handler
 .text.Delay    0x0000000000001108       0x30 gcc/main.o
                0x0000000000001108                Delay
 .text.main     0x0000000000001138      0x174 gcc/main.o
                0x0000000000001138                main
 .text.LED_Write
                0x00000000000012ac       0x2c gcc/led.o
                0x00000000000012ac                LED_Write
 .text.Reset_Handler
                0x00000000000012d8       0x50 gcc/startup_efm32gg.o
                0x00000000000012d8                Reset_Handler
 .text.Default_Handler
                0x0000000000001328        0x6 gcc/startup_efm32gg.o
                0x0000000000001328                TIMER2_IRQHandler
                0x0000000000001328                DebugMon_Handler
                0x0000000000001328                USART0_TX_IRQHandler
                0x0000000000001328                I2C0_IRQHandler
                0x0000000000001328                HardFault_Handler
                0x0000000000001328                LEUART1_IRQHandler
                0x0000000000001328                USART1_RX_IRQHandler
                0x0000000000001328                PendSV_Handler
                0x0000000000001328                NMI_Handler
                0x0000000000001328                I2C1_IRQHandler
                0x0000000000001328                TIMER3_IRQHandler
                0x0000000000001328                USART1_TX_IRQHandler
                0x0000000000001328                MSC_IRQHandler
                0x0000000000001328                UsageFault_Handler
                0x0000000000001328                LEUART0_IRQHandler
                0x0000000000001328                GPIO_EVEN_IRQHandler
                0x0000000000001328                RTC_IRQHandler
                0x0000000000001328                TIMER0_IRQHandler
                0x0000000000001328                LCD_IRQHandler
                0x0000000000001328                PCNT2_IRQHandler
                0x0000000000001328                LETIMER0_IRQHandler
                0x0000000000001328                TIMER1_IRQHandler
                0x0000000000001328                USART2_RX_IRQHandler
                0x0000000000001328                Default_Handler
                0x0000000000001328                EMU_IRQHandler
                0x0000000000001328                PCNT0_IRQHandler
                0x0000000000001328                USB_IRQHandler
                0x0000000000001328                BURTC_IRQHandler
                0x0000000000001328                PCNT1_IRQHandler
                0x0000000000001328                ACMP0_IRQHandler
                0x0000000000001328                USART0_RX_IRQHandler
                0x0000000000001328                MemManage_Handler
                0x0000000000001328                SVC_Handler
                0x0000000000001328                DAC0_IRQHandler
                0x0000000000001328                CMU_IRQHandler
                0x0000000000001328                EBI_IRQHandler
                0x0000000000001328                LESENSE_IRQHandler
                0x0000000000001328                GPIO_ODD_IRQHandler
                0x0000000000001328                AES_IRQHandler
                0x0000000000001328                VCMP_IRQHandler
                0x0000000000001328                DMA_IRQHandler
                0x0000000000001328                BusFault_Handler
                0x0000000000001328                USART2_TX_IRQHandler
 .text.SystemCoreClockUpdate
                0x000000000000132e        0xc gcc/clock_efm32gg2.o
 *fill*         0x000000000000133a        0x2 
 .text.GetProdRev
                0x000000000000133c       0x18 gcc/clock_efm32gg2.o
 .text.nearestpower2exp
                0x0000000000001354       0x6c gcc/clock_efm32gg2.o
 .text.ClockRegisterCallback
                0x00000000000013c0       0xc0 gcc/clock_efm32gg2.o
                0x00000000000013c0                ClockRegisterCallback
 .text.ClockProcessPreChange
                0x0000000000001480       0x6c gcc/clock_efm32gg2.o
                0x0000000000001480                ClockProcessPreChange
 .text.ClockProcessPostChange
                0x00000000000014ec       0x6c gcc/clock_efm32gg2.o
                0x00000000000014ec                ClockProcessPostChange
 .text.ClockSetCoreClock
                0x0000000000001558      0x304 gcc/clock_efm32gg2.o
                0x0000000000001558                ClockSetCoreClock
 .text.ClockGetConfiguration
                0x000000000000185c      0x1c4 gcc/clock_efm32gg2.o
                0x000000000000185c                ClockGetConfiguration
 .text.ClockConfigureSystemForClockFrequency
                0x0000000000001a20       0x98 gcc/clock_efm32gg2.o
                0x0000000000001a20                ClockConfigureSystemForClockFrequency
 .text.ClockGetPeripheralClockFrequency
                0x0000000000001ab8       0x18 gcc/clock_efm32gg2.o
                0x0000000000001ab8                ClockGetPeripheralClockFrequency
 .text.ClockGetCoreClockFrequency
                0x0000000000001ad0       0x18 gcc/clock_efm32gg2.o
                0x0000000000001ad0                ClockGetCoreClockFrequency
 .text.SetLFAClock
                0x0000000000001ae8      0x1c0 gcc/lcd.o
                0x0000000000001ae8                SetLFAClock
 .text.LCD_SetClock
                0x0000000000001ca8       0x64 gcc/lcd.o
                0x0000000000001ca8                LCD_SetClock
 .text.LCD_Init
                0x0000000000001d0c       0x1a gcc/lcd.o
                0x0000000000001d0c                LCD_Init
 *fill*         0x0000000000001d26        0x2 
 .text.LCD_Config
                0x0000000000001d28      0x12c gcc/lcd.o
                0x0000000000001d28                LCD_Config
 .text.LCD_WriteChar
                0x0000000000001e54      0x23c gcc/lcd.o
                0x0000000000001e54                LCD_WriteChar
 .text.LCD_WriteString
                0x0000000000002090       0x4e gcc/lcd.o
                0x0000000000002090                LCD_WriteString
 *fill*         0x00000000000020de        0x2 
 .text.LCD_ClearAll
                0x00000000000020e0       0x60 gcc/lcd.o
                0x00000000000020e0                LCD_ClearAll
 .text.LCD_SetAll
                0x0000000000002140       0x64 gcc/lcd.o
                0x0000000000002140                LCD_SetAll
 .text.ln2      0x00000000000021a4       0x32 gcc/lcd.o
 *fill*         0x00000000000021d6        0x2 
 .text.LCD_SetVoltage
                0x00000000000021d8       0xbc gcc/lcd.o
                0x00000000000021d8                LCD_SetVoltage
 .text.LCD_SetContrast
                0x0000000000002294       0x48 gcc/lcd.o
                0x0000000000002294                LCD_SetContrast
 .text.GPIO_ConfigPins
                0x00000000000022dc       0xb0 gcc/gpio.o
                0x00000000000022dc                GPIO_ConfigPins
 .text.GPIO_Init
                0x000000000000238c       0x48 gcc/gpio.o
                0x000000000000238c                GPIO_Init
 .text.GetCalibrationValues
                0x00000000000023d4       0xe0 gcc/adc.o
 .text.ADC0_IRQHandler
                0x00000000000024b4        0xc gcc/adc.o
                0x00000000000024b4                ADC0_IRQHandler
 .text.ADC_Init
                0x00000000000024c0      0x11c gcc/adc.o
                0x00000000000024c0                ADC_Init
 .text.ADC_ConfigChannel
                0x00000000000025dc       0xd4 gcc/adc.o
                0x00000000000025dc                ADC_ConfigChannel
 .text.ADC_Read
                0x00000000000026b0       0x1e gcc/adc.o
                0x00000000000026b0                ADC_Read
 *fill*         0x00000000000026ce        0x2 
 .text.ADC_StartReading
                0x00000000000026d0       0x58 gcc/adc.o
                0x00000000000026d0                ADC_StartReading
 .text.ADC_GetReading
                0x0000000000002728       0x38 gcc/adc.o
                0x0000000000002728                ADC_GetReading
 .text.abort    0x0000000000002760        0xe /home/aandrelouis/gcc-arm-none-eabi-10.3-2021.10-x86_64-linux/gcc-arm-none-eabi-10.3-2021.10/bin/../lib/gcc/arm-none-eabi/10.3.1/../../../../arm-none-eabi/lib/thumb/v7-m/nofp/libg_nano.a(lib_a-abort.o)
                0x0000000000002760                abort
 .text.memset   0x000000000000276e       0x10 /home/aandrelouis/gcc-arm-none-eabi-10.3-2021.10-x86_64-linux/gcc-arm-none-eabi-10.3-2021.10/bin/../lib/gcc/arm-none-eabi/10.3.1/../../../../arm-none-eabi/lib/thumb/v7-m/nofp/libg_nano.a(lib_a-memset.o)
                0x000000000000276e                memset
 .text._raise_r
                0x000000000000277e       0x50 /home/aandrelouis/gcc-arm-none-eabi-10.3-2021.10-x86_64-linux/gcc-arm-none-eabi-10.3-2021.10/bin/../lib/gcc/arm-none-eabi/10.3.1/../../../../arm-none-eabi/lib/thumb/v7-m/nofp/libg_nano.a(lib_a-signal.o)
                0x000000000000277e                _raise_r
 *fill*         0x00000000000027ce        0x2 
 .text.raise    0x00000000000027d0       0x10 /home/aandrelouis/gcc-arm-none-eabi-10.3-2021.10-x86_64-linux/gcc-arm-none-eabi-10.3-2021.10/bin/../lib/gcc/arm-none-eabi/10.3.1/../../../../arm-none-eabi/lib/thumb/v7-m/nofp/libg_nano.a(lib_a-signal.o)
                0x00000000000027d0                raise
 .text._kill_r  0x00000000000027e0       0x24 /home/aandrelouis/gcc-arm-none-eabi-10.3-2021.10-x86_64-linux/gcc-arm-none-eabi-10.3-2021.10/bin/../lib/gcc/arm-none-eabi/10.3.1/../../../../arm-none-eabi/lib/thumb/v7-m/nofp/libg_nano.a(lib_a-signalr.o)
                0x00000000000027e0                _kill_r
 .text._getpid_r
                0x0000000000002804        0x4 /home/aandrelouis/gcc-arm-none-eabi-10.3-2021.10-x86_64-linux/gcc-arm-none-eabi-10.3-2021.10/bin/../lib/gcc/arm-none-eabi/10.3.1/../../../../arm-none-eabi/lib/thumb/v7-m/nofp/libg_nano.a(lib_a-signalr.o)
                0x0000000000002804                _getpid_r
 .text.sprintf  0x0000000000002808       0x40 /home/aandrelouis/gcc-arm-none-eabi-10.3-2021.10-x86_64-linux/gcc-arm-none-eabi-10.3-2021.10/bin/../lib/gcc/arm-none-eabi/10.3.1/../../../../arm-none-eabi/lib/thumb/v7-m/nofp/libg_nano.a(lib_a-sprintf.o)
                0x0000000000002808                sprintf
                0x0000000000002808                siprintf
 .text._free_r  0x0000000000002848       0x90 /home/aandrelouis/gcc-arm-none-eabi-10.3-2021.10-x86_64-linux/gcc-arm-none-eabi-10.3-2021.10/bin/../lib/gcc/arm-none-eabi/10.3.1/../../../../arm-none-eabi/lib/thumb/v7-m/nofp/libg_nano.a(lib_a-nano-freer.o)
                0x0000000000002848                _free_r
 .text.sbrk_aligned
                0x00000000000028d8       0x40 /home/aandrelouis/gcc-arm-none-eabi-10.3-2021.10-x86_64-linux/gcc-arm-none-eabi-10.3-2021.10/bin/../lib/gcc/arm-none-eabi/10.3.1/../../../../arm-none-eabi/lib/thumb/v7-m/nofp/libg_nano.a(lib_a-nano-mallocr.o)
 .text._malloc_r
                0x0000000000002918       0xe8 /home/aandrelouis/gcc-arm-none-eabi-10.3-2021.10-x86_64-linux/gcc-arm-none-eabi-10.3-2021.10/bin/../lib/gcc/arm-none-eabi/10.3.1/../../../../arm-none-eabi/lib/thumb/v7-m/nofp/libg_nano.a(lib_a-nano-mallocr.o)
                0x0000000000002918                _malloc_r
 .text.__ssputs_r
                0x0000000000002a00       0xb6 /home/aandrelouis/gcc-arm-none-eabi-10.3-2021.10-x86_64-linux/gcc-arm-none-eabi-10.3-2021.10/bin/../lib/gcc/arm-none-eabi/10.3.1/../../../../arm-none-eabi/lib/thumb/v7-m/nofp/libg_nano.a(lib_a-nano-svfprintf.o)
                0x0000000000002a00                __ssputs_r
 *fill*         0x0000000000002ab6        0x2 
 .text._svfprintf_r
                0x0000000000002ab8      0x200 /home/aandrelouis/gcc-arm-none-eabi-10.3-2021.10-x86_64-linux/gcc-arm-none-eabi-10.3-2021.10/bin/../lib/gcc/arm-none-eabi/10.3.1/../../../../arm-none-eabi/lib/thumb/v7-m/nofp/libg_nano.a(lib_a-nano-svfprintf.o)
                0x0000000000002ab8                _svfprintf_r
                0x0000000000002ab8                _svfiprintf_r
 .text._printf_common
                0x0000000000002cb8       0xde /home/aandrelouis/gcc-arm-none-eabi-10.3-2021.10-x86_64-linux/gcc-arm-none-eabi-10.3-2021.10/bin/../lib/gcc/arm-none-eabi/10.3.1/../../../../arm-none-eabi/lib/thumb/v7-m/nofp/libg_nano.a(lib_a-nano-vfprintf_i.o)
                0x0000000000002cb8                _printf_common
 *fill*         0x0000000000002d96        0x2 
 .text._printf_i
                0x0000000000002d98      0x24c /home/aandrelouis/gcc-arm-none-eabi-10.3-2021.10-x86_64-linux/gcc-arm-none-eabi-10.3-2021.10/bin/../lib/gcc/arm-none-eabi/10.3.1/../../../../arm-none-eabi/lib/thumb/v7-m/nofp/libg_nano.a(lib_a-nano-vfprintf_i.o)
                0x0000000000002d98                _printf_i
 .text._sbrk_r  0x0000000000002fe4       0x20 /home/aandrelouis/gcc-arm-none-eabi-10.3-2021.10-x86_64-linux/gcc-arm-none-eabi-10.3-2021.10/bin/../lib/gcc/arm-none-eabi/10.3.1/../../../../arm-none-eabi/lib/thumb/v7-m/nofp/libg_nano.a(lib_a-sbrkr.o)
                0x0000000000002fe4                _sbrk_r
 .text.memchr   0x0000000000003004       0x1c /home/aandrelouis/gcc-arm-none-eabi-10.3-2021.10-x86_64-linux/gcc-arm-none-eabi-10.3-2021.10/bin/../lib/gcc/arm-none-eabi/10.3.1/../../../../arm-none-eabi/lib/thumb/v7-m/nofp/libg_nano.a(lib_a-memchr-stub.o)
                0x0000000000003004                memchr
 .text.memcpy   0x0000000000003020       0x1c /home/aandrelouis/gcc-arm-none-eabi-10.3-2021.10-x86_64-linux/gcc-arm-none-eabi-10.3-2021.10/bin/../lib/gcc/arm-none-eabi/10.3.1/../../../../arm-none-eabi/lib/thumb/v7-m/nofp/libg_nano.a(lib_a-memcpy-stub.o)
                0x0000000000003020                memcpy
 .text.memmove  0x000000000000303c       0x34 /home/aandrelouis/gcc-arm-none-eabi-10.3-2021.10-x86_64-linux/gcc-arm-none-eabi-10.3-2021.10/bin/../lib/gcc/arm-none-eabi/10.3.1/../../../../arm-none-eabi/lib/thumb/v7-m/nofp/libg_nano.a(lib_a-memmove.o)
                0x000000000000303c                memmove
 .text.__malloc_lock
                0x0000000000003070        0xc /home/aandrelouis/gcc-arm-none-eabi-10.3-2021.10-x86_64-linux/gcc-arm-none-eabi-10.3-2021.10/bin/../lib/gcc/arm-none-eabi/10.3.1/../../../../arm-none-eabi/lib/thumb/v7-m/nofp/libg_nano.a(lib_a-mlock.o)
                0x0000000000003070                __malloc_lock
 .text.__malloc_unlock
                0x000000000000307c        0xc /home/aandrelouis/gcc-arm-none-eabi-10.3-2021.10-x86_64-linux/gcc-arm-none-eabi-10.3-2021.10/bin/../lib/gcc/arm-none-eabi/10.3.1/../../../../arm-none-eabi/lib/thumb/v7-m/nofp/libg_nano.a(lib_a-mlock.o)
                0x000000000000307c                __malloc_unlock
 .text._realloc_r
                0x0000000000003088       0x5e /home/aandrelouis/gcc-arm-none-eabi-10.3-2021.10-x86_64-linux/gcc-arm-none-eabi-10.3-2021.10/bin/../lib/gcc/arm-none-eabi/10.3.1/../../../../arm-none-eabi/lib/thumb/v7-m/nofp/libg_nano.a(lib_a-nano-reallocr.o)
                0x0000000000003088                _realloc_r
 .text.__retarget_lock_acquire_recursive
                0x00000000000030e6        0x2 /home/aandrelouis/gcc-arm-none-eabi-10.3-2021.10-x86_64-linux/gcc-arm-none-eabi-10.3-2021.10/bin/../lib/gcc/arm-none-eabi/10.3.1/../../../../arm-none-eabi/lib/thumb/v7-m/nofp/libg_nano.a(lib_a-lock.o)
                0x00000000000030e6                __retarget_lock_acquire_recursive
 .text.__retarget_lock_release_recursive
                0x00000000000030e8        0x2 /home/aandrelouis/gcc-arm-none-eabi-10.3-2021.10-x86_64-linux/gcc-arm-none-eabi-10.3-2021.10/bin/../lib/gcc/arm-none-eabi/10.3.1/../../../../arm-none-eabi/lib/thumb/v7-m/nofp/libg_nano.a(lib_a-lock.o)
                0x00000000000030e8                __retarget_lock_release_recursive
 .text._malloc_usable_size_r
                0x00000000000030ea       0x10 /home/aandrelouis/gcc-arm-none-eabi-10.3-2021.10-x86_64-linux/gcc-arm-none-eabi-10.3-2021.10/bin/../lib/gcc/arm-none-eabi/10.3.1/../../../../arm-none-eabi/lib/thumb/v7-m/nofp/libg_nano.a(lib_a-nano-msizer.o)
                0x00000000000030ea                _malloc_usable_size_r
 *(.init)
 *(.fini)
 *crtbegin.o(.ctors)
 *crtbegin?.o(.ctors)
 *(EXCLUDE_FILE(*crtend.o *crtend?.o) .ctors)
 *(SORT_BY_NAME(.ctors.*))
 *(.ctors)
 *crtbegin.o(.dtors)
 *crtbegin?.o(.dtors)
 *(EXCLUDE_FILE(*crtend.o *crtend?.o) .dtors)
 *(SORT_BY_NAME(.dtors.*))
 *(.dtors)
 *(.rodata*)
 *fill*         0x00000000000030fa        0x2 
 .rodata        0x00000000000030fc       0x1a gcc/syscalls.o
 *fill*         0x0000000000003116        0x2 
 .rodata.timerpins
                0x0000000000003118       0xb4 gcc/pwm.o
 .rodata        0x00000000000031cc        0x4 gcc/main.o
 .rodata.segments14forchar
                0x00000000000031d0       0xc0 gcc/lcd.o
 .rodata.segments7forchar
                0x0000000000003290       0x60 gcc/lcd.o
 .rodata.tablcd
                0x00000000000032f0      0x1c2 gcc/lcd.o
 *fill*         0x00000000000034b2        0x2 
 .rodata.seg_encoding
                0x00000000000034b4       0xa0 gcc/lcd.o
 .rodata.com_encoding
                0x0000000000003554        0x8 gcc/lcd.o
 .rodata.tablcdclear
                0x000000000000355c      0x3c0 gcc/lcd.o
 .rodata.segdatalow
                0x000000000000391c       0x20 gcc/lcd.o
                0x000000000000391c                segdatalow
 .rodata.segdatahigh
                0x000000000000393c       0x20 gcc/lcd.o
                0x000000000000393c                segdatahigh
 .rodata.default_singlectrl
                0x000000000000395c       0x54 gcc/adc.o
 .rodata._svfprintf_r.str1.1
                0x00000000000039b0       0x11 /home/aandrelouis/gcc-arm-none-eabi-10.3-2021.10-x86_64-linux/gcc-arm-none-eabi-10.3-2021.10/bin/../lib/gcc/arm-none-eabi/10.3.1/../../../../arm-none-eabi/lib/thumb/v7-m/nofp/libg_nano.a(lib_a-nano-svfprintf.o)
 .rodata._printf_i.str1.1
                0x00000000000039c1       0x22 /home/aandrelouis/gcc-arm-none-eabi-10.3-2021.10-x86_64-linux/gcc-arm-none-eabi-10.3-2021.10/bin/../lib/gcc/arm-none-eabi/10.3.1/../../../../arm-none-eabi/lib/thumb/v7-m/nofp/libg_nano.a(lib_a-nano-vfprintf_i.o)
 *(.eh_frame*)

.glue_7         0x00000000000039e4        0x0
 .glue_7        0x00000000000039e4        0x0 linker stubs

.glue_7t        0x00000000000039e4        0x0
 .glue_7t       0x00000000000039e4        0x0 linker stubs

.vfp11_veneer   0x00000000000039e4        0x0
 .vfp11_veneer  0x00000000000039e4        0x0 linker stubs

.v4_bx          0x00000000000039e4        0x0
 .v4_bx         0x00000000000039e4        0x0 linker stubs

.iplt           0x00000000000039e4        0x0
 .iplt          0x00000000000039e4        0x0 gcc/syscalls.o

.rel.dyn        0x00000000000039e4        0x0
 .rel.iplt      0x00000000000039e4        0x0 gcc/syscalls.o

.ARM.extab
 *(.ARM.extab* .gnu.linkonce.armextab.*)
                0x00000000000039e3                __exidx_start = .

.ARM.exidx
 *(.ARM.exidx* .gnu.linkonce.armexidx.*)
                0x00000000000039e3                __exidx_end = .
                0x00000000000039e3                __etext = .

.data           0x0000000020000000       0x70 load address 0x00000000000039e3
                0x0000000020000000                __data_start__ = .
 *(vtable)
 *(.data*)
 .data.ttyconfig
                0x0000000020000000        0x4 gcc/syscalls.o
 .data.SystemHFXOClock
                0x0000000020000004        0x4 gcc/system_efm32gg.o
 .data.SystemLFXOClock
                0x0000000020000008        0x4 gcc/system_efm32gg.o
 .data._impure_ptr
                0x000000002000000c        0x4 /home/aandrelouis/gcc-arm-none-eabi-10.3-2021.10-x86_64-linux/gcc-arm-none-eabi-10.3-2021.10/bin/../lib/gcc/arm-none-eabi/10.3.1/../../../../arm-none-eabi/lib/thumb/v7-m/nofp/libg_nano.a(lib_a-impure.o)
                0x000000002000000c                _impure_ptr
 .data.impure_data
                0x0000000020000010       0x60 /home/aandrelouis/gcc-arm-none-eabi-10.3-2021.10-x86_64-linux/gcc-arm-none-eabi-10.3-2021.10/bin/../lib/gcc/arm-none-eabi/10.3.1/../../../../arm-none-eabi/lib/thumb/v7-m/nofp/libg_nano.a(lib_a-impure.o)
                0x0000000020000070                . = ALIGN (0x4)
 *(.ram)
                0x0000000020000070                . = ALIGN (0x4)
                [!provide]                        PROVIDE (__preinit_array_start = .)
 *(.preinit_array)
                [!provide]                        PROVIDE (__preinit_array_end = .)
                0x0000000020000070                . = ALIGN (0x4)
                [!provide]                        PROVIDE (__init_array_start = .)
 *(SORT_BY_NAME(.init_array.*))
 *(.init_array)
                [!provide]                        PROVIDE (__init_array_end = .)
                0x0000000020000070                . = ALIGN (0x4)
                [!provide]                        PROVIDE (__fini_array_start = .)
 *(SORT_BY_NAME(.fini_array.*))
 *(.fini_array)
                [!provide]                        PROVIDE (__fini_array_end = .)
 *(.jcr*)
                0x0000000020000070                . = ALIGN (0x4)
                0x0000000020000070                __data_end__ = .

.igot.plt       0x0000000020000070        0x0 load address 0x0000000000003a54
 .igot.plt      0x0000000020000070        0x0 gcc/syscalls.o

.bss            0x0000000020000070      0x28c load address 0x0000000000003a54
                0x0000000020000070                . = ALIGN (0x4)
                0x0000000020000070                __bss_start__ = .
 *(.bss*)
 .bss.heap_end.0
                0x0000000020000070        0x4 gcc/syscalls.o
 .bss.ibuffarea0
                0x0000000020000074       0x74 gcc/uart2.o
                0x0000000020000074                ibuffarea0
 .bss.obuffarea0
                0x00000000200000e8       0x74 gcc/uart2.o
                0x00000000200000e8                obuffarea0
 .bss.ibuff0    0x000000002000015c        0x4 gcc/uart2.o
                0x000000002000015c                ibuff0
 .bss.obuff0    0x0000000020000160        0x4 gcc/uart2.o
                0x0000000020000160                obuff0
 .bss.ibuffarea1
                0x0000000020000164       0x74 gcc/uart2.o
                0x0000000020000164                ibuffarea1
 .bss.ibuff1    0x00000000200001d8        0x4 gcc/uart2.o
                0x00000000200001d8                ibuff1
 .bss.obuff1    0x00000000200001dc        0x4 gcc/uart2.o
                0x00000000200001dc                obuff1
 .bss.SystemCoreClock
                0x00000000200001e0        0x4 gcc/system_efm32gg.o
                0x00000000200001e0                SystemCoreClock
 .bss.ticks     0x00000000200001e4        0x4 gcc/main.o
 .bss.counter.0
                0x00000000200001e8        0x4 gcc/main.o
 .bss.callbacks
                0x00000000200001ec       0x78 gcc/clock_efm32gg2.o
 .bss.lcdclock_set
                0x0000000020000264        0x1 gcc/lcd.o
 *fill*         0x0000000020000265        0x3 
 .bss.singlectrl
                0x0000000020000268       0x54 gcc/adc.o
 .bss.adc_cal   0x00000000200002bc        0x4 gcc/adc.o
 .bss.adc_bias  0x00000000200002c0        0x4 gcc/adc.o
 .bss.cal_gain_1v25
                0x00000000200002c4        0x4 gcc/adc.o
 .bss.cal_offset_1v25
                0x00000000200002c8        0x4 gcc/adc.o
 .bss.cal_gain_2v5
                0x00000000200002cc        0x4 gcc/adc.o
 .bss.cal_offset_2v5
                0x00000000200002d0        0x4 gcc/adc.o
 .bss.cal_gain_vdd
                0x00000000200002d4        0x4 gcc/adc.o
 .bss.cal_offset_vdd
                0x00000000200002d8        0x4 gcc/adc.o
 .bss.cal_gain_5v
                0x00000000200002dc        0x4 gcc/adc.o
 .bss.cal_offset_5v
                0x00000000200002e0        0x4 gcc/adc.o
 .bss.cal_gain_2xvdd
                0x00000000200002e4        0x4 gcc/adc.o
 .bss.cal_offset_2xvdd
                0x00000000200002e8        0x4 gcc/adc.o
 .bss.errno     0x00000000200002ec        0x4 /home/aandrelouis/gcc-arm-none-eabi-10.3-2021.10-x86_64-linux/gcc-arm-none-eabi-10.3-2021.10/bin/../lib/gcc/arm-none-eabi/10.3.1/../../../../arm-none-eabi/lib/thumb/v7-m/nofp/libg_nano.a(lib_a-reent.o)
                0x00000000200002ec                errno
 .bss.__malloc_free_list
                0x00000000200002f0        0x4 /home/aandrelouis/gcc-arm-none-eabi-10.3-2021.10-x86_64-linux/gcc-arm-none-eabi-10.3-2021.10/bin/../lib/gcc/arm-none-eabi/10.3.1/../../../../arm-none-eabi/lib/thumb/v7-m/nofp/libg_nano.a(lib_a-nano-mallocr.o)
                0x00000000200002f0                __malloc_free_list
 .bss.__malloc_sbrk_start
                0x00000000200002f4        0x4 /home/aandrelouis/gcc-arm-none-eabi-10.3-2021.10-x86_64-linux/gcc-arm-none-eabi-10.3-2021.10/bin/../lib/gcc/arm-none-eabi/10.3.1/../../../../arm-none-eabi/lib/thumb/v7-m/nofp/libg_nano.a(lib_a-nano-mallocr.o)
                0x00000000200002f4                __malloc_sbrk_start
 .bss.__lock___malloc_recursive_mutex
                0x00000000200002f8        0x1 /home/aandrelouis/gcc-arm-none-eabi-10.3-2021.10-x86_64-linux/gcc-arm-none-eabi-10.3-2021.10/bin/../lib/gcc/arm-none-eabi/10.3.1/../../../../arm-none-eabi/lib/thumb/v7-m/nofp/libg_nano.a(lib_a-lock.o)
                0x00000000200002f8                __lock___malloc_recursive_mutex
 *(COMMON)
                0x00000000200002fc                . = ALIGN (0x4)
 *fill*         0x00000000200002f9        0x3 
                0x00000000200002fc                __bss_end__ = .

.heap           0x0000000020000300      0xc00
                0x0000000020000300                __HeapBase = .
                0x0000000020000300                __end__ = .
                0x0000000020000300                end = __end__
                0x0000000020000300                _end = __end__
 *(.heap*)
 .heap          0x0000000020000300      0xc00 gcc/startup_efm32gg.o
                0x0000000020000f00                __HeapLimit = .

.stack_dummy    0x0000000020000f00      0x400
 *(.stack*)
 .stack         0x0000000020000f00      0x400 gcc/startup_efm32gg.o
                0x0000000020020000                __StackTop = (ORIGIN (RAM) + LENGTH (RAM))
                0x000000002001fc00                __StackLimit = (__StackTop - SIZEOF (.stack_dummy))
                [!provide]                        PROVIDE (__stack = __StackTop)
                0x0000000000000001                ASSERT ((__StackLimit >= __HeapLimit), region RAM overflowed with stack)
                0x0000000000000001                ASSERT ((LENGTH (FLASH) >= (__etext + SIZEOF (.data))), FLASH memory overflowed !)
OUTPUT(gcc/blink1.axf elf32-littlearm)
LOAD linker stubs

.debug_info     0x0000000000000000     0x6872
 .debug_info    0x0000000000000000      0xaf9 gcc/syscalls.o
 .debug_info    0x0000000000000af9     0x10af gcc/uart2.o
 .debug_info    0x0000000000001ba8      0xaaa gcc/pwm.o
 .debug_info    0x0000000000002652      0x1a8 gcc/buffer.o
 .debug_info    0x00000000000027fa      0x504 gcc/system_efm32gg.o
 .debug_info    0x0000000000002cfe      0xc46 gcc/main.o
 .debug_info    0x0000000000003944      0x50e gcc/led.o
 .debug_info    0x0000000000003e52      0x1e1 gcc/startup_efm32gg.o
 .debug_info    0x0000000000004033      0xac9 gcc/clock_efm32gg2.o
 .debug_info    0x0000000000004afc      0xe28 gcc/lcd.o
 .debug_info    0x0000000000005924      0x680 gcc/gpio.o
 .debug_info    0x0000000000005fa4      0x8ce gcc/adc.o

.debug_abbrev   0x0000000000000000     0x1578
 .debug_abbrev  0x0000000000000000      0x2bc gcc/syscalls.o
 .debug_abbrev  0x00000000000002bc      0x2f6 gcc/uart2.o
 .debug_abbrev  0x00000000000005b2      0x1d4 gcc/pwm.o
 .debug_abbrev  0x0000000000000786       0xd7 gcc/buffer.o
 .debug_abbrev  0x000000000000085d      0x185 gcc/system_efm32gg.o
 .debug_abbrev  0x00000000000009e2      0x27b gcc/main.o
 .debug_abbrev  0x0000000000000c5d      0x12d gcc/led.o
 .debug_abbrev  0x0000000000000d8a       0xfb gcc/startup_efm32gg.o
 .debug_abbrev  0x0000000000000e85      0x220 gcc/clock_efm32gg2.o
 .debug_abbrev  0x00000000000010a5      0x1f0 gcc/lcd.o
 .debug_abbrev  0x0000000000001295      0x12d gcc/gpio.o
 .debug_abbrev  0x00000000000013c2      0x1b6 gcc/adc.o

.debug_aranges  0x0000000000000000      0x548
 .debug_aranges
                0x0000000000000000       0xf0 gcc/syscalls.o
 .debug_aranges
                0x00000000000000f0       0xe0 gcc/uart2.o
 .debug_aranges
                0x00000000000001d0       0x60 gcc/pwm.o
 .debug_aranges
                0x0000000000000230       0x40 gcc/buffer.o
 .debug_aranges
                0x0000000000000270       0x70 gcc/system_efm32gg.o
 .debug_aranges
                0x00000000000002e0       0x40 gcc/main.o
 .debug_aranges
                0x0000000000000320       0x40 gcc/led.o
 .debug_aranges
                0x0000000000000360       0x38 gcc/startup_efm32gg.o
 .debug_aranges
                0x0000000000000398       0x88 gcc/clock_efm32gg2.o
 .debug_aranges
                0x0000000000000420       0xb0 gcc/lcd.o
 .debug_aranges
                0x00000000000004d0       0x28 gcc/gpio.o
 .debug_aranges
                0x00000000000004f8       0x50 gcc/adc.o

.debug_ranges   0x0000000000000000      0x488
 .debug_ranges  0x0000000000000000       0xe0 gcc/syscalls.o
 .debug_ranges  0x00000000000000e0       0xd0 gcc/uart2.o
 .debug_ranges  0x00000000000001b0       0x50 gcc/pwm.o
 .debug_ranges  0x0000000000000200       0x30 gcc/buffer.o
 .debug_ranges  0x0000000000000230       0x60 gcc/system_efm32gg.o
 .debug_ranges  0x0000000000000290       0x30 gcc/main.o
 .debug_ranges  0x00000000000002c0       0x30 gcc/led.o
 .debug_ranges  0x00000000000002f0       0x28 gcc/startup_efm32gg.o
 .debug_ranges  0x0000000000000318       0x78 gcc/clock_efm32gg2.o
 .debug_ranges  0x0000000000000390       0xa0 gcc/lcd.o
 .debug_ranges  0x0000000000000430       0x18 gcc/gpio.o
 .debug_ranges  0x0000000000000448       0x40 gcc/adc.o

.debug_line     0x0000000000000000     0x38a8
 .debug_line    0x0000000000000000      0x5d8 gcc/syscalls.o
 .debug_line    0x00000000000005d8      0x86b gcc/uart2.o
 .debug_line    0x0000000000000e43      0x47e gcc/pwm.o
 .debug_line    0x00000000000012c1      0x12b gcc/buffer.o
 .debug_line    0x00000000000013ec      0x36f gcc/system_efm32gg.o
 .debug_line    0x000000000000175b      0x3dc gcc/main.o
 .debug_line    0x0000000000001b37      0x263 gcc/led.o
 .debug_line    0x0000000000001d9a      0x1ce gcc/startup_efm32gg.o
 .debug_line    0x0000000000001f68      0x8e6 gcc/clock_efm32gg2.o
 .debug_line    0x000000000000284e      0x9b3 gcc/lcd.o
 .debug_line    0x0000000000003201      0x269 gcc/gpio.o
 .debug_line    0x000000000000346a      0x43e gcc/adc.o

.debug_str      0x0000000000000000     0x1b58
 .debug_str     0x0000000000000000      0x41e gcc/syscalls.o
                                        0x4d8 (size before relaxing)
 .debug_str     0x000000000000041e      0x6da gcc/uart2.o
                                        0x908 (size before relaxing)
 .debug_str     0x0000000000000af8      0x301 gcc/pwm.o
                                        0x610 (size before relaxing)
 .debug_str     0x0000000000000df9       0x7c gcc/buffer.o
                                        0x141 (size before relaxing)
 .debug_str     0x0000000000000e75      0x189 gcc/system_efm32gg.o
                                        0x40e (size before relaxing)
 .debug_str     0x0000000000000ffe      0x11c gcc/main.o
                                        0x8be (size before relaxing)
 .debug_str     0x000000000000111a       0x38 gcc/led.o
                                        0x330 (size before relaxing)
 .debug_str     0x0000000000001152       0x9b gcc/startup_efm32gg.o
                                        0x206 (size before relaxing)
 .debug_str     0x00000000000011ed      0x2f7 gcc/clock_efm32gg2.o
                                        0x6e1 (size before relaxing)
 .debug_str     0x00000000000014e4      0x493 gcc/lcd.o
                                        0x734 (size before relaxing)
 .debug_str     0x0000000000001977       0x3a gcc/gpio.o
                                        0x4e9 (size before relaxing)
 .debug_str     0x00000000000019b1      0x1a7 gcc/adc.o
                                        0x555 (size before relaxing)

.comment        0x0000000000000000       0x49
 .comment       0x0000000000000000       0x49 gcc/syscalls.o
                                         0x4a (size before relaxing)
 .comment       0x0000000000000049       0x4a gcc/uart2.o
 .comment       0x0000000000000049       0x4a gcc/pwm.o
 .comment       0x0000000000000049       0x4a gcc/buffer.o
 .comment       0x0000000000000049       0x4a gcc/system_efm32gg.o
 .comment       0x0000000000000049       0x4a gcc/main.o
 .comment       0x0000000000000049       0x4a gcc/led.o
 .comment       0x0000000000000049       0x4a gcc/startup_efm32gg.o
 .comment       0x0000000000000049       0x4a gcc/clock_efm32gg2.o
 .comment       0x0000000000000049       0x4a gcc/lcd.o
 .comment       0x0000000000000049       0x4a gcc/gpio.o
 .comment       0x0000000000000049       0x4a gcc/adc.o

.ARM.attributes
                0x0000000000000000       0x2d
 .ARM.attributes
                0x0000000000000000       0x2d gcc/syscalls.o
 .ARM.attributes
                0x000000000000002d       0x2d gcc/uart2.o
 .ARM.attributes
                0x000000000000005a       0x2d gcc/pwm.o
 .ARM.attributes
                0x0000000000000087       0x2d gcc/buffer.o
 .ARM.attributes
                0x00000000000000b4       0x2d gcc/system_efm32gg.o
 .ARM.attributes
                0x00000000000000e1       0x2d gcc/main.o
 .ARM.attributes
                0x000000000000010e       0x2d gcc/led.o
 .ARM.attributes
                0x000000000000013b       0x2d gcc/startup_efm32gg.o
 .ARM.attributes
                0x0000000000000168       0x2d gcc/clock_efm32gg2.o
 .ARM.attributes
                0x0000000000000195       0x2d gcc/lcd.o
 .ARM.attributes
                0x00000000000001c2       0x2d gcc/gpio.o
 .ARM.attributes
                0x00000000000001ef       0x2d gcc/adc.o
 .ARM.attributes
                0x000000000000021c       0x2d /home/aandrelouis/gcc-arm-none-eabi-10.3-2021.10-x86_64-linux/gcc-arm-none-eabi-10.3-2021.10/bin/../lib/gcc/arm-none-eabi/10.3.1/../../../../arm-none-eabi/lib/thumb/v7-m/nofp/libg_nano.a(lib_a-abort.o)
 .ARM.attributes
                0x0000000000000249       0x2d /home/aandrelouis/gcc-arm-none-eabi-10.3-2021.10-x86_64-linux/gcc-arm-none-eabi-10.3-2021.10/bin/../lib/gcc/arm-none-eabi/10.3.1/../../../../arm-none-eabi/lib/thumb/v7-m/nofp/libg_nano.a(lib_a-memset.o)
 .ARM.attributes
                0x0000000000000276       0x2d /home/aandrelouis/gcc-arm-none-eabi-10.3-2021.10-x86_64-linux/gcc-arm-none-eabi-10.3-2021.10/bin/../lib/gcc/arm-none-eabi/10.3.1/../../../../arm-none-eabi/lib/thumb/v7-m/nofp/libg_nano.a(lib_a-reent.o)
 .ARM.attributes
                0x00000000000002a3       0x2d /home/aandrelouis/gcc-arm-none-eabi-10.3-2021.10-x86_64-linux/gcc-arm-none-eabi-10.3-2021.10/bin/../lib/gcc/arm-none-eabi/10.3.1/../../../../arm-none-eabi/lib/thumb/v7-m/nofp/libg_nano.a(lib_a-signal.o)
 .ARM.attributes
                0x00000000000002d0       0x2d /home/aandrelouis/gcc-arm-none-eabi-10.3-2021.10-x86_64-linux/gcc-arm-none-eabi-10.3-2021.10/bin/../lib/gcc/arm-none-eabi/10.3.1/../../../../arm-none-eabi/lib/thumb/v7-m/nofp/libg_nano.a(lib_a-signalr.o)
 .ARM.attributes
                0x00000000000002fd       0x2d /home/aandrelouis/gcc-arm-none-eabi-10.3-2021.10-x86_64-linux/gcc-arm-none-eabi-10.3-2021.10/bin/../lib/gcc/arm-none-eabi/10.3.1/../../../../arm-none-eabi/lib/thumb/v7-m/nofp/libg_nano.a(lib_a-sprintf.o)
 .ARM.attributes
                0x000000000000032a       0x2d /home/aandrelouis/gcc-arm-none-eabi-10.3-2021.10-x86_64-linux/gcc-arm-none-eabi-10.3-2021.10/bin/../lib/gcc/arm-none-eabi/10.3.1/../../../../arm-none-eabi/lib/thumb/v7-m/nofp/libg_nano.a(lib_a-impure.o)
 .ARM.attributes
                0x0000000000000357       0x2d /home/aandrelouis/gcc-arm-none-eabi-10.3-2021.10-x86_64-linux/gcc-arm-none-eabi-10.3-2021.10/bin/../lib/gcc/arm-none-eabi/10.3.1/../../../../arm-none-eabi/lib/thumb/v7-m/nofp/libg_nano.a(lib_a-nano-freer.o)
 .ARM.attributes
                0x0000000000000384       0x2d /home/aandrelouis/gcc-arm-none-eabi-10.3-2021.10-x86_64-linux/gcc-arm-none-eabi-10.3-2021.10/bin/../lib/gcc/arm-none-eabi/10.3.1/../../../../arm-none-eabi/lib/thumb/v7-m/nofp/libg_nano.a(lib_a-nano-mallocr.o)
 .ARM.attributes
                0x00000000000003b1       0x2d /home/aandrelouis/gcc-arm-none-eabi-10.3-2021.10-x86_64-linux/gcc-arm-none-eabi-10.3-2021.10/bin/../lib/gcc/arm-none-eabi/10.3.1/../../../../arm-none-eabi/lib/thumb/v7-m/nofp/libg_nano.a(lib_a-nano-svfprintf.o)
 .ARM.attributes
                0x00000000000003de       0x2d /home/aandrelouis/gcc-arm-none-eabi-10.3-2021.10-x86_64-linux/gcc-arm-none-eabi-10.3-2021.10/bin/../lib/gcc/arm-none-eabi/10.3.1/../../../../arm-none-eabi/lib/thumb/v7-m/nofp/libg_nano.a(lib_a-nano-vfprintf_i.o)
 .ARM.attributes
                0x000000000000040b       0x2d /home/aandrelouis/gcc-arm-none-eabi-10.3-2021.10-x86_64-linux/gcc-arm-none-eabi-10.3-2021.10/bin/../lib/gcc/arm-none-eabi/10.3.1/../../../../arm-none-eabi/lib/thumb/v7-m/nofp/libg_nano.a(lib_a-sbrkr.o)
 .ARM.attributes
                0x0000000000000438       0x2d /home/aandrelouis/gcc-arm-none-eabi-10.3-2021.10-x86_64-linux/gcc-arm-none-eabi-10.3-2021.10/bin/../lib/gcc/arm-none-eabi/10.3.1/../../../../arm-none-eabi/lib/thumb/v7-m/nofp/libg_nano.a(lib_a-memchr-stub.o)
 .ARM.attributes
                0x0000000000000465       0x2d /home/aandrelouis/gcc-arm-none-eabi-10.3-2021.10-x86_64-linux/gcc-arm-none-eabi-10.3-2021.10/bin/../lib/gcc/arm-none-eabi/10.3.1/../../../../arm-none-eabi/lib/thumb/v7-m/nofp/libg_nano.a(lib_a-memcpy-stub.o)
 .ARM.attributes
                0x0000000000000492       0x2d /home/aandrelouis/gcc-arm-none-eabi-10.3-2021.10-x86_64-linux/gcc-arm-none-eabi-10.3-2021.10/bin/../lib/gcc/arm-none-eabi/10.3.1/../../../../arm-none-eabi/lib/thumb/v7-m/nofp/libg_nano.a(lib_a-memmove.o)
 .ARM.attributes
                0x00000000000004bf       0x2d /home/aandrelouis/gcc-arm-none-eabi-10.3-2021.10-x86_64-linux/gcc-arm-none-eabi-10.3-2021.10/bin/../lib/gcc/arm-none-eabi/10.3.1/../../../../arm-none-eabi/lib/thumb/v7-m/nofp/libg_nano.a(lib_a-mlock.o)
 .ARM.attributes
                0x00000000000004ec       0x2d /home/aandrelouis/gcc-arm-none-eabi-10.3-2021.10-x86_64-linux/gcc-arm-none-eabi-10.3-2021.10/bin/../lib/gcc/arm-none-eabi/10.3.1/../../../../arm-none-eabi/lib/thumb/v7-m/nofp/libg_nano.a(lib_a-nano-reallocr.o)
 .ARM.attributes
                0x0000000000000519       0x2d /home/aandrelouis/gcc-arm-none-eabi-10.3-2021.10-x86_64-linux/gcc-arm-none-eabi-10.3-2021.10/bin/../lib/gcc/arm-none-eabi/10.3.1/../../../../arm-none-eabi/lib/thumb/v7-m/nofp/libg_nano.a(lib_a-lock.o)
 .ARM.attributes
                0x0000000000000546       0x2d /home/aandrelouis/gcc-arm-none-eabi-10.3-2021.10-x86_64-linux/gcc-arm-none-eabi-10.3-2021.10/bin/../lib/gcc/arm-none-eabi/10.3.1/../../../../arm-none-eabi/lib/thumb/v7-m/nofp/libg_nano.a(lib_a-nano-msizer.o)

.debug_frame    0x0000000000000000     0x1954
 .debug_frame   0x0000000000000000      0x3f8 gcc/syscalls.o
 .debug_frame   0x00000000000003f8      0x3bc gcc/uart2.o
 .debug_frame   0x00000000000007b4      0x174 gcc/pwm.o
 .debug_frame   0x0000000000000928       0xd8 gcc/buffer.o
 .debug_frame   0x0000000000000a00      0x180 gcc/system_efm32gg.o
 .debug_frame   0x0000000000000b80       0xc4 gcc/main.o
 .debug_frame   0x0000000000000c44       0xd4 gcc/led.o
 .debug_frame   0x0000000000000d18       0x78 gcc/startup_efm32gg.o
 .debug_frame   0x0000000000000d90      0x20c gcc/clock_efm32gg2.o
 .debug_frame   0x0000000000000f9c      0x2d8 gcc/lcd.o
 .debug_frame   0x0000000000001274       0x5c gcc/gpio.o
 .debug_frame   0x00000000000012d0      0x118 gcc/adc.o
 .debug_frame   0x00000000000013e8       0x28 /home/aandrelouis/gcc-arm-none-eabi-10.3-2021.10-x86_64-linux/gcc-arm-none-eabi-10.3-2021.10/bin/../lib/gcc/arm-none-eabi/10.3.1/../../../../arm-none-eabi/lib/thumb/v7-m/nofp/libg_nano.a(lib_a-abort.o)
 .debug_frame   0x0000000000001410       0x20 /home/aandrelouis/gcc-arm-none-eabi-10.3-2021.10-x86_64-linux/gcc-arm-none-eabi-10.3-2021.10/bin/../lib/gcc/arm-none-eabi/10.3.1/../../../../arm-none-eabi/lib/thumb/v7-m/nofp/libg_nano.a(lib_a-memset.o)
 .debug_frame   0x0000000000001430       0x5c /home/aandrelouis/gcc-arm-none-eabi-10.3-2021.10-x86_64-linux/gcc-arm-none-eabi-10.3-2021.10/bin/../lib/gcc/arm-none-eabi/10.3.1/../../../../arm-none-eabi/lib/thumb/v7-m/nofp/libg_nano.a(lib_a-reent.o)
 .debug_frame   0x000000000000148c       0xcc /home/aandrelouis/gcc-arm-none-eabi-10.3-2021.10-x86_64-linux/gcc-arm-none-eabi-10.3-2021.10/bin/../lib/gcc/arm-none-eabi/10.3.1/../../../../arm-none-eabi/lib/thumb/v7-m/nofp/libg_nano.a(lib_a-signal.o)
 .debug_frame   0x0000000000001558       0x3c /home/aandrelouis/gcc-arm-none-eabi-10.3-2021.10-x86_64-linux/gcc-arm-none-eabi-10.3-2021.10/bin/../lib/gcc/arm-none-eabi/10.3.1/../../../../arm-none-eabi/lib/thumb/v7-m/nofp/libg_nano.a(lib_a-signalr.o)
 .debug_frame   0x0000000000001594       0x6c /home/aandrelouis/gcc-arm-none-eabi-10.3-2021.10-x86_64-linux/gcc-arm-none-eabi-10.3-2021.10/bin/../lib/gcc/arm-none-eabi/10.3.1/../../../../arm-none-eabi/lib/thumb/v7-m/nofp/libg_nano.a(lib_a-sprintf.o)
 .debug_frame   0x0000000000001600       0x38 /home/aandrelouis/gcc-arm-none-eabi-10.3-2021.10-x86_64-linux/gcc-arm-none-eabi-10.3-2021.10/bin/../lib/gcc/arm-none-eabi/10.3.1/../../../../arm-none-eabi/lib/thumb/v7-m/nofp/libg_nano.a(lib_a-nano-freer.o)
 .debug_frame   0x0000000000001638       0x4c /home/aandrelouis/gcc-arm-none-eabi-10.3-2021.10-x86_64-linux/gcc-arm-none-eabi-10.3-2021.10/bin/../lib/gcc/arm-none-eabi/10.3.1/../../../../arm-none-eabi/lib/thumb/v7-m/nofp/libg_nano.a(lib_a-nano-mallocr.o)
 .debug_frame   0x0000000000001684       0x90 /home/aandrelouis/gcc-arm-none-eabi-10.3-2021.10-x86_64-linux/gcc-arm-none-eabi-10.3-2021.10/bin/../lib/gcc/arm-none-eabi/10.3.1/../../../../arm-none-eabi/lib/thumb/v7-m/nofp/libg_nano.a(lib_a-nano-svfprintf.o)
 .debug_frame   0x0000000000001714       0x60 /home/aandrelouis/gcc-arm-none-eabi-10.3-2021.10-x86_64-linux/gcc-arm-none-eabi-10.3-2021.10/bin/../lib/gcc/arm-none-eabi/10.3.1/../../../../arm-none-eabi/lib/thumb/v7-m/nofp/libg_nano.a(lib_a-nano-vfprintf_i.o)
 .debug_frame   0x0000000000001774       0x2c /home/aandrelouis/gcc-arm-none-eabi-10.3-2021.10-x86_64-linux/gcc-arm-none-eabi-10.3-2021.10/bin/../lib/gcc/arm-none-eabi/10.3.1/../../../../arm-none-eabi/lib/thumb/v7-m/nofp/libg_nano.a(lib_a-sbrkr.o)
 .debug_frame   0x00000000000017a0       0x28 /home/aandrelouis/gcc-arm-none-eabi-10.3-2021.10-x86_64-linux/gcc-arm-none-eabi-10.3-2021.10/bin/../lib/gcc/arm-none-eabi/10.3.1/../../../../arm-none-eabi/lib/thumb/v7-m/nofp/libg_nano.a(lib_a-memchr-stub.o)
 .debug_frame   0x00000000000017c8       0x28 /home/aandrelouis/gcc-arm-none-eabi-10.3-2021.10-x86_64-linux/gcc-arm-none-eabi-10.3-2021.10/bin/../lib/gcc/arm-none-eabi/10.3.1/../../../../arm-none-eabi/lib/thumb/v7-m/nofp/libg_nano.a(lib_a-memcpy-stub.o)
 .debug_frame   0x00000000000017f0       0x28 /home/aandrelouis/gcc-arm-none-eabi-10.3-2021.10-x86_64-linux/gcc-arm-none-eabi-10.3-2021.10/bin/../lib/gcc/arm-none-eabi/10.3.1/../../../../arm-none-eabi/lib/thumb/v7-m/nofp/libg_nano.a(lib_a-memmove.o)
 .debug_frame   0x0000000000001818       0x30 /home/aandrelouis/gcc-arm-none-eabi-10.3-2021.10-x86_64-linux/gcc-arm-none-eabi-10.3-2021.10/bin/../lib/gcc/arm-none-eabi/10.3.1/../../../../arm-none-eabi/lib/thumb/v7-m/nofp/libg_nano.a(lib_a-mlock.o)
 .debug_frame   0x0000000000001848       0x3c /home/aandrelouis/gcc-arm-none-eabi-10.3-2021.10-x86_64-linux/gcc-arm-none-eabi-10.3-2021.10/bin/../lib/gcc/arm-none-eabi/10.3.1/../../../../arm-none-eabi/lib/thumb/v7-m/nofp/libg_nano.a(lib_a-nano-reallocr.o)
 .debug_frame   0x0000000000001884       0xb0 /home/aandrelouis/gcc-arm-none-eabi-10.3-2021.10-x86_64-linux/gcc-arm-none-eabi-10.3-2021.10/bin/../lib/gcc/arm-none-eabi/10.3.1/../../../../arm-none-eabi/lib/thumb/v7-m/nofp/libg_nano.a(lib_a-lock.o)
 .debug_frame   0x0000000000001934       0x20 /home/aandrelouis/gcc-arm-none-eabi-10.3-2021.10-x86_64-linux/gcc-arm-none-eabi-10.3-2021.10/bin/../lib/gcc/arm-none-eabi/10.3.1/../../../../arm-none-eabi/lib/thumb/v7-m/nofp/libg_nano.a(lib_a-nano-msizer.o)
