Archive member included to satisfy reference by file (symbol)

/home/aandrelouis/gcc-arm-none-eabi-10.3-2021.10-x86_64-linux/gcc-arm-none-eabi-10.3-2021.10/bin/../lib/gcc/arm-none-eabi/10.3.1/../../../../arm-none-eabi/lib/thumb/v7-m/nofp/libg_nano.a(lib_a-abort.o)
                              gcc/syscalls.o (abort)
/home/aandrelouis/gcc-arm-none-eabi-10.3-2021.10-x86_64-linux/gcc-arm-none-eabi-10.3-2021.10/bin/../lib/gcc/arm-none-eabi/10.3.1/../../../../arm-none-eabi/lib/thumb/v7-m/nofp/libg_nano.a(lib_a-memset.o)
                              gcc/lcd.o (memset)
/home/aandrelouis/gcc-arm-none-eabi-10.3-2021.10-x86_64-linux/gcc-arm-none-eabi-10.3-2021.10/bin/../lib/gcc/arm-none-eabi/10.3.1/../../../../arm-none-eabi/lib/thumb/v7-m/nofp/libg_nano.a(lib_a-reent.o)
                              gcc/syscalls.o (errno)
/home/aandrelouis/gcc-arm-none-eabi-10.3-2021.10-x86_64-linux/gcc-arm-none-eabi-10.3-2021.10/bin/../lib/gcc/arm-none-eabi/10.3.1/../../../../arm-none-eabi/lib/thumb/v7-m/nofp/libg_nano.a(lib_a-signal.o)
                              /home/aandrelouis/gcc-arm-none-eabi-10.3-2021.10-x86_64-linux/gcc-arm-none-eabi-10.3-2021.10/bin/../lib/gcc/arm-none-eabi/10.3.1/../../../../arm-none-eabi/lib/thumb/v7-m/nofp/libg_nano.a(lib_a-abort.o) (raise)
/home/aandrelouis/gcc-arm-none-eabi-10.3-2021.10-x86_64-linux/gcc-arm-none-eabi-10.3-2021.10/bin/../lib/gcc/arm-none-eabi/10.3.1/../../../../arm-none-eabi/lib/thumb/v7-m/nofp/libg_nano.a(lib_a-signalr.o)
                              /home/aandrelouis/gcc-arm-none-eabi-10.3-2021.10-x86_64-linux/gcc-arm-none-eabi-10.3-2021.10/bin/../lib/gcc/arm-none-eabi/10.3.1/../../../../arm-none-eabi/lib/thumb/v7-m/nofp/libg_nano.a(lib_a-signal.o) (_kill_r)
/home/aandrelouis/gcc-arm-none-eabi-10.3-2021.10-x86_64-linux/gcc-arm-none-eabi-10.3-2021.10/bin/../lib/gcc/arm-none-eabi/10.3.1/../../../../arm-none-eabi/lib/thumb/v7-m/nofp/libg_nano.a(lib_a-sprintf.o)
                              gcc/main.o (sprintf)
/home/aandrelouis/gcc-arm-none-eabi-10.3-2021.10-x86_64-linux/gcc-arm-none-eabi-10.3-2021.10/bin/../lib/gcc/arm-none-eabi/10.3.1/../../../../arm-none-eabi/lib/thumb/v7-m/nofp/libg_nano.a(lib_a-impure.o)
                              /home/aandrelouis/gcc-arm-none-eabi-10.3-2021.10-x86_64-linux/gcc-arm-none-eabi-10.3-2021.10/bin/../lib/gcc/arm-none-eabi/10.3.1/../../../../arm-none-eabi/lib/thumb/v7-m/nofp/libg_nano.a(lib_a-reent.o) (_impure_ptr)
/home/aandrelouis/gcc-arm-none-eabi-10.3-2021.10-x86_64-linux/gcc-arm-none-eabi-10.3-2021.10/bin/../lib/gcc/arm-none-eabi/10.3.1/../../../../arm-none-eabi/lib/thumb/v7-m/nofp/libg_nano.a(lib_a-nano-freer.o)
                              /home/aandrelouis/gcc-arm-none-eabi-10.3-2021.10-x86_64-linux/gcc-arm-none-eabi-10.3-2021.10/bin/../lib/gcc/arm-none-eabi/10.3.1/../../../../arm-none-eabi/lib/thumb/v7-m/nofp/libg_nano.a(lib_a-reent.o) (_free_r)
/home/aandrelouis/gcc-arm-none-eabi-10.3-2021.10-x86_64-linux/gcc-arm-none-eabi-10.3-2021.10/bin/../lib/gcc/arm-none-eabi/10.3.1/../../../../arm-none-eabi/lib/thumb/v7-m/nofp/libg_nano.a(lib_a-nano-mallocr.o)
                              /home/aandrelouis/gcc-arm-none-eabi-10.3-2021.10-x86_64-linux/gcc-arm-none-eabi-10.3-2021.10/bin/../lib/gcc/arm-none-eabi/10.3.1/../../../../arm-none-eabi/lib/thumb/v7-m/nofp/libg_nano.a(lib_a-signal.o) (_malloc_r)
/home/aandrelouis/gcc-arm-none-eabi-10.3-2021.10-x86_64-linux/gcc-arm-none-eabi-10.3-2021.10/bin/../lib/gcc/arm-none-eabi/10.3.1/../../../../arm-none-eabi/lib/thumb/v7-m/nofp/libg_nano.a(lib_a-nano-svfprintf.o)
                              /home/aandrelouis/gcc-arm-none-eabi-10.3-2021.10-x86_64-linux/gcc-arm-none-eabi-10.3-2021.10/bin/../lib/gcc/arm-none-eabi/10.3.1/../../../../arm-none-eabi/lib/thumb/v7-m/nofp/libg_nano.a(lib_a-sprintf.o) (_svfprintf_r)
/home/aandrelouis/gcc-arm-none-eabi-10.3-2021.10-x86_64-linux/gcc-arm-none-eabi-10.3-2021.10/bin/../lib/gcc/arm-none-eabi/10.3.1/../../../../arm-none-eabi/lib/thumb/v7-m/nofp/libg_nano.a(lib_a-nano-vfprintf_i.o)
                              /home/aandrelouis/gcc-arm-none-eabi-10.3-2021.10-x86_64-linux/gcc-arm-none-eabi-10.3-2021.10/bin/../lib/gcc/arm-none-eabi/10.3.1/../../../../arm-none-eabi/lib/thumb/v7-m/nofp/libg_nano.a(lib_a-nano-svfprintf.o) (_printf_i)
/home/aandrelouis/gcc-arm-none-eabi-10.3-2021.10-x86_64-linux/gcc-arm-none-eabi-10.3-2021.10/bin/../lib/gcc/arm-none-eabi/10.3.1/../../../../arm-none-eabi/lib/thumb/v7-m/nofp/libg_nano.a(lib_a-sbrkr.o)
                              /home/aandrelouis/gcc-arm-none-eabi-10.3-2021.10-x86_64-linux/gcc-arm-none-eabi-10.3-2021.10/bin/../lib/gcc/arm-none-eabi/10.3.1/../../../../arm-none-eabi/lib/thumb/v7-m/nofp/libg_nano.a(lib_a-nano-mallocr.o) (_sbrk_r)
/home/aandrelouis/gcc-arm-none-eabi-10.3-2021.10-x86_64-linux/gcc-arm-none-eabi-10.3-2021.10/bin/../lib/gcc/arm-none-eabi/10.3.1/../../../../arm-none-eabi/lib/thumb/v7-m/nofp/libg_nano.a(lib_a-memchr-stub.o)
                              /home/aandrelouis/gcc-arm-none-eabi-10.3-2021.10-x86_64-linux/gcc-arm-none-eabi-10.3-2021.10/bin/../lib/gcc/arm-none-eabi/10.3.1/../../../../arm-none-eabi/lib/thumb/v7-m/nofp/libg_nano.a(lib_a-nano-svfprintf.o) (memchr)
/home/aandrelouis/gcc-arm-none-eabi-10.3-2021.10-x86_64-linux/gcc-arm-none-eabi-10.3-2021.10/bin/../lib/gcc/arm-none-eabi/10.3.1/../../../../arm-none-eabi/lib/thumb/v7-m/nofp/libg_nano.a(lib_a-memcpy-stub.o)
                              /home/aandrelouis/gcc-arm-none-eabi-10.3-2021.10-x86_64-linux/gcc-arm-none-eabi-10.3-2021.10/bin/../lib/gcc/arm-none-eabi/10.3.1/../../../../arm-none-eabi/lib/thumb/v7-m/nofp/libg_nano.a(lib_a-nano-svfprintf.o) (memcpy)
/home/aandrelouis/gcc-arm-none-eabi-10.3-2021.10-x86_64-linux/gcc-arm-none-eabi-10.3-2021.10/bin/../lib/gcc/arm-none-eabi/10.3.1/../../../../arm-none-eabi/lib/thumb/v7-m/nofp/libg_nano.a(lib_a-memmove.o)
                              /home/aandrelouis/gcc-arm-none-eabi-10.3-2021.10-x86_64-linux/gcc-arm-none-eabi-10.3-2021.10/bin/../lib/gcc/arm-none-eabi/10.3.1/../../../../arm-none-eabi/lib/thumb/v7-m/nofp/libg_nano.a(lib_a-nano-svfprintf.o) (memmove)
/home/aandrelouis/gcc-arm-none-eabi-10.3-2021.10-x86_64-linux/gcc-arm-none-eabi-10.3-2021.10/bin/../lib/gcc/arm-none-eabi/10.3.1/../../../../arm-none-eabi/lib/thumb/v7-m/nofp/libg_nano.a(lib_a-mlock.o)
                              /home/aandrelouis/gcc-arm-none-eabi-10.3-2021.10-x86_64-linux/gcc-arm-none-eabi-10.3-2021.10/bin/../lib/gcc/arm-none-eabi/10.3.1/../../../../arm-none-eabi/lib/thumb/v7-m/nofp/libg_nano.a(lib_a-nano-freer.o) (__malloc_lock)
/home/aandrelouis/gcc-arm-none-eabi-10.3-2021.10-x86_64-linux/gcc-arm-none-eabi-10.3-2021.10/bin/../lib/gcc/arm-none-eabi/10.3.1/../../../../arm-none-eabi/lib/thumb/v7-m/nofp/libg_nano.a(lib_a-nano-reallocr.o)
                              /home/aandrelouis/gcc-arm-none-eabi-10.3-2021.10-x86_64-linux/gcc-arm-none-eabi-10.3-2021.10/bin/../lib/gcc/arm-none-eabi/10.3.1/../../../../arm-none-eabi/lib/thumb/v7-m/nofp/libg_nano.a(lib_a-nano-svfprintf.o) (_realloc_r)
/home/aandrelouis/gcc-arm-none-eabi-10.3-2021.10-x86_64-linux/gcc-arm-none-eabi-10.3-2021.10/bin/../lib/gcc/arm-none-eabi/10.3.1/../../../../arm-none-eabi/lib/thumb/v7-m/nofp/libg_nano.a(lib_a-lock.o)
                              /home/aandrelouis/gcc-arm-none-eabi-10.3-2021.10-x86_64-linux/gcc-arm-none-eabi-10.3-2021.10/bin/../lib/gcc/arm-none-eabi/10.3.1/../../../../arm-none-eabi/lib/thumb/v7-m/nofp/libg_nano.a(lib_a-mlock.o) (__retarget_lock_acquire_recursive)
/home/aandrelouis/gcc-arm-none-eabi-10.3-2021.10-x86_64-linux/gcc-arm-none-eabi-10.3-2021.10/bin/../lib/gcc/arm-none-eabi/10.3.1/../../../../arm-none-eabi/lib/thumb/v7-m/nofp/libg_nano.a(lib_a-nano-msizer.o)
                              /home/aandrelouis/gcc-arm-none-eabi-10.3-2021.10-x86_64-linux/gcc-arm-none-eabi-10.3-2021.10/bin/../lib/gcc/arm-none-eabi/10.3.1/../../../../arm-none-eabi/lib/thumb/v7-m/nofp/libg_nano.a(lib_a-nano-reallocr.o) (_malloc_usable_size_r)

Discarded input sections

 .text          0x0000000000000000        0x0 gcc/syscalls.o
 .data          0x0000000000000000        0x0 gcc/syscalls.o
 .bss           0x0000000000000000        0x0 gcc/syscalls.o
 .text.SerialRead
                0x0000000000000000       0x1c gcc/syscalls.o
 .text.SerialFlush
                0x0000000000000000       0x1c gcc/syscalls.o
 .text.tty_read_un
                0x0000000000000000       0x5c gcc/syscalls.o
 .text.tty_read_lb
                0x0000000000000000       0xcc gcc/syscalls.o
 .text._close   0x0000000000000000       0x16 gcc/syscalls.o
 .bss.__env     0x0000000000000000        0x4 gcc/syscalls.o
 .data.environ  0x0000000000000000        0x4 gcc/syscalls.o
 .text._execve  0x0000000000000000       0x24 gcc/syscalls.o
 .text._fork    0x0000000000000000       0x1c gcc/syscalls.o
 .text._fstat   0x0000000000000000       0x1e gcc/syscalls.o
 .text._isatty  0x0000000000000000       0x14 gcc/syscalls.o
 .text._link    0x0000000000000000       0x24 gcc/syscalls.o
 .text._lseek   0x0000000000000000       0x18 gcc/syscalls.o
 .text._open    0x0000000000000000       0x1a gcc/syscalls.o
 .text._read    0x0000000000000000       0x40 gcc/syscalls.o
 .text._stat    0x0000000000000000       0x1e gcc/syscalls.o
 .text._times   0x0000000000000000       0x16 gcc/syscalls.o
 .text._unlink  0x0000000000000000       0x20 gcc/syscalls.o
 .text._wait    0x0000000000000000       0x20 gcc/syscalls.o
 .text          0x0000000000000000        0x0 gcc/pwm.o
 .data          0x0000000000000000        0x0 gcc/pwm.o
 .bss           0x0000000000000000        0x0 gcc/pwm.o
 .rodata.GPIOA  0x0000000000000000        0x4 gcc/pwm.o
 .rodata.GPIOB  0x0000000000000000        0x4 gcc/pwm.o
 .rodata.GPIOC  0x0000000000000000        0x4 gcc/pwm.o
 .rodata.GPIOD  0x0000000000000000        0x4 gcc/pwm.o
 .rodata.GPIOE  0x0000000000000000        0x4 gcc/pwm.o
 .rodata.GPIOF  0x0000000000000000        0x4 gcc/pwm.o
 .rodata.GPIO_MODE_DISABLE
                0x0000000000000000        0x4 gcc/pwm.o
 .rodata.GPIO_MODE_INPUT
                0x0000000000000000        0x4 gcc/pwm.o
 .rodata.GPIO_MODE_INPUTPULL
                0x0000000000000000        0x4 gcc/pwm.o
 .rodata.GPIO_MODE_INPUTPULLFILTER
                0x0000000000000000        0x4 gcc/pwm.o
 .rodata.GPIO_MODE_PUSHPULL
                0x0000000000000000        0x4 gcc/pwm.o
 .rodata.GPIO_MODE_PUSHPULLDRIVE
                0x0000000000000000        0x4 gcc/pwm.o
 .rodata.GPIO_MODE_WIREDOR
                0x0000000000000000        0x4 gcc/pwm.o
 .rodata.GPIO_MODE_WIREDORPULLDOWN
                0x0000000000000000        0x4 gcc/pwm.o
 .rodata.GPIO_MODE_WIREDAND
                0x0000000000000000        0x4 gcc/pwm.o
 .rodata.GPIO_MODE_WIREDANDFILTER
                0x0000000000000000        0x4 gcc/pwm.o
 .rodata.GPIO_MODE_WIREDANDPULLUP
                0x0000000000000000        0x4 gcc/pwm.o
 .rodata.GPIO_MODE_WIREDANDPULLUPFILTER
                0x0000000000000000        0x4 gcc/pwm.o
 .rodata.GPIO_MODE_WIREDANDDRIVE
                0x0000000000000000        0x4 gcc/pwm.o
 .rodata.GPIO_MODE_WIREDANDDRIVEFILTER
                0x0000000000000000        0x4 gcc/pwm.o
 .rodata.GPIO_MODE_WIREDANDDRIVEPULLUP
                0x0000000000000000        0x4 gcc/pwm.o
 .rodata.GPIO_MODE_WIREDANDDRIVEPULLUPFILTER
                0x0000000000000000        0x4 gcc/pwm.o
 .text.PWM_Read
                0x0000000000000000       0x26 gcc/pwm.o
 .text          0x0000000000000000        0x0 gcc/buffer.o
 .data          0x0000000000000000        0x0 gcc/buffer.o
 .bss           0x0000000000000000        0x0 gcc/buffer.o
 .text.buffer_clear
                0x0000000000000000       0x2a gcc/buffer.o
 .text          0x0000000000000000        0x0 gcc/system_efm32gg.o
 .data          0x0000000000000000        0x0 gcc/system_efm32gg.o
 .bss           0x0000000000000000        0x0 gcc/system_efm32gg.o
 .text.SystemMaxCoreClockGet
                0x0000000000000000       0x14 gcc/system_efm32gg.o
 .text.SystemHFXOClockGet
                0x0000000000000000       0x14 gcc/system_efm32gg.o
 .text.SystemHFXOClockSet
                0x0000000000000000       0x30 gcc/system_efm32gg.o
 .text.SystemLFRCOClockGet
                0x0000000000000000       0x10 gcc/system_efm32gg.o
 .text.SystemULFRCOClockGet
                0x0000000000000000       0x10 gcc/system_efm32gg.o
 .text.SystemLFXOClockGet
                0x0000000000000000       0x14 gcc/system_efm32gg.o
 .text.SystemLFXOClockSet
                0x0000000000000000       0x30 gcc/system_efm32gg.o
 .text          0x0000000000000000        0x0 gcc/main.o
 .data          0x0000000000000000        0x0 gcc/main.o
 .bss           0x0000000000000000        0x0 gcc/main.o
 .rodata.GPIOA  0x0000000000000000        0x4 gcc/main.o
 .rodata.GPIOB  0x0000000000000000        0x4 gcc/main.o
 .rodata.GPIOC  0x0000000000000000        0x4 gcc/main.o
 .rodata.GPIOD  0x0000000000000000        0x4 gcc/main.o
 .rodata.GPIOE  0x0000000000000000        0x4 gcc/main.o
 .rodata.GPIOF  0x0000000000000000        0x4 gcc/main.o
 .rodata.GPIO_MODE_DISABLE
                0x0000000000000000        0x4 gcc/main.o
 .rodata.GPIO_MODE_INPUT
                0x0000000000000000        0x4 gcc/main.o
 .rodata.GPIO_MODE_INPUTPULL
                0x0000000000000000        0x4 gcc/main.o
 .rodata.GPIO_MODE_INPUTPULLFILTER
                0x0000000000000000        0x4 gcc/main.o
 .rodata.GPIO_MODE_PUSHPULL
                0x0000000000000000        0x4 gcc/main.o
 .rodata.GPIO_MODE_PUSHPULLDRIVE
                0x0000000000000000        0x4 gcc/main.o
 .rodata.GPIO_MODE_WIREDOR
                0x0000000000000000        0x4 gcc/main.o
 .rodata.GPIO_MODE_WIREDORPULLDOWN
                0x0000000000000000        0x4 gcc/main.o
 .rodata.GPIO_MODE_WIREDAND
                0x0000000000000000        0x4 gcc/main.o
 .rodata.GPIO_MODE_WIREDANDFILTER
                0x0000000000000000        0x4 gcc/main.o
 .rodata.GPIO_MODE_WIREDANDPULLUP
                0x0000000000000000        0x4 gcc/main.o
 .rodata.GPIO_MODE_WIREDANDPULLUPFILTER
                0x0000000000000000        0x4 gcc/main.o
 .rodata.GPIO_MODE_WIREDANDDRIVE
                0x0000000000000000        0x4 gcc/main.o
 .rodata.GPIO_MODE_WIREDANDDRIVEFILTER
                0x0000000000000000        0x4 gcc/main.o
 .rodata.GPIO_MODE_WIREDANDDRIVEPULLUP
                0x0000000000000000        0x4 gcc/main.o
 .rodata.GPIO_MODE_WIREDANDDRIVEPULLUPFILTER
                0x0000000000000000        0x4 gcc/main.o
 .text          0x0000000000000000        0x0 gcc/led.o
 .data          0x0000000000000000        0x0 gcc/led.o
 .bss           0x0000000000000000        0x0 gcc/led.o
 .rodata.GPIOE  0x0000000000000000        0x4 gcc/led.o
 .text.LED_Init
                0x0000000000000000       0x7c gcc/led.o
 .text.LED_On   0x0000000000000000       0x24 gcc/led.o
 .text.LED_Off  0x0000000000000000       0x24 gcc/led.o
 .text.LED_Toggle
                0x0000000000000000       0x24 gcc/led.o
 .text          0x0000000000000000        0x0 gcc/clock_efm32gg2.o
 .data          0x0000000000000000        0x0 gcc/clock_efm32gg2.o
 .bss           0x0000000000000000        0x0 gcc/clock_efm32gg2.o
 .text.ClockSetPrescalers
                0x0000000000000000      0x11c gcc/clock_efm32gg2.o
 .text.ClockSetLFCLKA
                0x0000000000000000      0x12c gcc/clock_efm32gg2.o
 .text.ClockSetLFCLKB
                0x0000000000000000      0x12c gcc/clock_efm32gg2.o
 .text          0x0000000000000000        0x0 gcc/lcd.o
 .data          0x0000000000000000        0x0 gcc/lcd.o
 .bss           0x0000000000000000        0x0 gcc/lcd.o
 .rodata.tablcdspecial
                0x0000000000000000       0x44 gcc/lcd.o
 .text.LCD_WriteAlphanumericDisplay
                0x0000000000000000       0x4e gcc/lcd.o
 .text.LCD_WriteNumericDisplay
                0x0000000000000000       0x4e gcc/lcd.o
 .text.LCD_WriteSegmentMask
                0x0000000000000000       0x9c gcc/lcd.o
 .text.LCD_WriteSegment2
                0x0000000000000000       0x48 gcc/lcd.o
 .text.LCD_WriteSegment
                0x0000000000000000       0x3c gcc/lcd.o
 .text.LCD_WriteSpecial
                0x0000000000000000      0x25c gcc/lcd.o
 .text.LCD_Freeze
                0x0000000000000000       0x1c gcc/lcd.o
 .text.LCD_Unfreeze
                0x0000000000000000       0x1c gcc/lcd.o
 .text          0x0000000000000000        0x0 gcc/temperature.o
 .data          0x0000000000000000        0x0 gcc/temperature.o
 .bss           0x0000000000000000        0x0 gcc/temperature.o
 .bss.caltemp   0x0000000000000000        0x4 gcc/temperature.o
 .bss.caltempread
                0x0000000000000000        0x4 gcc/temperature.o
 .data.adcthu_num
                0x0000000000000000        0x4 gcc/temperature.o
 .data.adcthu_den
                0x0000000000000000        0x4 gcc/temperature.o
 .text.GetCalibrationValues
                0x0000000000000000       0x34 gcc/temperature.o
 .text.Temperature_Init
                0x0000000000000000       0x1c gcc/temperature.o
 .text.Temperature_GetRawReading
                0x0000000000000000       0x18 gcc/temperature.o
 .text.Temperature_GetUncalibratedValue
                0x0000000000000000       0x3c gcc/temperature.o
 .text.Temperature_GetCalibratedValue
                0x0000000000000000       0x48 gcc/temperature.o
 .debug_info    0x0000000000000000      0x2b2 gcc/temperature.o
 .debug_abbrev  0x0000000000000000       0xf3 gcc/temperature.o
 .debug_aranges
                0x0000000000000000       0x40 gcc/temperature.o
 .debug_ranges  0x0000000000000000       0x30 gcc/temperature.o
 .debug_line    0x0000000000000000      0x260 gcc/temperature.o
 .debug_str     0x0000000000000000      0x2c7 gcc/temperature.o
 .comment       0x0000000000000000       0x4a gcc/temperature.o
 .debug_frame   0x0000000000000000       0xc0 gcc/temperature.o
 .ARM.attributes
                0x0000000000000000       0x2d gcc/temperature.o
 .text          0x0000000000000000        0x0 gcc/uart2.o
 .data          0x0000000000000000        0x0 gcc/uart2.o
 .bss           0x0000000000000000        0x0 gcc/uart2.o
 .rodata.BAUD   0x0000000000000000        0x4 gcc/uart2.o
 .rodata.GPIOE  0x0000000000000000        0x4 gcc/uart2.o
 .rodata.GPIOF  0x0000000000000000        0x4 gcc/uart2.o
 .bss.obuffarea1
                0x0000000000000000       0x74 gcc/uart2.o
 .text.UART_GetStatus
                0x0000000000000000       0x1a gcc/uart2.o
 .text.UART_SendString
                0x0000000000000000       0x2e gcc/uart2.o
 .text.UART_GetCharNoWait
                0x0000000000000000       0x80 gcc/uart2.o
 .text.UART_GetChar
                0x0000000000000000       0x7c gcc/uart2.o
 .text.UART_EnableInterrupts
                0x0000000000000000       0x40 gcc/uart2.o
 .text.UART_DisableInterrupts
                0x0000000000000000       0x40 gcc/uart2.o
 .text.UART_PutCharPolling
                0x0000000000000000       0x2a gcc/uart2.o
 .text.UART_Flush
                0x0000000000000000       0xd4 gcc/uart2.o
 .text          0x0000000000000000        0x0 gcc/startup_efm32gg.o
 .data          0x0000000000000000        0x0 gcc/startup_efm32gg.o
 .bss           0x0000000000000000        0x0 gcc/startup_efm32gg.o
 .text.SystemInit
                0x0000000000000000        0xc gcc/startup_efm32gg.o
 .text._main    0x0000000000000000        0xc gcc/startup_efm32gg.o
 .text          0x0000000000000000        0x0 gcc/adc.o
 .data          0x0000000000000000        0x0 gcc/adc.o
 .bss           0x0000000000000000        0x0 gcc/adc.o
 .text          0x0000000000000000        0x0 /home/aandrelouis/gcc-arm-none-eabi-10.3-2021.10-x86_64-linux/gcc-arm-none-eabi-10.3-2021.10/bin/../lib/gcc/arm-none-eabi/10.3.1/../../../../arm-none-eabi/lib/thumb/v7-m/nofp/libg_nano.a(lib_a-abort.o)
 .data          0x0000000000000000        0x0 /home/aandrelouis/gcc-arm-none-eabi-10.3-2021.10-x86_64-linux/gcc-arm-none-eabi-10.3-2021.10/bin/../lib/gcc/arm-none-eabi/10.3.1/../../../../arm-none-eabi/lib/thumb/v7-m/nofp/libg_nano.a(lib_a-abort.o)
 .bss           0x0000000000000000        0x0 /home/aandrelouis/gcc-arm-none-eabi-10.3-2021.10-x86_64-linux/gcc-arm-none-eabi-10.3-2021.10/bin/../lib/gcc/arm-none-eabi/10.3.1/../../../../arm-none-eabi/lib/thumb/v7-m/nofp/libg_nano.a(lib_a-abort.o)
 .text          0x0000000000000000        0x0 /home/aandrelouis/gcc-arm-none-eabi-10.3-2021.10-x86_64-linux/gcc-arm-none-eabi-10.3-2021.10/bin/../lib/gcc/arm-none-eabi/10.3.1/../../../../arm-none-eabi/lib/thumb/v7-m/nofp/libg_nano.a(lib_a-memset.o)
 .data          0x0000000000000000        0x0 /home/aandrelouis/gcc-arm-none-eabi-10.3-2021.10-x86_64-linux/gcc-arm-none-eabi-10.3-2021.10/bin/../lib/gcc/arm-none-eabi/10.3.1/../../../../arm-none-eabi/lib/thumb/v7-m/nofp/libg_nano.a(lib_a-memset.o)
 .bss           0x0000000000000000        0x0 /home/aandrelouis/gcc-arm-none-eabi-10.3-2021.10-x86_64-linux/gcc-arm-none-eabi-10.3-2021.10/bin/../lib/gcc/arm-none-eabi/10.3.1/../../../../arm-none-eabi/lib/thumb/v7-m/nofp/libg_nano.a(lib_a-memset.o)
 .text          0x0000000000000000        0x0 /home/aandrelouis/gcc-arm-none-eabi-10.3-2021.10-x86_64-linux/gcc-arm-none-eabi-10.3-2021.10/bin/../lib/gcc/arm-none-eabi/10.3.1/../../../../arm-none-eabi/lib/thumb/v7-m/nofp/libg_nano.a(lib_a-reent.o)
 .data          0x0000000000000000        0x0 /home/aandrelouis/gcc-arm-none-eabi-10.3-2021.10-x86_64-linux/gcc-arm-none-eabi-10.3-2021.10/bin/../lib/gcc/arm-none-eabi/10.3.1/../../../../arm-none-eabi/lib/thumb/v7-m/nofp/libg_nano.a(lib_a-reent.o)
 .bss           0x0000000000000000        0x0 /home/aandrelouis/gcc-arm-none-eabi-10.3-2021.10-x86_64-linux/gcc-arm-none-eabi-10.3-2021.10/bin/../lib/gcc/arm-none-eabi/10.3.1/../../../../arm-none-eabi/lib/thumb/v7-m/nofp/libg_nano.a(lib_a-reent.o)
 .text.cleanup_glue
                0x0000000000000000       0x1a /home/aandrelouis/gcc-arm-none-eabi-10.3-2021.10-x86_64-linux/gcc-arm-none-eabi-10.3-2021.10/bin/../lib/gcc/arm-none-eabi/10.3.1/../../../../arm-none-eabi/lib/thumb/v7-m/nofp/libg_nano.a(lib_a-reent.o)
 .text._reclaim_reent
                0x0000000000000000       0xb8 /home/aandrelouis/gcc-arm-none-eabi-10.3-2021.10-x86_64-linux/gcc-arm-none-eabi-10.3-2021.10/bin/../lib/gcc/arm-none-eabi/10.3.1/../../../../arm-none-eabi/lib/thumb/v7-m/nofp/libg_nano.a(lib_a-reent.o)
 .text          0x0000000000000000        0x0 /home/aandrelouis/gcc-arm-none-eabi-10.3-2021.10-x86_64-linux/gcc-arm-none-eabi-10.3-2021.10/bin/../lib/gcc/arm-none-eabi/10.3.1/../../../../arm-none-eabi/lib/thumb/v7-m/nofp/libg_nano.a(lib_a-signal.o)
 .data          0x0000000000000000        0x0 /home/aandrelouis/gcc-arm-none-eabi-10.3-2021.10-x86_64-linux/gcc-arm-none-eabi-10.3-2021.10/bin/../lib/gcc/arm-none-eabi/10.3.1/../../../../arm-none-eabi/lib/thumb/v7-m/nofp/libg_nano.a(lib_a-signal.o)
 .bss           0x0000000000000000        0x0 /home/aandrelouis/gcc-arm-none-eabi-10.3-2021.10-x86_64-linux/gcc-arm-none-eabi-10.3-2021.10/bin/../lib/gcc/arm-none-eabi/10.3.1/../../../../arm-none-eabi/lib/thumb/v7-m/nofp/libg_nano.a(lib_a-signal.o)
 .text._init_signal_r
                0x0000000000000000       0x28 /home/aandrelouis/gcc-arm-none-eabi-10.3-2021.10-x86_64-linux/gcc-arm-none-eabi-10.3-2021.10/bin/../lib/gcc/arm-none-eabi/10.3.1/../../../../arm-none-eabi/lib/thumb/v7-m/nofp/libg_nano.a(lib_a-signal.o)
 .text._signal_r
                0x0000000000000000       0x30 /home/aandrelouis/gcc-arm-none-eabi-10.3-2021.10-x86_64-linux/gcc-arm-none-eabi-10.3-2021.10/bin/../lib/gcc/arm-none-eabi/10.3.1/../../../../arm-none-eabi/lib/thumb/v7-m/nofp/libg_nano.a(lib_a-signal.o)
 .text.__sigtramp_r
                0x0000000000000000       0x48 /home/aandrelouis/gcc-arm-none-eabi-10.3-2021.10-x86_64-linux/gcc-arm-none-eabi-10.3-2021.10/bin/../lib/gcc/arm-none-eabi/10.3.1/../../../../arm-none-eabi/lib/thumb/v7-m/nofp/libg_nano.a(lib_a-signal.o)
 .text.signal   0x0000000000000000       0x10 /home/aandrelouis/gcc-arm-none-eabi-10.3-2021.10-x86_64-linux/gcc-arm-none-eabi-10.3-2021.10/bin/../lib/gcc/arm-none-eabi/10.3.1/../../../../arm-none-eabi/lib/thumb/v7-m/nofp/libg_nano.a(lib_a-signal.o)
 .text._init_signal
                0x0000000000000000        0xc /home/aandrelouis/gcc-arm-none-eabi-10.3-2021.10-x86_64-linux/gcc-arm-none-eabi-10.3-2021.10/bin/../lib/gcc/arm-none-eabi/10.3.1/../../../../arm-none-eabi/lib/thumb/v7-m/nofp/libg_nano.a(lib_a-signal.o)
 .text.__sigtramp
                0x0000000000000000       0x10 /home/aandrelouis/gcc-arm-none-eabi-10.3-2021.10-x86_64-linux/gcc-arm-none-eabi-10.3-2021.10/bin/../lib/gcc/arm-none-eabi/10.3.1/../../../../arm-none-eabi/lib/thumb/v7-m/nofp/libg_nano.a(lib_a-signal.o)
 .text          0x0000000000000000        0x0 /home/aandrelouis/gcc-arm-none-eabi-10.3-2021.10-x86_64-linux/gcc-arm-none-eabi-10.3-2021.10/bin/../lib/gcc/arm-none-eabi/10.3.1/../../../../arm-none-eabi/lib/thumb/v7-m/nofp/libg_nano.a(lib_a-signalr.o)
 .data          0x0000000000000000        0x0 /home/aandrelouis/gcc-arm-none-eabi-10.3-2021.10-x86_64-linux/gcc-arm-none-eabi-10.3-2021.10/bin/../lib/gcc/arm-none-eabi/10.3.1/../../../../arm-none-eabi/lib/thumb/v7-m/nofp/libg_nano.a(lib_a-signalr.o)
 .bss           0x0000000000000000        0x0 /home/aandrelouis/gcc-arm-none-eabi-10.3-2021.10-x86_64-linux/gcc-arm-none-eabi-10.3-2021.10/bin/../lib/gcc/arm-none-eabi/10.3.1/../../../../arm-none-eabi/lib/thumb/v7-m/nofp/libg_nano.a(lib_a-signalr.o)
 .text          0x0000000000000000        0x0 /home/aandrelouis/gcc-arm-none-eabi-10.3-2021.10-x86_64-linux/gcc-arm-none-eabi-10.3-2021.10/bin/../lib/gcc/arm-none-eabi/10.3.1/../../../../arm-none-eabi/lib/thumb/v7-m/nofp/libg_nano.a(lib_a-sprintf.o)
 .data          0x0000000000000000        0x0 /home/aandrelouis/gcc-arm-none-eabi-10.3-2021.10-x86_64-linux/gcc-arm-none-eabi-10.3-2021.10/bin/../lib/gcc/arm-none-eabi/10.3.1/../../../../arm-none-eabi/lib/thumb/v7-m/nofp/libg_nano.a(lib_a-sprintf.o)
 .bss           0x0000000000000000        0x0 /home/aandrelouis/gcc-arm-none-eabi-10.3-2021.10-x86_64-linux/gcc-arm-none-eabi-10.3-2021.10/bin/../lib/gcc/arm-none-eabi/10.3.1/../../../../arm-none-eabi/lib/thumb/v7-m/nofp/libg_nano.a(lib_a-sprintf.o)
 .text._sprintf_r
                0x0000000000000000       0x38 /home/aandrelouis/gcc-arm-none-eabi-10.3-2021.10-x86_64-linux/gcc-arm-none-eabi-10.3-2021.10/bin/../lib/gcc/arm-none-eabi/10.3.1/../../../../arm-none-eabi/lib/thumb/v7-m/nofp/libg_nano.a(lib_a-sprintf.o)
 .text          0x0000000000000000        0x0 /home/aandrelouis/gcc-arm-none-eabi-10.3-2021.10-x86_64-linux/gcc-arm-none-eabi-10.3-2021.10/bin/../lib/gcc/arm-none-eabi/10.3.1/../../../../arm-none-eabi/lib/thumb/v7-m/nofp/libg_nano.a(lib_a-impure.o)
 .data          0x0000000000000000        0x0 /home/aandrelouis/gcc-arm-none-eabi-10.3-2021.10-x86_64-linux/gcc-arm-none-eabi-10.3-2021.10/bin/../lib/gcc/arm-none-eabi/10.3.1/../../../../arm-none-eabi/lib/thumb/v7-m/nofp/libg_nano.a(lib_a-impure.o)
 .bss           0x0000000000000000        0x0 /home/aandrelouis/gcc-arm-none-eabi-10.3-2021.10-x86_64-linux/gcc-arm-none-eabi-10.3-2021.10/bin/../lib/gcc/arm-none-eabi/10.3.1/../../../../arm-none-eabi/lib/thumb/v7-m/nofp/libg_nano.a(lib_a-impure.o)
 .rodata._global_impure_ptr
                0x0000000000000000        0x4 /home/aandrelouis/gcc-arm-none-eabi-10.3-2021.10-x86_64-linux/gcc-arm-none-eabi-10.3-2021.10/bin/../lib/gcc/arm-none-eabi/10.3.1/../../../../arm-none-eabi/lib/thumb/v7-m/nofp/libg_nano.a(lib_a-impure.o)
 .text          0x0000000000000000        0x0 /home/aandrelouis/gcc-arm-none-eabi-10.3-2021.10-x86_64-linux/gcc-arm-none-eabi-10.3-2021.10/bin/../lib/gcc/arm-none-eabi/10.3.1/../../../../arm-none-eabi/lib/thumb/v7-m/nofp/libg_nano.a(lib_a-nano-freer.o)
 .data          0x0000000000000000        0x0 /home/aandrelouis/gcc-arm-none-eabi-10.3-2021.10-x86_64-linux/gcc-arm-none-eabi-10.3-2021.10/bin/../lib/gcc/arm-none-eabi/10.3.1/../../../../arm-none-eabi/lib/thumb/v7-m/nofp/libg_nano.a(lib_a-nano-freer.o)
 .bss           0x0000000000000000        0x0 /home/aandrelouis/gcc-arm-none-eabi-10.3-2021.10-x86_64-linux/gcc-arm-none-eabi-10.3-2021.10/bin/../lib/gcc/arm-none-eabi/10.3.1/../../../../arm-none-eabi/lib/thumb/v7-m/nofp/libg_nano.a(lib_a-nano-freer.o)
 .text          0x0000000000000000        0x0 /home/aandrelouis/gcc-arm-none-eabi-10.3-2021.10-x86_64-linux/gcc-arm-none-eabi-10.3-2021.10/bin/../lib/gcc/arm-none-eabi/10.3.1/../../../../arm-none-eabi/lib/thumb/v7-m/nofp/libg_nano.a(lib_a-nano-mallocr.o)
 .data          0x0000000000000000        0x0 /home/aandrelouis/gcc-arm-none-eabi-10.3-2021.10-x86_64-linux/gcc-arm-none-eabi-10.3-2021.10/bin/../lib/gcc/arm-none-eabi/10.3.1/../../../../arm-none-eabi/lib/thumb/v7-m/nofp/libg_nano.a(lib_a-nano-mallocr.o)
 .bss           0x0000000000000000        0x0 /home/aandrelouis/gcc-arm-none-eabi-10.3-2021.10-x86_64-linux/gcc-arm-none-eabi-10.3-2021.10/bin/../lib/gcc/arm-none-eabi/10.3.1/../../../../arm-none-eabi/lib/thumb/v7-m/nofp/libg_nano.a(lib_a-nano-mallocr.o)
 .text          0x0000000000000000        0x0 /home/aandrelouis/gcc-arm-none-eabi-10.3-2021.10-x86_64-linux/gcc-arm-none-eabi-10.3-2021.10/bin/../lib/gcc/arm-none-eabi/10.3.1/../../../../arm-none-eabi/lib/thumb/v7-m/nofp/libg_nano.a(lib_a-nano-svfprintf.o)
 .data          0x0000000000000000        0x0 /home/aandrelouis/gcc-arm-none-eabi-10.3-2021.10-x86_64-linux/gcc-arm-none-eabi-10.3-2021.10/bin/../lib/gcc/arm-none-eabi/10.3.1/../../../../arm-none-eabi/lib/thumb/v7-m/nofp/libg_nano.a(lib_a-nano-svfprintf.o)
 .bss           0x0000000000000000        0x0 /home/aandrelouis/gcc-arm-none-eabi-10.3-2021.10-x86_64-linux/gcc-arm-none-eabi-10.3-2021.10/bin/../lib/gcc/arm-none-eabi/10.3.1/../../../../arm-none-eabi/lib/thumb/v7-m/nofp/libg_nano.a(lib_a-nano-svfprintf.o)
 .text.__ssprint_r
                0x0000000000000000       0xf6 /home/aandrelouis/gcc-arm-none-eabi-10.3-2021.10-x86_64-linux/gcc-arm-none-eabi-10.3-2021.10/bin/../lib/gcc/arm-none-eabi/10.3.1/../../../../arm-none-eabi/lib/thumb/v7-m/nofp/libg_nano.a(lib_a-nano-svfprintf.o)
 .text          0x0000000000000000        0x0 /home/aandrelouis/gcc-arm-none-eabi-10.3-2021.10-x86_64-linux/gcc-arm-none-eabi-10.3-2021.10/bin/../lib/gcc/arm-none-eabi/10.3.1/../../../../arm-none-eabi/lib/thumb/v7-m/nofp/libg_nano.a(lib_a-nano-vfprintf_i.o)
 .data          0x0000000000000000        0x0 /home/aandrelouis/gcc-arm-none-eabi-10.3-2021.10-x86_64-linux/gcc-arm-none-eabi-10.3-2021.10/bin/../lib/gcc/arm-none-eabi/10.3.1/../../../../arm-none-eabi/lib/thumb/v7-m/nofp/libg_nano.a(lib_a-nano-vfprintf_i.o)
 .bss           0x0000000000000000        0x0 /home/aandrelouis/gcc-arm-none-eabi-10.3-2021.10-x86_64-linux/gcc-arm-none-eabi-10.3-2021.10/bin/../lib/gcc/arm-none-eabi/10.3.1/../../../../arm-none-eabi/lib/thumb/v7-m/nofp/libg_nano.a(lib_a-nano-vfprintf_i.o)
 .text          0x0000000000000000        0x0 /home/aandrelouis/gcc-arm-none-eabi-10.3-2021.10-x86_64-linux/gcc-arm-none-eabi-10.3-2021.10/bin/../lib/gcc/arm-none-eabi/10.3.1/../../../../arm-none-eabi/lib/thumb/v7-m/nofp/libg_nano.a(lib_a-sbrkr.o)
 .data          0x0000000000000000        0x0 /home/aandrelouis/gcc-arm-none-eabi-10.3-2021.10-x86_64-linux/gcc-arm-none-eabi-10.3-2021.10/bin/../lib/gcc/arm-none-eabi/10.3.1/../../../../arm-none-eabi/lib/thumb/v7-m/nofp/libg_nano.a(lib_a-sbrkr.o)
 .bss           0x0000000000000000        0x0 /home/aandrelouis/gcc-arm-none-eabi-10.3-2021.10-x86_64-linux/gcc-arm-none-eabi-10.3-2021.10/bin/../lib/gcc/arm-none-eabi/10.3.1/../../../../arm-none-eabi/lib/thumb/v7-m/nofp/libg_nano.a(lib_a-sbrkr.o)
 .text          0x0000000000000000        0x0 /home/aandrelouis/gcc-arm-none-eabi-10.3-2021.10-x86_64-linux/gcc-arm-none-eabi-10.3-2021.10/bin/../lib/gcc/arm-none-eabi/10.3.1/../../../../arm-none-eabi/lib/thumb/v7-m/nofp/libg_nano.a(lib_a-memchr-stub.o)
 .data          0x0000000000000000        0x0 /home/aandrelouis/gcc-arm-none-eabi-10.3-2021.10-x86_64-linux/gcc-arm-none-eabi-10.3-2021.10/bin/../lib/gcc/arm-none-eabi/10.3.1/../../../../arm-none-eabi/lib/thumb/v7-m/nofp/libg_nano.a(lib_a-memchr-stub.o)
 .bss           0x0000000000000000        0x0 /home/aandrelouis/gcc-arm-none-eabi-10.3-2021.10-x86_64-linux/gcc-arm-none-eabi-10.3-2021.10/bin/../lib/gcc/arm-none-eabi/10.3.1/../../../../arm-none-eabi/lib/thumb/v7-m/nofp/libg_nano.a(lib_a-memchr-stub.o)
 .text          0x0000000000000000        0x0 /home/aandrelouis/gcc-arm-none-eabi-10.3-2021.10-x86_64-linux/gcc-arm-none-eabi-10.3-2021.10/bin/../lib/gcc/arm-none-eabi/10.3.1/../../../../arm-none-eabi/lib/thumb/v7-m/nofp/libg_nano.a(lib_a-memcpy-stub.o)
 .data          0x0000000000000000        0x0 /home/aandrelouis/gcc-arm-none-eabi-10.3-2021.10-x86_64-linux/gcc-arm-none-eabi-10.3-2021.10/bin/../lib/gcc/arm-none-eabi/10.3.1/../../../../arm-none-eabi/lib/thumb/v7-m/nofp/libg_nano.a(lib_a-memcpy-stub.o)
 .bss           0x0000000000000000        0x0 /home/aandrelouis/gcc-arm-none-eabi-10.3-2021.10-x86_64-linux/gcc-arm-none-eabi-10.3-2021.10/bin/../lib/gcc/arm-none-eabi/10.3.1/../../../../arm-none-eabi/lib/thumb/v7-m/nofp/libg_nano.a(lib_a-memcpy-stub.o)
 .text          0x0000000000000000        0x0 /home/aandrelouis/gcc-arm-none-eabi-10.3-2021.10-x86_64-linux/gcc-arm-none-eabi-10.3-2021.10/bin/../lib/gcc/arm-none-eabi/10.3.1/../../../../arm-none-eabi/lib/thumb/v7-m/nofp/libg_nano.a(lib_a-memmove.o)
 .data          0x0000000000000000        0x0 /home/aandrelouis/gcc-arm-none-eabi-10.3-2021.10-x86_64-linux/gcc-arm-none-eabi-10.3-2021.10/bin/../lib/gcc/arm-none-eabi/10.3.1/../../../../arm-none-eabi/lib/thumb/v7-m/nofp/libg_nano.a(lib_a-memmove.o)
 .bss           0x0000000000000000        0x0 /home/aandrelouis/gcc-arm-none-eabi-10.3-2021.10-x86_64-linux/gcc-arm-none-eabi-10.3-2021.10/bin/../lib/gcc/arm-none-eabi/10.3.1/../../../../arm-none-eabi/lib/thumb/v7-m/nofp/libg_nano.a(lib_a-memmove.o)
 .text          0x0000000000000000        0x0 /home/aandrelouis/gcc-arm-none-eabi-10.3-2021.10-x86_64-linux/gcc-arm-none-eabi-10.3-2021.10/bin/../lib/gcc/arm-none-eabi/10.3.1/../../../../arm-none-eabi/lib/thumb/v7-m/nofp/libg_nano.a(lib_a-mlock.o)
 .data          0x0000000000000000        0x0 /home/aandrelouis/gcc-arm-none-eabi-10.3-2021.10-x86_64-linux/gcc-arm-none-eabi-10.3-2021.10/bin/../lib/gcc/arm-none-eabi/10.3.1/../../../../arm-none-eabi/lib/thumb/v7-m/nofp/libg_nano.a(lib_a-mlock.o)
 .bss           0x0000000000000000        0x0 /home/aandrelouis/gcc-arm-none-eabi-10.3-2021.10-x86_64-linux/gcc-arm-none-eabi-10.3-2021.10/bin/../lib/gcc/arm-none-eabi/10.3.1/../../../../arm-none-eabi/lib/thumb/v7-m/nofp/libg_nano.a(lib_a-mlock.o)
 .text          0x0000000000000000        0x0 /home/aandrelouis/gcc-arm-none-eabi-10.3-2021.10-x86_64-linux/gcc-arm-none-eabi-10.3-2021.10/bin/../lib/gcc/arm-none-eabi/10.3.1/../../../../arm-none-eabi/lib/thumb/v7-m/nofp/libg_nano.a(lib_a-nano-reallocr.o)
 .data          0x0000000000000000        0x0 /home/aandrelouis/gcc-arm-none-eabi-10.3-2021.10-x86_64-linux/gcc-arm-none-eabi-10.3-2021.10/bin/../lib/gcc/arm-none-eabi/10.3.1/../../../../arm-none-eabi/lib/thumb/v7-m/nofp/libg_nano.a(lib_a-nano-reallocr.o)
 .bss           0x0000000000000000        0x0 /home/aandrelouis/gcc-arm-none-eabi-10.3-2021.10-x86_64-linux/gcc-arm-none-eabi-10.3-2021.10/bin/../lib/gcc/arm-none-eabi/10.3.1/../../../../arm-none-eabi/lib/thumb/v7-m/nofp/libg_nano.a(lib_a-nano-reallocr.o)
 .text          0x0000000000000000        0x0 /home/aandrelouis/gcc-arm-none-eabi-10.3-2021.10-x86_64-linux/gcc-arm-none-eabi-10.3-2021.10/bin/../lib/gcc/arm-none-eabi/10.3.1/../../../../arm-none-eabi/lib/thumb/v7-m/nofp/libg_nano.a(lib_a-lock.o)
 .data          0x0000000000000000        0x0 /home/aandrelouis/gcc-arm-none-eabi-10.3-2021.10-x86_64-linux/gcc-arm-none-eabi-10.3-2021.10/bin/../lib/gcc/arm-none-eabi/10.3.1/../../../../arm-none-eabi/lib/thumb/v7-m/nofp/libg_nano.a(lib_a-lock.o)
 .bss           0x0000000000000000        0x0 /home/aandrelouis/gcc-arm-none-eabi-10.3-2021.10-x86_64-linux/gcc-arm-none-eabi-10.3-2021.10/bin/../lib/gcc/arm-none-eabi/10.3.1/../../../../arm-none-eabi/lib/thumb/v7-m/nofp/libg_nano.a(lib_a-lock.o)
 .text.__retarget_lock_init
                0x0000000000000000        0x2 /home/aandrelouis/gcc-arm-none-eabi-10.3-2021.10-x86_64-linux/gcc-arm-none-eabi-10.3-2021.10/bin/../lib/gcc/arm-none-eabi/10.3.1/../../../../arm-none-eabi/lib/thumb/v7-m/nofp/libg_nano.a(lib_a-lock.o)
 .text.__retarget_lock_init_recursive
                0x0000000000000000        0x2 /home/aandrelouis/gcc-arm-none-eabi-10.3-2021.10-x86_64-linux/gcc-arm-none-eabi-10.3-2021.10/bin/../lib/gcc/arm-none-eabi/10.3.1/../../../../arm-none-eabi/lib/thumb/v7-m/nofp/libg_nano.a(lib_a-lock.o)
 .text.__retarget_lock_close
                0x0000000000000000        0x2 /home/aandrelouis/gcc-arm-none-eabi-10.3-2021.10-x86_64-linux/gcc-arm-none-eabi-10.3-2021.10/bin/../lib/gcc/arm-none-eabi/10.3.1/../../../../arm-none-eabi/lib/thumb/v7-m/nofp/libg_nano.a(lib_a-lock.o)
 .text.__retarget_lock_close_recursive
                0x0000000000000000        0x2 /home/aandrelouis/gcc-arm-none-eabi-10.3-2021.10-x86_64-linux/gcc-arm-none-eabi-10.3-2021.10/bin/../lib/gcc/arm-none-eabi/10.3.1/../../../../arm-none-eabi/lib/thumb/v7-m/nofp/libg_nano.a(lib_a-lock.o)
 .text.__retarget_lock_acquire
                0x0000000000000000        0x2 /home/aandrelouis/gcc-arm-none-eabi-10.3-2021.10-x86_64-linux/gcc-arm-none-eabi-10.3-2021.10/bin/../lib/gcc/arm-none-eabi/10.3.1/../../../../arm-none-eabi/lib/thumb/v7-m/nofp/libg_nano.a(lib_a-lock.o)
 .text.__retarget_lock_try_acquire
                0x0000000000000000        0x4 /home/aandrelouis/gcc-arm-none-eabi-10.3-2021.10-x86_64-linux/gcc-arm-none-eabi-10.3-2021.10/bin/../lib/gcc/arm-none-eabi/10.3.1/../../../../arm-none-eabi/lib/thumb/v7-m/nofp/libg_nano.a(lib_a-lock.o)
 .text.__retarget_lock_try_acquire_recursive
                0x0000000000000000        0x4 /home/aandrelouis/gcc-arm-none-eabi-10.3-2021.10-x86_64-linux/gcc-arm-none-eabi-10.3-2021.10/bin/../lib/gcc/arm-none-eabi/10.3.1/../../../../arm-none-eabi/lib/thumb/v7-m/nofp/libg_nano.a(lib_a-lock.o)
 .text.__retarget_lock_release
                0x0000000000000000        0x2 /home/aandrelouis/gcc-arm-none-eabi-10.3-2021.10-x86_64-linux/gcc-arm-none-eabi-10.3-2021.10/bin/../lib/gcc/arm-none-eabi/10.3.1/../../../../arm-none-eabi/lib/thumb/v7-m/nofp/libg_nano.a(lib_a-lock.o)
 .bss.__lock___arc4random_mutex
                0x0000000000000000        0x1 /home/aandrelouis/gcc-arm-none-eabi-10.3-2021.10-x86_64-linux/gcc-arm-none-eabi-10.3-2021.10/bin/../lib/gcc/arm-none-eabi/10.3.1/../../../../arm-none-eabi/lib/thumb/v7-m/nofp/libg_nano.a(lib_a-lock.o)
 .bss.__lock___at_quick_exit_mutex
                0x0000000000000000        0x1 /home/aandrelouis/gcc-arm-none-eabi-10.3-2021.10-x86_64-linux/gcc-arm-none-eabi-10.3-2021.10/bin/../lib/gcc/arm-none-eabi/10.3.1/../../../../arm-none-eabi/lib/thumb/v7-m/nofp/libg_nano.a(lib_a-lock.o)
 .bss.__lock___atexit_recursive_mutex
                0x0000000000000000        0x1 /home/aandrelouis/gcc-arm-none-eabi-10.3-2021.10-x86_64-linux/gcc-arm-none-eabi-10.3-2021.10/bin/../lib/gcc/arm-none-eabi/10.3.1/../../../../arm-none-eabi/lib/thumb/v7-m/nofp/libg_nano.a(lib_a-lock.o)
 .bss.__lock___dd_hash_mutex
                0x0000000000000000        0x1 /home/aandrelouis/gcc-arm-none-eabi-10.3-2021.10-x86_64-linux/gcc-arm-none-eabi-10.3-2021.10/bin/../lib/gcc/arm-none-eabi/10.3.1/../../../../arm-none-eabi/lib/thumb/v7-m/nofp/libg_nano.a(lib_a-lock.o)
 .bss.__lock___env_recursive_mutex
                0x0000000000000000        0x1 /home/aandrelouis/gcc-arm-none-eabi-10.3-2021.10-x86_64-linux/gcc-arm-none-eabi-10.3-2021.10/bin/../lib/gcc/arm-none-eabi/10.3.1/../../../../arm-none-eabi/lib/thumb/v7-m/nofp/libg_nano.a(lib_a-lock.o)
 .bss.__lock___sfp_recursive_mutex
                0x0000000000000000        0x1 /home/aandrelouis/gcc-arm-none-eabi-10.3-2021.10-x86_64-linux/gcc-arm-none-eabi-10.3-2021.10/bin/../lib/gcc/arm-none-eabi/10.3.1/../../../../arm-none-eabi/lib/thumb/v7-m/nofp/libg_nano.a(lib_a-lock.o)
 .bss.__lock___sinit_recursive_mutex
                0x0000000000000000        0x1 /home/aandrelouis/gcc-arm-none-eabi-10.3-2021.10-x86_64-linux/gcc-arm-none-eabi-10.3-2021.10/bin/../lib/gcc/arm-none-eabi/10.3.1/../../../../arm-none-eabi/lib/thumb/v7-m/nofp/libg_nano.a(lib_a-lock.o)
 .bss.__lock___tz_mutex
                0x0000000000000000        0x1 /home/aandrelouis/gcc-arm-none-eabi-10.3-2021.10-x86_64-linux/gcc-arm-none-eabi-10.3-2021.10/bin/../lib/gcc/arm-none-eabi/10.3.1/../../../../arm-none-eabi/lib/thumb/v7-m/nofp/libg_nano.a(lib_a-lock.o)
 .text          0x0000000000000000        0x0 /home/aandrelouis/gcc-arm-none-eabi-10.3-2021.10-x86_64-linux/gcc-arm-none-eabi-10.3-2021.10/bin/../lib/gcc/arm-none-eabi/10.3.1/../../../../arm-none-eabi/lib/thumb/v7-m/nofp/libg_nano.a(lib_a-nano-msizer.o)
 .data          0x0000000000000000        0x0 /home/aandrelouis/gcc-arm-none-eabi-10.3-2021.10-x86_64-linux/gcc-arm-none-eabi-10.3-2021.10/bin/../lib/gcc/arm-none-eabi/10.3.1/../../../../arm-none-eabi/lib/thumb/v7-m/nofp/libg_nano.a(lib_a-nano-msizer.o)
 .bss           0x0000000000000000        0x0 /home/aandrelouis/gcc-arm-none-eabi-10.3-2021.10-x86_64-linux/gcc-arm-none-eabi-10.3-2021.10/bin/../lib/gcc/arm-none-eabi/10.3.1/../../../../arm-none-eabi/lib/thumb/v7-m/nofp/libg_nano.a(lib_a-nano-msizer.o)

Memory Configuration

Name             Origin             Length             Attributes
FLASH            0x0000000000000000 0x0000000000100000 xr
RAM              0x0000000020000000 0x0000000000020000 xrw
*default*        0x0000000000000000 0xffffffffffffffff

Linker script and memory map

LOAD gcc/syscalls.o
LOAD gcc/pwm.o
LOAD gcc/buffer.o
LOAD gcc/system_efm32gg.o
LOAD gcc/main.o
LOAD gcc/led.o
LOAD gcc/clock_efm32gg2.o
LOAD gcc/lcd.o
LOAD gcc/temperature.o
LOAD gcc/uart2.o
LOAD gcc/startup_efm32gg.o
LOAD gcc/adc.o
START GROUP
LOAD /home/aandrelouis/gcc-arm-none-eabi-10.3-2021.10-x86_64-linux/gcc-arm-none-eabi-10.3-2021.10/bin/../lib/gcc/arm-none-eabi/10.3.1/thumb/v7-m/nofp/libgcc.a
LOAD /home/aandrelouis/gcc-arm-none-eabi-10.3-2021.10-x86_64-linux/gcc-arm-none-eabi-10.3-2021.10/bin/../lib/gcc/arm-none-eabi/10.3.1/../../../../arm-none-eabi/lib/thumb/v7-m/nofp/libg_nano.a
LOAD /home/aandrelouis/gcc-arm-none-eabi-10.3-2021.10-x86_64-linux/gcc-arm-none-eabi-10.3-2021.10/bin/../lib/gcc/arm-none-eabi/10.3.1/../../../../arm-none-eabi/lib/thumb/v7-m/nofp/libc_nano.a
END GROUP
START GROUP
LOAD /home/aandrelouis/gcc-arm-none-eabi-10.3-2021.10-x86_64-linux/gcc-arm-none-eabi-10.3-2021.10/bin/../lib/gcc/arm-none-eabi/10.3.1/thumb/v7-m/nofp/libgcc.a
LOAD /home/aandrelouis/gcc-arm-none-eabi-10.3-2021.10-x86_64-linux/gcc-arm-none-eabi-10.3-2021.10/bin/../lib/gcc/arm-none-eabi/10.3.1/../../../../arm-none-eabi/lib/thumb/v7-m/nofp/libc_nano.a
END GROUP

.text           0x0000000000000000     0x3863
 *(.vectors)
 .vectors       0x0000000000000000       0xdc gcc/startup_efm32gg.o
                0x0000000000000000                __Vectors
                0x00000000000000dc                __Vectors_End = .
                0x00000000000000dc                __Vectors_Size = (__Vectors_End - __Vectors)
                0x0000000020000300                __end__ = .
 *(.text*)
 .text.GetStackPointer
                0x00000000000000dc       0x14 gcc/syscalls.o
 .text.SerialInit
                0x00000000000000f0       0x1c gcc/syscalls.o
 .text.SerialWrite
                0x000000000000010c       0x24 gcc/syscalls.o
 .text.tty_write
                0x0000000000000130       0x6c gcc/syscalls.o
                0x0000000000000130                tty_write
 .text._main    0x000000000000019c        0xe gcc/syscalls.o
                0x000000000000019c                _main
 .text._exit    0x00000000000001aa        0xa gcc/syscalls.o
                0x00000000000001aa                _exit
 .text._getpid  0x00000000000001b4        0xe gcc/syscalls.o
                0x00000000000001b4                _getpid
 *fill*         0x00000000000001c2        0x2 
 .text._kill    0x00000000000001c4       0x24 gcc/syscalls.o
                0x00000000000001c4                _kill
 .text._sbrk    0x00000000000001e8       0x60 gcc/syscalls.o
                0x00000000000001e8                _sbrk
 .text._write   0x0000000000000248       0x20 gcc/syscalls.o
                0x0000000000000248                _write
 .text.PWM_Start
                0x0000000000000268       0x18 gcc/pwm.o
                0x0000000000000268                PWM_Start
 .text.PWM_Stop
                0x0000000000000280       0x18 gcc/pwm.o
                0x0000000000000280                PWM_Stop
 .text.Timer_ClockEnable
                0x0000000000000298       0x94 gcc/pwm.o
 .text.PWM_ConfigureOutputPin
                0x000000000000032c      0x13c gcc/pwm.o
 .text.PWM_Init
                0x0000000000000468      0x214 gcc/pwm.o
                0x0000000000000468                PWM_Init
 .text.finddivencoding
                0x000000000000067c       0x32 gcc/pwm.o
 .text.PWM_Config
                0x00000000000006ae       0x46 gcc/pwm.o
                0x00000000000006ae                PWM_Config
 .text.PWM_Write
                0x00000000000006f4       0x26 gcc/pwm.o
                0x00000000000006f4                PWM_Write
 .text.buffer_init
                0x000000000000071a       0x38 gcc/buffer.o
                0x000000000000071a                buffer_init
 .text.buffer_deinit
                0x0000000000000752       0x2a gcc/buffer.o
                0x0000000000000752                buffer_deinit
 .text.buffer_insert
                0x000000000000077c       0x5e gcc/buffer.o
                0x000000000000077c                buffer_insert
 .text.buffer_remove
                0x00000000000007da       0x56 gcc/buffer.o
                0x00000000000007da                buffer_remove
 .text.GetProdRev
                0x0000000000000830       0x18 gcc/system_efm32gg.o
 .text.SystemCoreClockGet
                0x0000000000000848       0x34 gcc/system_efm32gg.o
                0x0000000000000848                SystemCoreClockGet
 .text.SystemHFClockGet
                0x000000000000087c      0x118 gcc/system_efm32gg.o
                0x000000000000087c                SystemHFClockGet
 .text.SystemInit
                0x0000000000000994        0xc gcc/system_efm32gg.o
                0x0000000000000994                SystemInit
 .text.NVIC_SetPriority
                0x00000000000009a0       0x54 gcc/main.o
 .text.SysTick_Config
                0x00000000000009f4       0x44 gcc/main.o
 .text.SysTick_Handler
                0x0000000000000a38       0x3c gcc/main.o
                0x0000000000000a38                SysTick_Handler
 .text.Delay    0x0000000000000a74       0x30 gcc/main.o
                0x0000000000000a74                Delay
 .text.main     0x0000000000000aa4       0xec gcc/main.o
                0x0000000000000aa4                main
 .text.LED_Write
                0x0000000000000b90       0x2c gcc/led.o
                0x0000000000000b90                LED_Write
 .text.SystemCoreClockUpdate
                0x0000000000000bbc        0xc gcc/clock_efm32gg2.o
 .text.GetProdRev
                0x0000000000000bc8       0x18 gcc/clock_efm32gg2.o
 .text.nearestpower2exp
                0x0000000000000be0       0x6c gcc/clock_efm32gg2.o
 .text.ClockRegisterCallback
                0x0000000000000c4c       0xc0 gcc/clock_efm32gg2.o
                0x0000000000000c4c                ClockRegisterCallback
 .text.ClockProcessPreChange
                0x0000000000000d0c       0x6c gcc/clock_efm32gg2.o
                0x0000000000000d0c                ClockProcessPreChange
 .text.ClockProcessPostChange
                0x0000000000000d78       0x6c gcc/clock_efm32gg2.o
                0x0000000000000d78                ClockProcessPostChange
 .text.ClockSetCoreClock
                0x0000000000000de4      0x304 gcc/clock_efm32gg2.o
                0x0000000000000de4                ClockSetCoreClock
 .text.ClockGetConfiguration
                0x00000000000010e8      0x1c4 gcc/clock_efm32gg2.o
                0x00000000000010e8                ClockGetConfiguration
 .text.ClockConfigureSystemForClockFrequency
                0x00000000000012ac       0x98 gcc/clock_efm32gg2.o
                0x00000000000012ac                ClockConfigureSystemForClockFrequency
 .text.ClockGetPeripheralClockFrequency
                0x0000000000001344       0x18 gcc/clock_efm32gg2.o
                0x0000000000001344                ClockGetPeripheralClockFrequency
 .text.ClockGetCoreClockFrequency
                0x000000000000135c       0x18 gcc/clock_efm32gg2.o
                0x000000000000135c                ClockGetCoreClockFrequency
 .text.SetLFAClock
                0x0000000000001374      0x1c0 gcc/lcd.o
                0x0000000000001374                SetLFAClock
 .text.LCD_SetClock
                0x0000000000001534       0x64 gcc/lcd.o
                0x0000000000001534                LCD_SetClock
 .text.LCD_Init
                0x0000000000001598       0x1a gcc/lcd.o
                0x0000000000001598                LCD_Init
 *fill*         0x00000000000015b2        0x2 
 .text.LCD_Config
                0x00000000000015b4      0x12c gcc/lcd.o
                0x00000000000015b4                LCD_Config
 .text.LCD_WriteChar
                0x00000000000016e0      0x23c gcc/lcd.o
                0x00000000000016e0                LCD_WriteChar
 .text.LCD_WriteString
                0x000000000000191c       0x4e gcc/lcd.o
                0x000000000000191c                LCD_WriteString
 *fill*         0x000000000000196a        0x2 
 .text.LCD_ClearAll
                0x000000000000196c       0x60 gcc/lcd.o
                0x000000000000196c                LCD_ClearAll
 .text.LCD_SetAll
                0x00000000000019cc       0x64 gcc/lcd.o
                0x00000000000019cc                LCD_SetAll
 .text.ln2      0x0000000000001a30       0x32 gcc/lcd.o
 *fill*         0x0000000000001a62        0x2 
 .text.LCD_SetVoltage
                0x0000000000001a64       0xbc gcc/lcd.o
                0x0000000000001a64                LCD_SetVoltage
 .text.LCD_SetContrast
                0x0000000000001b20       0x48 gcc/lcd.o
                0x0000000000001b20                LCD_SetContrast
 .text.NVIC_EnableIRQ
                0x0000000000001b68       0x30 gcc/uart2.o
 .text.NVIC_ClearPendingIRQ
                0x0000000000001b98       0x34 gcc/uart2.o
 .text.NVIC_SetPriority
                0x0000000000001bcc       0x54 gcc/uart2.o
 .text.UART_SetBaudrate
                0x0000000000001c20       0x34 gcc/uart2.o
                0x0000000000001c20                UART_SetBaudrate
 .text.UART_TurnOff
                0x0000000000001c54       0x18 gcc/uart2.o
 .text.UART_TurnOn
                0x0000000000001c6c       0x18 gcc/uart2.o
 .text.UART0_Prepare
                0x0000000000001c84       0x1c gcc/uart2.o
 .text.UART1_Prepare
                0x0000000000001ca0       0x1c gcc/uart2.o
 .text.UART0_Reconfigure
                0x0000000000001cbc       0x28 gcc/uart2.o
 .text.UART1_Reconfigure
                0x0000000000001ce4       0x28 gcc/uart2.o
 .text.UART_Reset
                0x0000000000001d0c       0xa8 gcc/uart2.o
 .text.UART_Init
                0x0000000000001db4      0x28c gcc/uart2.o
                0x0000000000001db4                UART_Init
 .text.UART0_RX_IRQHandler
                0x0000000000002040       0x38 gcc/uart2.o
                0x0000000000002040                UART0_RX_IRQHandler
 .text.UART1_RX_IRQHandler
                0x0000000000002078       0x38 gcc/uart2.o
                0x0000000000002078                UART1_RX_IRQHandler
 .text.UART0_TX_IRQHandler
                0x00000000000020b0       0x54 gcc/uart2.o
                0x00000000000020b0                UART0_TX_IRQHandler
 .text.UART1_TX_IRQHandler
                0x0000000000002104       0x54 gcc/uart2.o
                0x0000000000002104                UART1_TX_IRQHandler
 .text.UART_SendChar
                0x0000000000002158       0xa4 gcc/uart2.o
                0x0000000000002158                UART_SendChar
 .text.Reset_Handler
                0x00000000000021fc       0x50 gcc/startup_efm32gg.o
                0x00000000000021fc                Reset_Handler
 .text.Default_Handler
                0x000000000000224c        0x6 gcc/startup_efm32gg.o
                0x000000000000224c                TIMER2_IRQHandler
                0x000000000000224c                DebugMon_Handler
                0x000000000000224c                USART0_TX_IRQHandler
                0x000000000000224c                I2C0_IRQHandler
                0x000000000000224c                HardFault_Handler
                0x000000000000224c                LEUART1_IRQHandler
                0x000000000000224c                USART1_RX_IRQHandler
                0x000000000000224c                PendSV_Handler
                0x000000000000224c                NMI_Handler
                0x000000000000224c                I2C1_IRQHandler
                0x000000000000224c                TIMER3_IRQHandler
                0x000000000000224c                USART1_TX_IRQHandler
                0x000000000000224c                MSC_IRQHandler
                0x000000000000224c                UsageFault_Handler
                0x000000000000224c                LEUART0_IRQHandler
                0x000000000000224c                GPIO_EVEN_IRQHandler
                0x000000000000224c                RTC_IRQHandler
                0x000000000000224c                TIMER0_IRQHandler
                0x000000000000224c                LCD_IRQHandler
                0x000000000000224c                PCNT2_IRQHandler
                0x000000000000224c                LETIMER0_IRQHandler
                0x000000000000224c                TIMER1_IRQHandler
                0x000000000000224c                USART2_RX_IRQHandler
                0x000000000000224c                Default_Handler
                0x000000000000224c                EMU_IRQHandler
                0x000000000000224c                PCNT0_IRQHandler
                0x000000000000224c                USB_IRQHandler
                0x000000000000224c                BURTC_IRQHandler
                0x000000000000224c                PCNT1_IRQHandler
                0x000000000000224c                ACMP0_IRQHandler
                0x000000000000224c                USART0_RX_IRQHandler
                0x000000000000224c                MemManage_Handler
                0x000000000000224c                SVC_Handler
                0x000000000000224c                DAC0_IRQHandler
                0x000000000000224c                CMU_IRQHandler
                0x000000000000224c                EBI_IRQHandler
                0x000000000000224c                LESENSE_IRQHandler
                0x000000000000224c                GPIO_ODD_IRQHandler
                0x000000000000224c                AES_IRQHandler
                0x000000000000224c                VCMP_IRQHandler
                0x000000000000224c                DMA_IRQHandler
                0x000000000000224c                BusFault_Handler
                0x000000000000224c                USART2_TX_IRQHandler
 *fill*         0x0000000000002252        0x2 
 .text.GetCalibrationValues
                0x0000000000002254       0xe0 gcc/adc.o
 .text.ADC0_IRQHandler
                0x0000000000002334        0xc gcc/adc.o
                0x0000000000002334                ADC0_IRQHandler
 .text.ADC_Init
                0x0000000000002340      0x11c gcc/adc.o
                0x0000000000002340                ADC_Init
 .text.ADC_ConfigChannel
                0x000000000000245c       0xd4 gcc/adc.o
                0x000000000000245c                ADC_ConfigChannel
 .text.ADC_Read
                0x0000000000002530       0x1e gcc/adc.o
                0x0000000000002530                ADC_Read
 *fill*         0x000000000000254e        0x2 
 .text.ADC_StartReading
                0x0000000000002550       0x58 gcc/adc.o
                0x0000000000002550                ADC_StartReading
 .text.ADC_GetReading
                0x00000000000025a8       0x38 gcc/adc.o
                0x00000000000025a8                ADC_GetReading
 .text.abort    0x00000000000025e0        0xe /home/aandrelouis/gcc-arm-none-eabi-10.3-2021.10-x86_64-linux/gcc-arm-none-eabi-10.3-2021.10/bin/../lib/gcc/arm-none-eabi/10.3.1/../../../../arm-none-eabi/lib/thumb/v7-m/nofp/libg_nano.a(lib_a-abort.o)
                0x00000000000025e0                abort
 .text.memset   0x00000000000025ee       0x10 /home/aandrelouis/gcc-arm-none-eabi-10.3-2021.10-x86_64-linux/gcc-arm-none-eabi-10.3-2021.10/bin/../lib/gcc/arm-none-eabi/10.3.1/../../../../arm-none-eabi/lib/thumb/v7-m/nofp/libg_nano.a(lib_a-memset.o)
                0x00000000000025ee                memset
 .text._raise_r
                0x00000000000025fe       0x50 /home/aandrelouis/gcc-arm-none-eabi-10.3-2021.10-x86_64-linux/gcc-arm-none-eabi-10.3-2021.10/bin/../lib/gcc/arm-none-eabi/10.3.1/../../../../arm-none-eabi/lib/thumb/v7-m/nofp/libg_nano.a(lib_a-signal.o)
                0x00000000000025fe                _raise_r
 *fill*         0x000000000000264e        0x2 
 .text.raise    0x0000000000002650       0x10 /home/aandrelouis/gcc-arm-none-eabi-10.3-2021.10-x86_64-linux/gcc-arm-none-eabi-10.3-2021.10/bin/../lib/gcc/arm-none-eabi/10.3.1/../../../../arm-none-eabi/lib/thumb/v7-m/nofp/libg_nano.a(lib_a-signal.o)
                0x0000000000002650                raise
 .text._kill_r  0x0000000000002660       0x24 /home/aandrelouis/gcc-arm-none-eabi-10.3-2021.10-x86_64-linux/gcc-arm-none-eabi-10.3-2021.10/bin/../lib/gcc/arm-none-eabi/10.3.1/../../../../arm-none-eabi/lib/thumb/v7-m/nofp/libg_nano.a(lib_a-signalr.o)
                0x0000000000002660                _kill_r
 .text._getpid_r
                0x0000000000002684        0x4 /home/aandrelouis/gcc-arm-none-eabi-10.3-2021.10-x86_64-linux/gcc-arm-none-eabi-10.3-2021.10/bin/../lib/gcc/arm-none-eabi/10.3.1/../../../../arm-none-eabi/lib/thumb/v7-m/nofp/libg_nano.a(lib_a-signalr.o)
                0x0000000000002684                _getpid_r
 .text.sprintf  0x0000000000002688       0x40 /home/aandrelouis/gcc-arm-none-eabi-10.3-2021.10-x86_64-linux/gcc-arm-none-eabi-10.3-2021.10/bin/../lib/gcc/arm-none-eabi/10.3.1/../../../../arm-none-eabi/lib/thumb/v7-m/nofp/libg_nano.a(lib_a-sprintf.o)
                0x0000000000002688                sprintf
                0x0000000000002688                siprintf
 .text._free_r  0x00000000000026c8       0x90 /home/aandrelouis/gcc-arm-none-eabi-10.3-2021.10-x86_64-linux/gcc-arm-none-eabi-10.3-2021.10/bin/../lib/gcc/arm-none-eabi/10.3.1/../../../../arm-none-eabi/lib/thumb/v7-m/nofp/libg_nano.a(lib_a-nano-freer.o)
                0x00000000000026c8                _free_r
 .text.sbrk_aligned
                0x0000000000002758       0x40 /home/aandrelouis/gcc-arm-none-eabi-10.3-2021.10-x86_64-linux/gcc-arm-none-eabi-10.3-2021.10/bin/../lib/gcc/arm-none-eabi/10.3.1/../../../../arm-none-eabi/lib/thumb/v7-m/nofp/libg_nano.a(lib_a-nano-mallocr.o)
 .text._malloc_r
                0x0000000000002798       0xe8 /home/aandrelouis/gcc-arm-none-eabi-10.3-2021.10-x86_64-linux/gcc-arm-none-eabi-10.3-2021.10/bin/../lib/gcc/arm-none-eabi/10.3.1/../../../../arm-none-eabi/lib/thumb/v7-m/nofp/libg_nano.a(lib_a-nano-mallocr.o)
                0x0000000000002798                _malloc_r
 .text.__ssputs_r
                0x0000000000002880       0xb6 /home/aandrelouis/gcc-arm-none-eabi-10.3-2021.10-x86_64-linux/gcc-arm-none-eabi-10.3-2021.10/bin/../lib/gcc/arm-none-eabi/10.3.1/../../../../arm-none-eabi/lib/thumb/v7-m/nofp/libg_nano.a(lib_a-nano-svfprintf.o)
                0x0000000000002880                __ssputs_r
 *fill*         0x0000000000002936        0x2 
 .text._svfprintf_r
                0x0000000000002938      0x200 /home/aandrelouis/gcc-arm-none-eabi-10.3-2021.10-x86_64-linux/gcc-arm-none-eabi-10.3-2021.10/bin/../lib/gcc/arm-none-eabi/10.3.1/../../../../arm-none-eabi/lib/thumb/v7-m/nofp/libg_nano.a(lib_a-nano-svfprintf.o)
                0x0000000000002938                _svfprintf_r
                0x0000000000002938                _svfiprintf_r
 .text._printf_common
                0x0000000000002b38       0xde /home/aandrelouis/gcc-arm-none-eabi-10.3-2021.10-x86_64-linux/gcc-arm-none-eabi-10.3-2021.10/bin/../lib/gcc/arm-none-eabi/10.3.1/../../../../arm-none-eabi/lib/thumb/v7-m/nofp/libg_nano.a(lib_a-nano-vfprintf_i.o)
                0x0000000000002b38                _printf_common
 *fill*         0x0000000000002c16        0x2 
 .text._printf_i
                0x0000000000002c18      0x24c /home/aandrelouis/gcc-arm-none-eabi-10.3-2021.10-x86_64-linux/gcc-arm-none-eabi-10.3-2021.10/bin/../lib/gcc/arm-none-eabi/10.3.1/../../../../arm-none-eabi/lib/thumb/v7-m/nofp/libg_nano.a(lib_a-nano-vfprintf_i.o)
                0x0000000000002c18                _printf_i
 .text._sbrk_r  0x0000000000002e64       0x20 /home/aandrelouis/gcc-arm-none-eabi-10.3-2021.10-x86_64-linux/gcc-arm-none-eabi-10.3-2021.10/bin/../lib/gcc/arm-none-eabi/10.3.1/../../../../arm-none-eabi/lib/thumb/v7-m/nofp/libg_nano.a(lib_a-sbrkr.o)
                0x0000000000002e64                _sbrk_r
 .text.memchr   0x0000000000002e84       0x1c /home/aandrelouis/gcc-arm-none-eabi-10.3-2021.10-x86_64-linux/gcc-arm-none-eabi-10.3-2021.10/bin/../lib/gcc/arm-none-eabi/10.3.1/../../../../arm-none-eabi/lib/thumb/v7-m/nofp/libg_nano.a(lib_a-memchr-stub.o)
                0x0000000000002e84                memchr
 .text.memcpy   0x0000000000002ea0       0x1c /home/aandrelouis/gcc-arm-none-eabi-10.3-2021.10-x86_64-linux/gcc-arm-none-eabi-10.3-2021.10/bin/../lib/gcc/arm-none-eabi/10.3.1/../../../../arm-none-eabi/lib/thumb/v7-m/nofp/libg_nano.a(lib_a-memcpy-stub.o)
                0x0000000000002ea0                memcpy
 .text.memmove  0x0000000000002ebc       0x34 /home/aandrelouis/gcc-arm-none-eabi-10.3-2021.10-x86_64-linux/gcc-arm-none-eabi-10.3-2021.10/bin/../lib/gcc/arm-none-eabi/10.3.1/../../../../arm-none-eabi/lib/thumb/v7-m/nofp/libg_nano.a(lib_a-memmove.o)
                0x0000000000002ebc                memmove
 .text.__malloc_lock
                0x0000000000002ef0        0xc /home/aandrelouis/gcc-arm-none-eabi-10.3-2021.10-x86_64-linux/gcc-arm-none-eabi-10.3-2021.10/bin/../lib/gcc/arm-none-eabi/10.3.1/../../../../arm-none-eabi/lib/thumb/v7-m/nofp/libg_nano.a(lib_a-mlock.o)
                0x0000000000002ef0                __malloc_lock
 .text.__malloc_unlock
                0x0000000000002efc        0xc /home/aandrelouis/gcc-arm-none-eabi-10.3-2021.10-x86_64-linux/gcc-arm-none-eabi-10.3-2021.10/bin/../lib/gcc/arm-none-eabi/10.3.1/../../../../arm-none-eabi/lib/thumb/v7-m/nofp/libg_nano.a(lib_a-mlock.o)
                0x0000000000002efc                __malloc_unlock
 .text._realloc_r
                0x0000000000002f08       0x5e /home/aandrelouis/gcc-arm-none-eabi-10.3-2021.10-x86_64-linux/gcc-arm-none-eabi-10.3-2021.10/bin/../lib/gcc/arm-none-eabi/10.3.1/../../../../arm-none-eabi/lib/thumb/v7-m/nofp/libg_nano.a(lib_a-nano-reallocr.o)
                0x0000000000002f08                _realloc_r
 .text.__retarget_lock_acquire_recursive
                0x0000000000002f66        0x2 /home/aandrelouis/gcc-arm-none-eabi-10.3-2021.10-x86_64-linux/gcc-arm-none-eabi-10.3-2021.10/bin/../lib/gcc/arm-none-eabi/10.3.1/../../../../arm-none-eabi/lib/thumb/v7-m/nofp/libg_nano.a(lib_a-lock.o)
                0x0000000000002f66                __retarget_lock_acquire_recursive
 .text.__retarget_lock_release_recursive
                0x0000000000002f68        0x2 /home/aandrelouis/gcc-arm-none-eabi-10.3-2021.10-x86_64-linux/gcc-arm-none-eabi-10.3-2021.10/bin/../lib/gcc/arm-none-eabi/10.3.1/../../../../arm-none-eabi/lib/thumb/v7-m/nofp/libg_nano.a(lib_a-lock.o)
                0x0000000000002f68                __retarget_lock_release_recursive
 .text._malloc_usable_size_r
                0x0000000000002f6a       0x10 /home/aandrelouis/gcc-arm-none-eabi-10.3-2021.10-x86_64-linux/gcc-arm-none-eabi-10.3-2021.10/bin/../lib/gcc/arm-none-eabi/10.3.1/../../../../arm-none-eabi/lib/thumb/v7-m/nofp/libg_nano.a(lib_a-nano-msizer.o)
                0x0000000000002f6a                _malloc_usable_size_r
 *(.init)
 *(.fini)
 *crtbegin.o(.ctors)
 *crtbegin?.o(.ctors)
 *(EXCLUDE_FILE(*crtend.o *crtend?.o) .ctors)
 *(SORT_BY_NAME(.ctors.*))
 *(.ctors)
 *crtbegin.o(.dtors)
 *crtbegin?.o(.dtors)
 *(EXCLUDE_FILE(*crtend.o *crtend?.o) .dtors)
 *(SORT_BY_NAME(.dtors.*))
 *(.dtors)
 *(.rodata*)
 *fill*         0x0000000000002f7a        0x2 
 .rodata        0x0000000000002f7c       0x1a gcc/syscalls.o
 *fill*         0x0000000000002f96        0x2 
 .rodata.timerpins
                0x0000000000002f98       0xb4 gcc/pwm.o
 .rodata        0x000000000000304c        0x4 gcc/main.o
 .rodata.segments14forchar
                0x0000000000003050       0xc0 gcc/lcd.o
 .rodata.segments7forchar
                0x0000000000003110       0x60 gcc/lcd.o
 .rodata.tablcd
                0x0000000000003170      0x1c2 gcc/lcd.o
 *fill*         0x0000000000003332        0x2 
 .rodata.seg_encoding
                0x0000000000003334       0xa0 gcc/lcd.o
 .rodata.com_encoding
                0x00000000000033d4        0x8 gcc/lcd.o
 .rodata.tablcdclear
                0x00000000000033dc      0x3c0 gcc/lcd.o
 .rodata.segdatalow
                0x000000000000379c       0x20 gcc/lcd.o
                0x000000000000379c                segdatalow
 .rodata.segdatahigh
                0x00000000000037bc       0x20 gcc/lcd.o
                0x00000000000037bc                segdatahigh
 .rodata.default_singlectrl
                0x00000000000037dc       0x54 gcc/adc.o
 .rodata._svfprintf_r.str1.1
                0x0000000000003830       0x11 /home/aandrelouis/gcc-arm-none-eabi-10.3-2021.10-x86_64-linux/gcc-arm-none-eabi-10.3-2021.10/bin/../lib/gcc/arm-none-eabi/10.3.1/../../../../arm-none-eabi/lib/thumb/v7-m/nofp/libg_nano.a(lib_a-nano-svfprintf.o)
 .rodata._printf_i.str1.1
                0x0000000000003841       0x22 /home/aandrelouis/gcc-arm-none-eabi-10.3-2021.10-x86_64-linux/gcc-arm-none-eabi-10.3-2021.10/bin/../lib/gcc/arm-none-eabi/10.3.1/../../../../arm-none-eabi/lib/thumb/v7-m/nofp/libg_nano.a(lib_a-nano-vfprintf_i.o)
 *(.eh_frame*)

.glue_7         0x0000000000003864        0x0
 .glue_7        0x0000000000003864        0x0 linker stubs

.glue_7t        0x0000000000003864        0x0
 .glue_7t       0x0000000000003864        0x0 linker stubs

.vfp11_veneer   0x0000000000003864        0x0
 .vfp11_veneer  0x0000000000003864        0x0 linker stubs

.v4_bx          0x0000000000003864        0x0
 .v4_bx         0x0000000000003864        0x0 linker stubs

.iplt           0x0000000000003864        0x0
 .iplt          0x0000000000003864        0x0 gcc/syscalls.o

.rel.dyn        0x0000000000003864        0x0
 .rel.iplt      0x0000000000003864        0x0 gcc/syscalls.o

.ARM.extab
 *(.ARM.extab* .gnu.linkonce.armextab.*)
                0x0000000000003863                __exidx_start = .

.ARM.exidx
 *(.ARM.exidx* .gnu.linkonce.armexidx.*)
                0x0000000000003863                __exidx_end = .
                0x0000000000003863                __etext = .

.data           0x0000000020000000       0x70 load address 0x0000000000003863
                0x0000000020000000                __data_start__ = .
 *(vtable)
 *(.data*)
 .data.ttyconfig
                0x0000000020000000        0x4 gcc/syscalls.o
 .data.SystemHFXOClock
                0x0000000020000004        0x4 gcc/system_efm32gg.o
 .data.SystemLFXOClock
                0x0000000020000008        0x4 gcc/system_efm32gg.o
 .data._impure_ptr
                0x000000002000000c        0x4 /home/aandrelouis/gcc-arm-none-eabi-10.3-2021.10-x86_64-linux/gcc-arm-none-eabi-10.3-2021.10/bin/../lib/gcc/arm-none-eabi/10.3.1/../../../../arm-none-eabi/lib/thumb/v7-m/nofp/libg_nano.a(lib_a-impure.o)
                0x000000002000000c                _impure_ptr
 .data.impure_data
                0x0000000020000010       0x60 /home/aandrelouis/gcc-arm-none-eabi-10.3-2021.10-x86_64-linux/gcc-arm-none-eabi-10.3-2021.10/bin/../lib/gcc/arm-none-eabi/10.3.1/../../../../arm-none-eabi/lib/thumb/v7-m/nofp/libg_nano.a(lib_a-impure.o)
                0x0000000020000070                . = ALIGN (0x4)
 *(.ram)
                0x0000000020000070                . = ALIGN (0x4)
                [!provide]                        PROVIDE (__preinit_array_start = .)
 *(.preinit_array)
                [!provide]                        PROVIDE (__preinit_array_end = .)
                0x0000000020000070                . = ALIGN (0x4)
                [!provide]                        PROVIDE (__init_array_start = .)
 *(SORT_BY_NAME(.init_array.*))
 *(.init_array)
                [!provide]                        PROVIDE (__init_array_end = .)
                0x0000000020000070                . = ALIGN (0x4)
                [!provide]                        PROVIDE (__fini_array_start = .)
 *(SORT_BY_NAME(.fini_array.*))
 *(.fini_array)
                [!provide]                        PROVIDE (__fini_array_end = .)
 *(.jcr*)
                0x0000000020000070                . = ALIGN (0x4)
                0x0000000020000070                __data_end__ = .

.igot.plt       0x0000000020000070        0x0 load address 0x00000000000038d4
 .igot.plt      0x0000000020000070        0x0 gcc/syscalls.o

.bss            0x0000000020000070      0x28c load address 0x00000000000038d4
                0x0000000020000070                . = ALIGN (0x4)
                0x0000000020000070                __bss_start__ = .
 *(.bss*)
 .bss.heap_end.0
                0x0000000020000070        0x4 gcc/syscalls.o
 .bss.SystemCoreClock
                0x0000000020000074        0x4 gcc/system_efm32gg.o
                0x0000000020000074                SystemCoreClock
 .bss.ticks     0x0000000020000078        0x4 gcc/main.o
 .bss.counter.0
                0x000000002000007c        0x4 gcc/main.o
 .bss.callbacks
                0x0000000020000080       0x78 gcc/clock_efm32gg2.o
 .bss.lcdclock_set
                0x00000000200000f8        0x1 gcc/lcd.o
 *fill*         0x00000000200000f9        0x3 
 .bss.ibuffarea0
                0x00000000200000fc       0x74 gcc/uart2.o
                0x00000000200000fc                ibuffarea0
 .bss.obuffarea0
                0x0000000020000170       0x74 gcc/uart2.o
                0x0000000020000170                obuffarea0
 .bss.ibuff0    0x00000000200001e4        0x4 gcc/uart2.o
                0x00000000200001e4                ibuff0
 .bss.obuff0    0x00000000200001e8        0x4 gcc/uart2.o
                0x00000000200001e8                obuff0
 .bss.ibuffarea1
                0x00000000200001ec       0x74 gcc/uart2.o
                0x00000000200001ec                ibuffarea1
 .bss.ibuff1    0x0000000020000260        0x4 gcc/uart2.o
                0x0000000020000260                ibuff1
 .bss.obuff1    0x0000000020000264        0x4 gcc/uart2.o
                0x0000000020000264                obuff1
 .bss.singlectrl
                0x0000000020000268       0x54 gcc/adc.o
 .bss.adc_cal   0x00000000200002bc        0x4 gcc/adc.o
 .bss.adc_bias  0x00000000200002c0        0x4 gcc/adc.o
 .bss.cal_gain_1v25
                0x00000000200002c4        0x4 gcc/adc.o
 .bss.cal_offset_1v25
                0x00000000200002c8        0x4 gcc/adc.o
 .bss.cal_gain_2v5
                0x00000000200002cc        0x4 gcc/adc.o
 .bss.cal_offset_2v5
                0x00000000200002d0        0x4 gcc/adc.o
 .bss.cal_gain_vdd
                0x00000000200002d4        0x4 gcc/adc.o
 .bss.cal_offset_vdd
                0x00000000200002d8        0x4 gcc/adc.o
 .bss.cal_gain_5v
                0x00000000200002dc        0x4 gcc/adc.o
 .bss.cal_offset_5v
                0x00000000200002e0        0x4 gcc/adc.o
 .bss.cal_gain_2xvdd
                0x00000000200002e4        0x4 gcc/adc.o
 .bss.cal_offset_2xvdd
                0x00000000200002e8        0x4 gcc/adc.o
 .bss.errno     0x00000000200002ec        0x4 /home/aandrelouis/gcc-arm-none-eabi-10.3-2021.10-x86_64-linux/gcc-arm-none-eabi-10.3-2021.10/bin/../lib/gcc/arm-none-eabi/10.3.1/../../../../arm-none-eabi/lib/thumb/v7-m/nofp/libg_nano.a(lib_a-reent.o)
                0x00000000200002ec                errno
 .bss.__malloc_free_list
                0x00000000200002f0        0x4 /home/aandrelouis/gcc-arm-none-eabi-10.3-2021.10-x86_64-linux/gcc-arm-none-eabi-10.3-2021.10/bin/../lib/gcc/arm-none-eabi/10.3.1/../../../../arm-none-eabi/lib/thumb/v7-m/nofp/libg_nano.a(lib_a-nano-mallocr.o)
                0x00000000200002f0                __malloc_free_list
 .bss.__malloc_sbrk_start
                0x00000000200002f4        0x4 /home/aandrelouis/gcc-arm-none-eabi-10.3-2021.10-x86_64-linux/gcc-arm-none-eabi-10.3-2021.10/bin/../lib/gcc/arm-none-eabi/10.3.1/../../../../arm-none-eabi/lib/thumb/v7-m/nofp/libg_nano.a(lib_a-nano-mallocr.o)
                0x00000000200002f4                __malloc_sbrk_start
 .bss.__lock___malloc_recursive_mutex
                0x00000000200002f8        0x1 /home/aandrelouis/gcc-arm-none-eabi-10.3-2021.10-x86_64-linux/gcc-arm-none-eabi-10.3-2021.10/bin/../lib/gcc/arm-none-eabi/10.3.1/../../../../arm-none-eabi/lib/thumb/v7-m/nofp/libg_nano.a(lib_a-lock.o)
                0x00000000200002f8                __lock___malloc_recursive_mutex
 *(COMMON)
                0x00000000200002fc                . = ALIGN (0x4)
 *fill*         0x00000000200002f9        0x3 
                0x00000000200002fc                __bss_end__ = .

.heap           0x0000000020000300      0xc00
                0x0000000020000300                __HeapBase = .
                0x0000000020000300                __end__ = .
                0x0000000020000300                end = __end__
                0x0000000020000300                _end = __end__
 *(.heap*)
 .heap          0x0000000020000300      0xc00 gcc/startup_efm32gg.o
                0x0000000020000f00                __HeapLimit = .

.stack_dummy    0x0000000020000f00      0x400
 *(.stack*)
 .stack         0x0000000020000f00      0x400 gcc/startup_efm32gg.o
                0x0000000020020000                __StackTop = (ORIGIN (RAM) + LENGTH (RAM))
                0x000000002001fc00                __StackLimit = (__StackTop - SIZEOF (.stack_dummy))
                [!provide]                        PROVIDE (__stack = __StackTop)
                0x0000000000000001                ASSERT ((__StackLimit >= __HeapLimit), region RAM overflowed with stack)
                0x0000000000000001                ASSERT ((LENGTH (FLASH) >= (__etext + SIZEOF (.data))), FLASH memory overflowed !)
OUTPUT(gcc/pwm1.axf elf32-littlearm)
LOAD linker stubs

.debug_info     0x0000000000000000     0x61c7
 .debug_info    0x0000000000000000      0xaf9 gcc/syscalls.o
 .debug_info    0x0000000000000af9      0xaaa gcc/pwm.o
 .debug_info    0x00000000000015a3      0x1a8 gcc/buffer.o
 .debug_info    0x000000000000174b      0x504 gcc/system_efm32gg.o
 .debug_info    0x0000000000001c4f      0xc1b gcc/main.o
 .debug_info    0x000000000000286a      0x50e gcc/led.o
 .debug_info    0x0000000000002d78      0xac9 gcc/clock_efm32gg2.o
 .debug_info    0x0000000000003841      0xe28 gcc/lcd.o
 .debug_info    0x0000000000004669     0x10af gcc/uart2.o
 .debug_info    0x0000000000005718      0x1e1 gcc/startup_efm32gg.o
 .debug_info    0x00000000000058f9      0x8ce gcc/adc.o

.debug_abbrev   0x0000000000000000     0x144b
 .debug_abbrev  0x0000000000000000      0x2bc gcc/syscalls.o
 .debug_abbrev  0x00000000000002bc      0x1d4 gcc/pwm.o
 .debug_abbrev  0x0000000000000490       0xd7 gcc/buffer.o
 .debug_abbrev  0x0000000000000567      0x185 gcc/system_efm32gg.o
 .debug_abbrev  0x00000000000006ec      0x27b gcc/main.o
 .debug_abbrev  0x0000000000000967      0x12d gcc/led.o
 .debug_abbrev  0x0000000000000a94      0x220 gcc/clock_efm32gg2.o
 .debug_abbrev  0x0000000000000cb4      0x1f0 gcc/lcd.o
 .debug_abbrev  0x0000000000000ea4      0x2f6 gcc/uart2.o
 .debug_abbrev  0x000000000000119a       0xfb gcc/startup_efm32gg.o
 .debug_abbrev  0x0000000000001295      0x1b6 gcc/adc.o

.debug_aranges  0x0000000000000000      0x520
 .debug_aranges
                0x0000000000000000       0xf0 gcc/syscalls.o
 .debug_aranges
                0x00000000000000f0       0x60 gcc/pwm.o
 .debug_aranges
                0x0000000000000150       0x40 gcc/buffer.o
 .debug_aranges
                0x0000000000000190       0x70 gcc/system_efm32gg.o
 .debug_aranges
                0x0000000000000200       0x40 gcc/main.o
 .debug_aranges
                0x0000000000000240       0x40 gcc/led.o
 .debug_aranges
                0x0000000000000280       0x88 gcc/clock_efm32gg2.o
 .debug_aranges
                0x0000000000000308       0xb0 gcc/lcd.o
 .debug_aranges
                0x00000000000003b8       0xe0 gcc/uart2.o
 .debug_aranges
                0x0000000000000498       0x38 gcc/startup_efm32gg.o
 .debug_aranges
                0x00000000000004d0       0x50 gcc/adc.o

.debug_ranges   0x0000000000000000      0x470
 .debug_ranges  0x0000000000000000       0xe0 gcc/syscalls.o
 .debug_ranges  0x00000000000000e0       0x50 gcc/pwm.o
 .debug_ranges  0x0000000000000130       0x30 gcc/buffer.o
 .debug_ranges  0x0000000000000160       0x60 gcc/system_efm32gg.o
 .debug_ranges  0x00000000000001c0       0x30 gcc/main.o
 .debug_ranges  0x00000000000001f0       0x30 gcc/led.o
 .debug_ranges  0x0000000000000220       0x78 gcc/clock_efm32gg2.o
 .debug_ranges  0x0000000000000298       0xa0 gcc/lcd.o
 .debug_ranges  0x0000000000000338       0xd0 gcc/uart2.o
 .debug_ranges  0x0000000000000408       0x28 gcc/startup_efm32gg.o
 .debug_ranges  0x0000000000000430       0x40 gcc/adc.o

.debug_line     0x0000000000000000     0x361b
 .debug_line    0x0000000000000000      0x5d8 gcc/syscalls.o
 .debug_line    0x00000000000005d8      0x47e gcc/pwm.o
 .debug_line    0x0000000000000a56      0x12b gcc/buffer.o
 .debug_line    0x0000000000000b81      0x36f gcc/system_efm32gg.o
 .debug_line    0x0000000000000ef0      0x3b8 gcc/main.o
 .debug_line    0x00000000000012a8      0x263 gcc/led.o
 .debug_line    0x000000000000150b      0x8e6 gcc/clock_efm32gg2.o
 .debug_line    0x0000000000001df1      0x9b3 gcc/lcd.o
 .debug_line    0x00000000000027a4      0x86b gcc/uart2.o
 .debug_line    0x000000000000300f      0x1ce gcc/startup_efm32gg.o
 .debug_line    0x00000000000031dd      0x43e gcc/adc.o

.debug_str      0x0000000000000000     0x1ae1
 .debug_str     0x0000000000000000      0x423 gcc/syscalls.o
                                        0x4dd (size before relaxing)
 .debug_str     0x0000000000000423      0x496 gcc/pwm.o
                                        0x615 (size before relaxing)
 .debug_str     0x00000000000008b9       0x75 gcc/buffer.o
                                        0x141 (size before relaxing)
 .debug_str     0x000000000000092e      0x193 gcc/system_efm32gg.o
                                        0x413 (size before relaxing)
 .debug_str     0x0000000000000ac1      0x41b gcc/main.o
                                        0x8b1 (size before relaxing)
 .debug_str     0x0000000000000edc       0x38 gcc/led.o
                                        0x335 (size before relaxing)
 .debug_str     0x0000000000000f14      0x2f7 gcc/clock_efm32gg2.o
                                        0x6e6 (size before relaxing)
 .debug_str     0x000000000000120b      0x493 gcc/lcd.o
                                        0x739 (size before relaxing)
 .debug_str     0x000000000000169e      0x201 gcc/uart2.o
                                        0x90d (size before relaxing)
 .debug_str     0x000000000000189f       0x9b gcc/startup_efm32gg.o
                                        0x20b (size before relaxing)
 .debug_str     0x000000000000193a      0x1a7 gcc/adc.o
                                        0x55a (size before relaxing)

.comment        0x0000000000000000       0x49
 .comment       0x0000000000000000       0x49 gcc/syscalls.o
                                         0x4a (size before relaxing)
 .comment       0x0000000000000049       0x4a gcc/pwm.o
 .comment       0x0000000000000049       0x4a gcc/buffer.o
 .comment       0x0000000000000049       0x4a gcc/system_efm32gg.o
 .comment       0x0000000000000049       0x4a gcc/main.o
 .comment       0x0000000000000049       0x4a gcc/led.o
 .comment       0x0000000000000049       0x4a gcc/clock_efm32gg2.o
 .comment       0x0000000000000049       0x4a gcc/lcd.o
 .comment       0x0000000000000049       0x4a gcc/uart2.o
 .comment       0x0000000000000049       0x4a gcc/startup_efm32gg.o
 .comment       0x0000000000000049       0x4a gcc/adc.o

.ARM.attributes
                0x0000000000000000       0x2d
 .ARM.attributes
                0x0000000000000000       0x2d gcc/syscalls.o
 .ARM.attributes
                0x000000000000002d       0x2d gcc/pwm.o
 .ARM.attributes
                0x000000000000005a       0x2d gcc/buffer.o
 .ARM.attributes
                0x0000000000000087       0x2d gcc/system_efm32gg.o
 .ARM.attributes
                0x00000000000000b4       0x2d gcc/main.o
 .ARM.attributes
                0x00000000000000e1       0x2d gcc/led.o
 .ARM.attributes
                0x000000000000010e       0x2d gcc/clock_efm32gg2.o
 .ARM.attributes
                0x000000000000013b       0x2d gcc/lcd.o
 .ARM.attributes
                0x0000000000000168       0x2d gcc/uart2.o
 .ARM.attributes
                0x0000000000000195       0x2d gcc/startup_efm32gg.o
 .ARM.attributes
                0x00000000000001c2       0x2d gcc/adc.o
 .ARM.attributes
                0x00000000000001ef       0x2d /home/aandrelouis/gcc-arm-none-eabi-10.3-2021.10-x86_64-linux/gcc-arm-none-eabi-10.3-2021.10/bin/../lib/gcc/arm-none-eabi/10.3.1/../../../../arm-none-eabi/lib/thumb/v7-m/nofp/libg_nano.a(lib_a-abort.o)
 .ARM.attributes
                0x000000000000021c       0x2d /home/aandrelouis/gcc-arm-none-eabi-10.3-2021.10-x86_64-linux/gcc-arm-none-eabi-10.3-2021.10/bin/../lib/gcc/arm-none-eabi/10.3.1/../../../../arm-none-eabi/lib/thumb/v7-m/nofp/libg_nano.a(lib_a-memset.o)
 .ARM.attributes
                0x0000000000000249       0x2d /home/aandrelouis/gcc-arm-none-eabi-10.3-2021.10-x86_64-linux/gcc-arm-none-eabi-10.3-2021.10/bin/../lib/gcc/arm-none-eabi/10.3.1/../../../../arm-none-eabi/lib/thumb/v7-m/nofp/libg_nano.a(lib_a-reent.o)
 .ARM.attributes
                0x0000000000000276       0x2d /home/aandrelouis/gcc-arm-none-eabi-10.3-2021.10-x86_64-linux/gcc-arm-none-eabi-10.3-2021.10/bin/../lib/gcc/arm-none-eabi/10.3.1/../../../../arm-none-eabi/lib/thumb/v7-m/nofp/libg_nano.a(lib_a-signal.o)
 .ARM.attributes
                0x00000000000002a3       0x2d /home/aandrelouis/gcc-arm-none-eabi-10.3-2021.10-x86_64-linux/gcc-arm-none-eabi-10.3-2021.10/bin/../lib/gcc/arm-none-eabi/10.3.1/../../../../arm-none-eabi/lib/thumb/v7-m/nofp/libg_nano.a(lib_a-signalr.o)
 .ARM.attributes
                0x00000000000002d0       0x2d /home/aandrelouis/gcc-arm-none-eabi-10.3-2021.10-x86_64-linux/gcc-arm-none-eabi-10.3-2021.10/bin/../lib/gcc/arm-none-eabi/10.3.1/../../../../arm-none-eabi/lib/thumb/v7-m/nofp/libg_nano.a(lib_a-sprintf.o)
 .ARM.attributes
                0x00000000000002fd       0x2d /home/aandrelouis/gcc-arm-none-eabi-10.3-2021.10-x86_64-linux/gcc-arm-none-eabi-10.3-2021.10/bin/../lib/gcc/arm-none-eabi/10.3.1/../../../../arm-none-eabi/lib/thumb/v7-m/nofp/libg_nano.a(lib_a-impure.o)
 .ARM.attributes
                0x000000000000032a       0x2d /home/aandrelouis/gcc-arm-none-eabi-10.3-2021.10-x86_64-linux/gcc-arm-none-eabi-10.3-2021.10/bin/../lib/gcc/arm-none-eabi/10.3.1/../../../../arm-none-eabi/lib/thumb/v7-m/nofp/libg_nano.a(lib_a-nano-freer.o)
 .ARM.attributes
                0x0000000000000357       0x2d /home/aandrelouis/gcc-arm-none-eabi-10.3-2021.10-x86_64-linux/gcc-arm-none-eabi-10.3-2021.10/bin/../lib/gcc/arm-none-eabi/10.3.1/../../../../arm-none-eabi/lib/thumb/v7-m/nofp/libg_nano.a(lib_a-nano-mallocr.o)
 .ARM.attributes
                0x0000000000000384       0x2d /home/aandrelouis/gcc-arm-none-eabi-10.3-2021.10-x86_64-linux/gcc-arm-none-eabi-10.3-2021.10/bin/../lib/gcc/arm-none-eabi/10.3.1/../../../../arm-none-eabi/lib/thumb/v7-m/nofp/libg_nano.a(lib_a-nano-svfprintf.o)
 .ARM.attributes
                0x00000000000003b1       0x2d /home/aandrelouis/gcc-arm-none-eabi-10.3-2021.10-x86_64-linux/gcc-arm-none-eabi-10.3-2021.10/bin/../lib/gcc/arm-none-eabi/10.3.1/../../../../arm-none-eabi/lib/thumb/v7-m/nofp/libg_nano.a(lib_a-nano-vfprintf_i.o)
 .ARM.attributes
                0x00000000000003de       0x2d /home/aandrelouis/gcc-arm-none-eabi-10.3-2021.10-x86_64-linux/gcc-arm-none-eabi-10.3-2021.10/bin/../lib/gcc/arm-none-eabi/10.3.1/../../../../arm-none-eabi/lib/thumb/v7-m/nofp/libg_nano.a(lib_a-sbrkr.o)
 .ARM.attributes
                0x000000000000040b       0x2d /home/aandrelouis/gcc-arm-none-eabi-10.3-2021.10-x86_64-linux/gcc-arm-none-eabi-10.3-2021.10/bin/../lib/gcc/arm-none-eabi/10.3.1/../../../../arm-none-eabi/lib/thumb/v7-m/nofp/libg_nano.a(lib_a-memchr-stub.o)
 .ARM.attributes
                0x0000000000000438       0x2d /home/aandrelouis/gcc-arm-none-eabi-10.3-2021.10-x86_64-linux/gcc-arm-none-eabi-10.3-2021.10/bin/../lib/gcc/arm-none-eabi/10.3.1/../../../../arm-none-eabi/lib/thumb/v7-m/nofp/libg_nano.a(lib_a-memcpy-stub.o)
 .ARM.attributes
                0x0000000000000465       0x2d /home/aandrelouis/gcc-arm-none-eabi-10.3-2021.10-x86_64-linux/gcc-arm-none-eabi-10.3-2021.10/bin/../lib/gcc/arm-none-eabi/10.3.1/../../../../arm-none-eabi/lib/thumb/v7-m/nofp/libg_nano.a(lib_a-memmove.o)
 .ARM.attributes
                0x0000000000000492       0x2d /home/aandrelouis/gcc-arm-none-eabi-10.3-2021.10-x86_64-linux/gcc-arm-none-eabi-10.3-2021.10/bin/../lib/gcc/arm-none-eabi/10.3.1/../../../../arm-none-eabi/lib/thumb/v7-m/nofp/libg_nano.a(lib_a-mlock.o)
 .ARM.attributes
                0x00000000000004bf       0x2d /home/aandrelouis/gcc-arm-none-eabi-10.3-2021.10-x86_64-linux/gcc-arm-none-eabi-10.3-2021.10/bin/../lib/gcc/arm-none-eabi/10.3.1/../../../../arm-none-eabi/lib/thumb/v7-m/nofp/libg_nano.a(lib_a-nano-reallocr.o)
 .ARM.attributes
                0x00000000000004ec       0x2d /home/aandrelouis/gcc-arm-none-eabi-10.3-2021.10-x86_64-linux/gcc-arm-none-eabi-10.3-2021.10/bin/../lib/gcc/arm-none-eabi/10.3.1/../../../../arm-none-eabi/lib/thumb/v7-m/nofp/libg_nano.a(lib_a-lock.o)
 .ARM.attributes
                0x0000000000000519       0x2d /home/aandrelouis/gcc-arm-none-eabi-10.3-2021.10-x86_64-linux/gcc-arm-none-eabi-10.3-2021.10/bin/../lib/gcc/arm-none-eabi/10.3.1/../../../../arm-none-eabi/lib/thumb/v7-m/nofp/libg_nano.a(lib_a-nano-msizer.o)

.debug_frame    0x0000000000000000     0x18f8
 .debug_frame   0x0000000000000000      0x3f8 gcc/syscalls.o
 .debug_frame   0x00000000000003f8      0x174 gcc/pwm.o
 .debug_frame   0x000000000000056c       0xd8 gcc/buffer.o
 .debug_frame   0x0000000000000644      0x180 gcc/system_efm32gg.o
 .debug_frame   0x00000000000007c4       0xc4 gcc/main.o
 .debug_frame   0x0000000000000888       0xd4 gcc/led.o
 .debug_frame   0x000000000000095c      0x20c gcc/clock_efm32gg2.o
 .debug_frame   0x0000000000000b68      0x2d8 gcc/lcd.o
 .debug_frame   0x0000000000000e40      0x3bc gcc/uart2.o
 .debug_frame   0x00000000000011fc       0x78 gcc/startup_efm32gg.o
 .debug_frame   0x0000000000001274      0x118 gcc/adc.o
 .debug_frame   0x000000000000138c       0x28 /home/aandrelouis/gcc-arm-none-eabi-10.3-2021.10-x86_64-linux/gcc-arm-none-eabi-10.3-2021.10/bin/../lib/gcc/arm-none-eabi/10.3.1/../../../../arm-none-eabi/lib/thumb/v7-m/nofp/libg_nano.a(lib_a-abort.o)
 .debug_frame   0x00000000000013b4       0x20 /home/aandrelouis/gcc-arm-none-eabi-10.3-2021.10-x86_64-linux/gcc-arm-none-eabi-10.3-2021.10/bin/../lib/gcc/arm-none-eabi/10.3.1/../../../../arm-none-eabi/lib/thumb/v7-m/nofp/libg_nano.a(lib_a-memset.o)
 .debug_frame   0x00000000000013d4       0x5c /home/aandrelouis/gcc-arm-none-eabi-10.3-2021.10-x86_64-linux/gcc-arm-none-eabi-10.3-2021.10/bin/../lib/gcc/arm-none-eabi/10.3.1/../../../../arm-none-eabi/lib/thumb/v7-m/nofp/libg_nano.a(lib_a-reent.o)
 .debug_frame   0x0000000000001430       0xcc /home/aandrelouis/gcc-arm-none-eabi-10.3-2021.10-x86_64-linux/gcc-arm-none-eabi-10.3-2021.10/bin/../lib/gcc/arm-none-eabi/10.3.1/../../../../arm-none-eabi/lib/thumb/v7-m/nofp/libg_nano.a(lib_a-signal.o)
 .debug_frame   0x00000000000014fc       0x3c /home/aandrelouis/gcc-arm-none-eabi-10.3-2021.10-x86_64-linux/gcc-arm-none-eabi-10.3-2021.10/bin/../lib/gcc/arm-none-eabi/10.3.1/../../../../arm-none-eabi/lib/thumb/v7-m/nofp/libg_nano.a(lib_a-signalr.o)
 .debug_frame   0x0000000000001538       0x6c /home/aandrelouis/gcc-arm-none-eabi-10.3-2021.10-x86_64-linux/gcc-arm-none-eabi-10.3-2021.10/bin/../lib/gcc/arm-none-eabi/10.3.1/../../../../arm-none-eabi/lib/thumb/v7-m/nofp/libg_nano.a(lib_a-sprintf.o)
 .debug_frame   0x00000000000015a4       0x38 /home/aandrelouis/gcc-arm-none-eabi-10.3-2021.10-x86_64-linux/gcc-arm-none-eabi-10.3-2021.10/bin/../lib/gcc/arm-none-eabi/10.3.1/../../../../arm-none-eabi/lib/thumb/v7-m/nofp/libg_nano.a(lib_a-nano-freer.o)
 .debug_frame   0x00000000000015dc       0x4c /home/aandrelouis/gcc-arm-none-eabi-10.3-2021.10-x86_64-linux/gcc-arm-none-eabi-10.3-2021.10/bin/../lib/gcc/arm-none-eabi/10.3.1/../../../../arm-none-eabi/lib/thumb/v7-m/nofp/libg_nano.a(lib_a-nano-mallocr.o)
 .debug_frame   0x0000000000001628       0x90 /home/aandrelouis/gcc-arm-none-eabi-10.3-2021.10-x86_64-linux/gcc-arm-none-eabi-10.3-2021.10/bin/../lib/gcc/arm-none-eabi/10.3.1/../../../../arm-none-eabi/lib/thumb/v7-m/nofp/libg_nano.a(lib_a-nano-svfprintf.o)
 .debug_frame   0x00000000000016b8       0x60 /home/aandrelouis/gcc-arm-none-eabi-10.3-2021.10-x86_64-linux/gcc-arm-none-eabi-10.3-2021.10/bin/../lib/gcc/arm-none-eabi/10.3.1/../../../../arm-none-eabi/lib/thumb/v7-m/nofp/libg_nano.a(lib_a-nano-vfprintf_i.o)
 .debug_frame   0x0000000000001718       0x2c /home/aandrelouis/gcc-arm-none-eabi-10.3-2021.10-x86_64-linux/gcc-arm-none-eabi-10.3-2021.10/bin/../lib/gcc/arm-none-eabi/10.3.1/../../../../arm-none-eabi/lib/thumb/v7-m/nofp/libg_nano.a(lib_a-sbrkr.o)
 .debug_frame   0x0000000000001744       0x28 /home/aandrelouis/gcc-arm-none-eabi-10.3-2021.10-x86_64-linux/gcc-arm-none-eabi-10.3-2021.10/bin/../lib/gcc/arm-none-eabi/10.3.1/../../../../arm-none-eabi/lib/thumb/v7-m/nofp/libg_nano.a(lib_a-memchr-stub.o)
 .debug_frame   0x000000000000176c       0x28 /home/aandrelouis/gcc-arm-none-eabi-10.3-2021.10-x86_64-linux/gcc-arm-none-eabi-10.3-2021.10/bin/../lib/gcc/arm-none-eabi/10.3.1/../../../../arm-none-eabi/lib/thumb/v7-m/nofp/libg_nano.a(lib_a-memcpy-stub.o)
 .debug_frame   0x0000000000001794       0x28 /home/aandrelouis/gcc-arm-none-eabi-10.3-2021.10-x86_64-linux/gcc-arm-none-eabi-10.3-2021.10/bin/../lib/gcc/arm-none-eabi/10.3.1/../../../../arm-none-eabi/lib/thumb/v7-m/nofp/libg_nano.a(lib_a-memmove.o)
 .debug_frame   0x00000000000017bc       0x30 /home/aandrelouis/gcc-arm-none-eabi-10.3-2021.10-x86_64-linux/gcc-arm-none-eabi-10.3-2021.10/bin/../lib/gcc/arm-none-eabi/10.3.1/../../../../arm-none-eabi/lib/thumb/v7-m/nofp/libg_nano.a(lib_a-mlock.o)
 .debug_frame   0x00000000000017ec       0x3c /home/aandrelouis/gcc-arm-none-eabi-10.3-2021.10-x86_64-linux/gcc-arm-none-eabi-10.3-2021.10/bin/../lib/gcc/arm-none-eabi/10.3.1/../../../../arm-none-eabi/lib/thumb/v7-m/nofp/libg_nano.a(lib_a-nano-reallocr.o)
 .debug_frame   0x0000000000001828       0xb0 /home/aandrelouis/gcc-arm-none-eabi-10.3-2021.10-x86_64-linux/gcc-arm-none-eabi-10.3-2021.10/bin/../lib/gcc/arm-none-eabi/10.3.1/../../../../arm-none-eabi/lib/thumb/v7-m/nofp/libg_nano.a(lib_a-lock.o)
 .debug_frame   0x00000000000018d8       0x20 /home/aandrelouis/gcc-arm-none-eabi-10.3-2021.10-x86_64-linux/gcc-arm-none-eabi-10.3-2021.10/bin/../lib/gcc/arm-none-eabi/10.3.1/../../../../arm-none-eabi/lib/thumb/v7-m/nofp/libg_nano.a(lib_a-nano-msizer.o)
